Component: ARM Compiler 5.06 update 7 (build 960) Tool: armlink [4d3601]

==============================================================================

Section Cross References

    startup_stm32h750xx.o(STACK) refers (Special) to heapauxi.o(.text) for __use_two_region_memory
    startup_stm32h750xx.o(HEAP) refers (Special) to heapauxi.o(.text) for __use_two_region_memory
    startup_stm32h750xx.o(RESET) refers (Special) to heapauxi.o(.text) for __use_two_region_memory
    startup_stm32h750xx.o(RESET) refers to startup_stm32h750xx.o(STACK) for __initial_sp
    startup_stm32h750xx.o(RESET) refers to startup_stm32h750xx.o(.text) for Reset_Handler
    startup_stm32h750xx.o(RESET) refers to stm32h7xx_it.o(i.NMI_Handler) for NMI_Handler
    startup_stm32h750xx.o(RESET) refers to stm32h7xx_it.o(i.HardFault_Handler) for HardFault_Handler
    startup_stm32h750xx.o(RESET) refers to stm32h7xx_it.o(i.MemManage_Handler) for MemManage_Handler
    startup_stm32h750xx.o(RESET) refers to stm32h7xx_it.o(i.BusFault_Handler) for BusFault_Handler
    startup_stm32h750xx.o(RESET) refers to stm32h7xx_it.o(i.UsageFault_Handler) for UsageFault_Handler
    startup_stm32h750xx.o(RESET) refers to port.o(.emb_text) for SVC_Handler
    startup_stm32h750xx.o(RESET) refers to stm32h7xx_it.o(i.DebugMon_Handler) for DebugMon_Handler
    startup_stm32h750xx.o(RESET) refers to cmsis_os2.o(i.SysTick_Handler) for SysTick_Handler
    startup_stm32h750xx.o(RESET) refers to stm32h7xx_it.o(i.EXTI4_IRQHandler) for EXTI4_IRQHandler
    startup_stm32h750xx.o(RESET) refers to stm32h7xx_it.o(i.DMA1_Stream0_IRQHandler) for DMA1_Stream0_IRQHandler
    startup_stm32h750xx.o(RESET) refers to stm32h7xx_it.o(i.DMA1_Stream1_IRQHandler) for DMA1_Stream1_IRQHandler
    startup_stm32h750xx.o(RESET) refers to stm32h7xx_it.o(i.DMA1_Stream2_IRQHandler) for DMA1_Stream2_IRQHandler
    startup_stm32h750xx.o(RESET) refers to stm32h7xx_it.o(i.DMA1_Stream3_IRQHandler) for DMA1_Stream3_IRQHandler
    startup_stm32h750xx.o(RESET) refers to stm32h7xx_it.o(i.ADC_IRQHandler) for ADC_IRQHandler
    startup_stm32h750xx.o(RESET) refers to stm32h7xx_it.o(i.EXTI9_5_IRQHandler) for EXTI9_5_IRQHandler
    startup_stm32h750xx.o(RESET) refers to stm32h7xx_it.o(i.TIM3_IRQHandler) for TIM3_IRQHandler
    startup_stm32h750xx.o(RESET) refers to stm32h7xx_it.o(i.UART4_IRQHandler) for UART4_IRQHandler
    startup_stm32h750xx.o(RESET) refers to stm32h7xx_it.o(i.TIM6_DAC_IRQHandler) for TIM6_DAC_IRQHandler
    startup_stm32h750xx.o(RESET) refers to stm32h7xx_it.o(i.TIM7_IRQHandler) for TIM7_IRQHandler
    startup_stm32h750xx.o(.text) refers (Special) to heapauxi.o(.text) for __use_two_region_memory
    startup_stm32h750xx.o(.text) refers to system_stm32h7xx.o(i.ExitRun0Mode) for ExitRun0Mode
    startup_stm32h750xx.o(.text) refers to system_stm32h7xx.o(i.SystemInit) for SystemInit
    startup_stm32h750xx.o(.text) refers to __main.o(!!!main) for __main
    startup_stm32h750xx.o(.text) refers to startup_stm32h750xx.o(HEAP) for Heap_Mem
    startup_stm32h750xx.o(.text) refers to startup_stm32h750xx.o(STACK) for Stack_Mem
    encoder.o(i.Encoder_AlignElectricZero) refers to encoder.o(i.Encoder_GetAngle_Elec_Deg) for Encoder_GetAngle_Elec_Deg
    encoder.o(i.Encoder_GetAngle_Elec_Deg) refers to encoder.o(i.Encoder_GetAngle_Mech_Deg) for Encoder_GetAngle_Mech_Deg
    encoder.o(i.Encoder_GetAngle_Elec_Rad) refers to encoder.o(i.Encoder_GetAngle_Elec_Deg) for Encoder_GetAngle_Elec_Deg
    encoder.o(i.Encoder_GetAngle_Mech_Rad) refers to encoder.o(i.Encoder_GetAngle_Mech_Deg) for Encoder_GetAngle_Mech_Deg
    encoder.o(i.Encoder_GetTotalCount) refers to encoder.o(i.Encoder_GetCount) for Encoder_GetCount
    encoder.o(i.Encoder_Start) refers to stm32h7xx_hal_tim.o(i.HAL_TIM_Encoder_Start) for HAL_TIM_Encoder_Start
    encoder.o(i.Encoder_Stop) refers to stm32h7xx_hal_tim.o(i.HAL_TIM_Encoder_Stop) for HAL_TIM_Encoder_Stop
    encoder.o(i.Encoder_UpdateSpeed) refers to encoder.o(i.Encoder_GetCount) for Encoder_GetCount
    encoder.o(i.Encoder_UpdateTotalCount) refers to encoder.o(i.Encoder_GetCount) for Encoder_GetCount
    foc.o(i.FOC_CalCurrentLoop) refers to foc.o(i.PID_Cal) for PID_Cal
    foc.o(i.FOC_CalCurrentLoop) refers to sqrtf.o(i.__hardfp_sqrtf) for __hardfp_sqrtf
    foc.o(i.FOC_CalVelocityLoop) refers to foc.o(i.PID_Cal) for PID_Cal
    foc.o(i.FOC_Disable) refers to foc.o(i.PID_Reset) for PID_Reset
    foc.o(i.FOC_EmergencyStop) refers to foc.o(i.FOC_Disable) for FOC_Disable
    foc.o(i.FOC_Init) refers to rt_memclr_w.o(.text) for __aeabi_memclr4
    foc.o(i.FOC_Init) refers to foc.o(i.PID_Init) for PID_Init
    foc.o(i.FOC_SetCurrent) refers to foc.o(i._constrainFloat) for _constrainFloat
    foc.o(i.FOC_SetVelocity) refers to foc.o(i._constrainFloat) for _constrainFloat
    foc.o(i.FOC_UpdateCurrents) refers to arm_sin_cos_f32.o(.text.arm_sin_cos_f32) for arm_sin_cos_f32
    foc.o(i.Inverse_Park_Transform) refers to arm_sin_cos_f32.o(.text.arm_sin_cos_f32) for arm_sin_cos_f32
[...]
    LPTIM3_IRQHandler                        0x08000417   Thumb Code     0  startup_stm32h750xx.o(.text)
    LPTIM4_IRQHandler                        0x08000417   Thumb Code     0  startup_stm32h750xx.o(.text)
    LPTIM5_IRQHandler                        0x08000417   Thumb Code     0  startup_stm32h750xx.o(.text)
    LPUART1_IRQHandler                       0x08000417   Thumb Code     0  startup_stm32h750xx.o(.text)
    LTDC_ER_IRQHandler                       0x08000417   Thumb Code     0  startup_stm32h750xx.o(.text)
    LTDC_IRQHandler                          0x08000417   Thumb Code     0  startup_stm32h750xx.o(.text)
    MDIOS_IRQHandler                         0x08000417   Thumb Code     0  startup_stm32h750xx.o(.text)
    MDIOS_WKUP_IRQHandler                    0x08000417   Thumb Code     0  startup_stm32h750xx.o(.text)
    MDMA_IRQHandler                          0x08000417   Thumb Code     0  startup_stm32h750xx.o(.text)
    OTG_FS_EP1_IN_IRQHandler                 0x08000417   Thumb Code     0  startup_stm32h750xx.o(.text)
    OTG_FS_EP1_OUT_IRQHandler                0x08000417   Thumb Code     0  startup_stm32h750xx.o(.text)
    OTG_FS_IRQHandler                        0x08000417   Thumb Code     0  startup_stm32h750xx.o(.text)
    OTG_FS_WKUP_IRQHandler                   0x08000417   Thumb Code     0  startup_stm32h750xx.o(.text)
    OTG_HS_EP1_IN_IRQHandler                 0x08000417   Thumb Code     0  startup_stm32h750xx.o(.text)
    OTG_HS_EP1_OUT_IRQHandler                0x08000417   Thumb Code     0  startup_stm32h750xx.o(.text)
    OTG_HS_IRQHandler                        0x08000417   Thumb Code     0  startup_stm32h750xx.o(.text)
    OTG_HS_WKUP_IRQHandler                   0x08000417   Thumb Code     0  startup_stm32h750xx.o(.text)
    PVD_AVD_IRQHandler                       0x08000417   Thumb Code     0  startup_stm32h750xx.o(.text)
    QUADSPI_IRQHandler                       0x08000417   Thumb Code     0  startup_stm32h750xx.o(.text)
    RCC_IRQHandler                           0x08000417   Thumb Code     0  startup_stm32h750xx.o(.text)
    RTC_Alarm_IRQHandler                     0x08000417   Thumb Code     0  startup_stm32h750xx.o(.text)
    RTC_WKUP_IRQHandler                      0x08000417   Thumb Code     0  startup_stm32h750xx.o(.text)
    SAI1_IRQHandler                          0x08000417   Thumb Code     0  startup_stm32h750xx.o(.text)
    SAI2_IRQHandler                          0x08000417   Thumb Code     0  startup_stm32h750xx.o(.text)
    SAI3_IRQHandler                          0x08000417   Thumb Code     0  startup_stm32h750xx.o(.text)
    SAI4_IRQHandler                          0x08000417   Thumb Code     0  startup_stm32h750xx.o(.text)
    SDMMC1_IRQHandler                        0x08000417   Thumb Code     0  startup_stm32h750xx.o(.text)
    SDMMC2_IRQHandler                        0x08000417   Thumb Code     0  startup_stm32h750xx.o(.text)
    SPDIF_RX_IRQHandler                      0x08000417   Thumb Code     0  startup_stm32h750xx.o(.text)
    SPI1_IRQHandler                          0x08000417   Thumb Code     0  startup_stm32h750xx.o(.text)
    SPI2_IRQHandler                          0x08000417   Thumb Code     0  startup_stm32h750xx.o(.text)
    SPI3_IRQHandler                          0x08000417   Thumb Code     0  startup_stm32h750xx.o(.text)
    SPI4_IRQHandler                          0x08000417   Thumb Code     0  startup_stm32h750xx.o(.text)
    SPI5_IRQHandler                          0x08000417   Thumb Code     0  startup_stm32h750xx.o(.text)
    SPI6_IRQHandler                          0x08000417   Thumb Code     0  startup_stm32h750xx.o(.text)
    SWPMI1_IRQHandler                        0x08000417   Thumb Code     0  startup_stm32h750xx.o(.text)
    TAMP_STAMP_IRQHandler                    0x08000417   Thumb Code     0  startup_stm32h750xx.o(.text)
    TIM15_IRQHandler                         0x08000417   Thumb Code     0  startup_stm32h750xx.o(.text)
    TIM16_IRQHandler                         0x08000417   Thumb Code     0  startup_stm32h750xx.o(.text)
    TIM17_IRQHandler                         0x08000417   Thumb Code     0  startup_stm32h750xx.o(.text)
    TIM1_BRK_IRQHandler                      0x08000417   Thumb Code     0  startup_stm32h750xx.o(.text)
    TIM1_CC_IRQHandler                       0x08000417   Thumb Code     0  startup_stm32h750xx.o(.text)
    TIM1_TRG_COM_IRQHandler                  0x08000417   Thumb Code     0  startup_stm32h750xx.o(.text)
    TIM1_UP_IRQHandler                       0x08000417   Thumb Code     0  startup_stm32h750xx.o(.text)
    TIM2_IRQHandler                          0x08000417   Thumb Code     0  startup_stm32h750xx.o(.text)
    TIM4_IRQHandler                          0x08000417   Thumb Code     0  startup_stm32h750xx.o(.text)
    TIM5_IRQHandler                          0x08000417   Thumb Code     0  startup_stm32h750xx.o(.text)
    TIM8_BRK_TIM12_IRQHandler                0x08000417   Thumb Code     0  startup_stm32h750xx.o(.text)
    TIM8_CC_IRQHandler                       0x08000417   Thumb Code     0  startup_stm32h750xx.o(.text)
    TIM8_TRG_COM_TIM14_IRQHandler            0x08000417   Thumb Code     0  startup_stm32h750xx.o(.text)
    TIM8_UP_TIM13_IRQHandler                 0x08000417   Thumb Code     0  startup_stm32h750xx.o(.text)
    UART5_IRQHandler                         0x08000417   Thumb Code     0  startup_stm32h750xx.o(.text)
    UART7_IRQHandler                         0x08000417   Thumb Code     0  startup_stm32h750xx.o(.text)
    UART8_IRQHandler                         0x08000417   Thumb Code     0  startup_stm32h750xx.o(.text)
    USART1_IRQHandler                        0x08000417   Thumb Code     0  startup_stm32h750xx.o(.text)
    USART2_IRQHandler                        0x08000417   Thumb Code     0  startup_stm32h750xx.o(.text)
    USART3_IRQHandler                        0x08000417   Thumb Code     0  startup_stm32h750xx.o(.text)
    USART6_IRQHandler                        0x08000417   Thumb Code     0  startup_stm32h750xx.o(.text)
    WAKEUP_PIN_IRQHandler                    0x08000417   Thumb Code     0  startup_stm32h750xx.o(.text)
    WWDG_IRQHandler                          0x08000417   Thumb Code     0  startup_stm32h750xx.o(.text)
    __user_initial_stackheap                 0x08000419   Thumb Code     0  startup_stm32h750xx.o(.text)
    __aeabi_uldivmod                         0x08000441   Thumb Code     0  lludivv7m.o(.text)
    _ll_udiv                                 0x08000441   Thumb Code   238  lludivv7m.o(.text)
    __aeabi_memcpy                           0x0800052f   Thumb Code     0  rt_memcpy_v6.o(.text)
    __rt_memcpy                              0x0800052f   Thumb Code   138  rt_memcpy_v6.o(.text)
    _memcpy_lastbytes                        0x08000595   Thumb Code     0  rt_memcpy_v6.o(.text)
    __aeabi_memcpy4                          0x080005b9   Thumb Code     0  rt_memcpy_w.o(.text)
    __aeabi_memcpy8                          0x080005b9   Thumb Code     0  rt_memcpy_w.o(.text)
    __rt_memcpy_w                            0x080005b9   Thumb Code   100  rt_memcpy_w.o(.text)
    _memcpy_lastbytes_aligned                0x08000601   Thumb Code     0  rt_memcpy_w.o(.text)
    __aeabi_memset                           0x0800061d   Thumb Code    16  aeabi_memset.o(.text)
    __aeabi_memclr4                          0x0800062d   Thumb Code     0  rt_memclr_w.o(.text)
    __aeabi_memclr8                          0x0800062d   Thumb Code     0  rt_memclr_w.o(.text)
    __rt_memclr_w                            0x0800062d   Thumb Code    78  rt_memclr_w.o(.text)
    _memset_w                                0x08000631   Thumb Code     0  rt_memclr_w.o(.text)
    __use_two_region_memory                  0x0800067b   Thumb Code     2  heapauxi.o(.text)
    __rt_heap_escrow$2region                 0x0800067d   Thumb Code     2  heapauxi.o(.text)
    __rt_heap_expand$2region                 0x0800067f   Thumb Code     2  heapauxi.o(.text)
    __read_errno                             0x08000681   Thumb Code    10  _rserrno.o(.text)
    __set_errno                              0x0800068b   Thumb Code    12  _rserrno.o(.text)
    __aeabi_memclr                           0x08000697   Thumb Code     0  rt_memclr.o(.text)
    __rt_memclr                              0x08000697   Thumb Code    68  rt_memclr.o(.text)
    _memset                                  0x0800069b   Thumb Code     0  rt_memclr.o(.text)
    __aeabi_errno_addr                       0x080006dd   Thumb Code     8  rt_errno_addr_intlibspace.o(.text)
    __errno$intlibspace                      0x080006dd   Thumb Code     0  rt_errno_addr_intlibspace.o(.text)
    __rt_errno_addr$intlibspace              0x080006dd   Thumb Code     0  rt_errno_addr_intlibspace.o(.text)
    __user_libspace                          0x080006e5   Thumb Code     8  libspace.o(.text)
    __user_perproc_libspace                  0x080006e5   Thumb Code     0  libspace.o(.text)
    __user_perthread_libspace                0x080006e5   Thumb Code     0  libspace.o(.text)
    __user_setup_stackheap                   0x080006ed   Thumb Code    74  sys_stackheap_outer.o(.text)
    exit                                     0x08000737   Thumb Code    18  exit.o(.text)
    _sys_exit                                0x08000749   Thumb Code     8  sys_exit.o(.text)
    __I$use$semihosting                      0x08000755   Thumb Code     0  use_no_semi.o(.text)
    __use_no_semihosting_swi                 0x08000755   Thumb Code     2  use_no_semi.o(.text)
    __semihosting_library_function           0x08000757   Thumb Code     0  indicate_semi.o(.text)
    arm_sin_cos_f32                          0x08000759   Thumb Code   244  arm_sin_cos_f32.o(.text.arm_sin_cos_f32)
    ADC_ConfigureBoostMode                   0x0800084d   Thumb Code   236  stm32h7xx_hal_adc.o(i.ADC_ConfigureBoostMode)
    ADC_ConversionStop                       0x08000955   Thumb Code   220  stm32h7xx_hal_adc.o(i.ADC_ConversionStop)
    ADC_DMAConvCplt                          0x08000a39   Thumb Code   104  stm32h7xx_hal_adc.o(i.ADC_DMAConvCplt)
    ADC_DMAError                             0x08000aa1   Thumb Code    26  stm32h7xx_hal_adc.o(i.ADC_DMAError)
    ADC_DMAHalfConvCplt                      0x08000abb   Thumb Code    10  stm32h7xx_hal_adc.o(i.ADC_DMAHalfConvCplt)
    ADC_Disable                              0x08000ac5   Thumb Code   106  stm32h7xx_hal_adc.o(i.ADC_Disable)
    ADC_Enable                               0x08000b35   Thumb Code   148  stm32h7xx_hal_adc.o(i.ADC_Enable)
    ADC_IRQHandler                           0x08000bdd   Thumb Code    18  stm32h7xx_it.o(i.ADC_IRQHandler)
    BusFault_Handler                         0x08000bf9   Thumb Code     2  stm32h7xx_it.o(i.BusFault_Handler)
    CurrentSense_ADCToCurrent                0x08000bfd   Thumb Code    54  current_sense.o(i.CurrentSense_ADCToCurrent)
    CurrentSense_Calibrate                   0x08000c41   Thumb Code    94  current_sense.o(i.CurrentSense_Calibrate)
    CurrentSense_DMA_CpltCallback            0x08000c9f   Thumb Code    18  current_sense.o(i.CurrentSense_DMA_CpltCallback)
    CurrentSense_DMA_HalfCpltCallback        0x08000cb1   Thumb Code    18  current_sense.o(i.CurrentSense_DMA_HalfCpltCallback)
    CurrentSense_GetCurrents                 0x08000cc3   Thumb Code    34  current_sense.o(i.CurrentSense_GetCurrents)
    CurrentSense_Init                        0x08000ce5   Thumb Code    58  current_sense.o(i.CurrentSense_Init)
    CurrentSense_Update                      0x08000d25   Thumb Code   130  current_sense.o(i.CurrentSense_Update)
    DMA1_Stream0_IRQHandler                  0x08000db1   Thumb Code     6  stm32h7xx_it.o(i.DMA1_Stream0_IRQHandler)
    DMA1_Stream1_IRQHandler                  0x08000dbd   Thumb Code     6  stm32h7xx_it.o(i.DMA1_Stream1_IRQHandler)
    DMA1_Stream2_IRQHandler                  0x08000dc9   Thumb Code     6  stm32h7xx_it.o(i.DMA1_Stream2_IRQHandler)
    DMA1_Stream3_IRQHandler                  0x08000dd5   Thumb Code    42  stm32h7xx_it.o(i.DMA1_Stream3_IRQHandler)
    DebugMon_Handler                         0x08001245   Thumb Code     2  stm32h7xx_it.o(i.DebugMon_Handler)
    EXTI4_IRQHandler                         0x08001247   Thumb Code     6  stm32h7xx_it.o(i.EXTI4_IRQHandler)
    EXTI9_5_IRQHandler                       0x0800124d   Thumb Code     6  stm32h7xx_it.o(i.EXTI9_5_IRQHandler)
    Encoder_AlignElectricZero                0x08001255   Thumb Code    64  encoder.o(i.Encoder_AlignElectricZero)
    Encoder_GetAngle_Elec_Deg                0x080012a1   Thumb Code    60  encoder.o(i.Encoder_GetAngle_Elec_Deg)
    Encoder_GetAngle_Elec_Rad                0x080012e5   Thumb Code    64  encoder.o(i.Encoder_GetAngle_Elec_Rad)
    Encoder_GetAngle_Mech_Deg                0x08001331   Thumb Code    60  encoder.o(i.Encoder_GetAngle_Mech_Deg)
    Encoder_GetCount                         0x08001379   Thumb Code    10  encoder.o(i.Encoder_GetCount)
    Encoder_GetSpeed_RPS                     0x08001383   Thumb Code     6  encoder.o(i.Encoder_GetSpeed_RPS)
    Encoder_Init                             0x08001389   Thumb Code    32  encoder.o(i.Encoder_Init)
    Encoder_Start                            0x080013ad   Thumb Code    24  encoder.o(i.Encoder_Start)
    Encoder_UpdateSpeed                      0x080013c5   Thumb Code    72  encoder.o(i.Encoder_UpdateSpeed)
    Encoder_ZPulse_Callback                  0x08001415   Thumb Code     8  encoder.o(i.Encoder_ZPulse_Callback)
    Error_Handler                            0x0800141d   Thumb Code     4  main.o(i.Error_Handler)
    ExitRun0Mode                             0x08001421   Thumb Code    22  system_stm32h7xx.o(i.ExitRun0Mode)
    FOC_CalCurrentLoop                       0x0800143d   Thumb Code    96  foc.o(i.FOC_CalCurrentLoop)
    FOC_Enable                               0x080014a1   Thumb Code     8  foc.o(i.FOC_Enable)
    FOC_Init                                 0x080014a9   Thumb Code   150  foc.o(i.FOC_Init)
    FOC_UpdateCurrents                       0x08001555   Thumb Code   102  foc.o(i.FOC_UpdateCurrents)
    Forcejiaozhun                            0x080015c9   Thumb Code   182  main.o(i.Forcejiaozhun)
    HAL_ADCEx_DisableInjectedQueue           0x08001691   Thumb Code    44  stm32h7xx_hal_adc_ex.o(i.HAL_ADCEx_DisableInjectedQueue)
    HAL_ADCEx_EndOfSamplingCallback          0x080016c1   Thumb Code     2  stm32h7xx_hal_adc_ex.o(i.HAL_ADCEx_EndOfSamplingCallback)
    HAL_ADCEx_InjectedConfigChannel          0x080016c5   Thumb Code  1426  stm32h7xx_hal_adc_ex.o(i.HAL_ADCEx_InjectedConfigChannel)
    HAL_ADCEx_InjectedConvCpltCallback       0x08001c91   Thumb Code     2  stm32h7xx_hal_adc_ex.o(i.HAL_ADCEx_InjectedConvCpltCallback)
    HAL_ADCEx_InjectedQueueOverflowCallback  0x08001c93   Thumb Code     2  stm32h7xx_hal_adc_ex.o(i.HAL_ADCEx_InjectedQueueOverflowCallback)
    HAL_ADCEx_LevelOutOfWindow2Callback      0x08001c95   Thumb Code     2  stm32h7xx_hal_adc_ex.o(i.HAL_ADCEx_LevelOutOfWindow2Callback)
    HAL_ADCEx_LevelOutOfWindow3Callback      0x08001c97   Thumb Code     2  stm32h7xx_hal_adc_ex.o(i.HAL_ADCEx_LevelOutOfWindow3Callback)
    HAL_ADCEx_MultiModeConfigChannel         0x08001c99   Thumb Code   274  stm32h7xx_hal_adc_ex.o(i.HAL_ADCEx_MultiModeConfigChannel)
    HAL_ADC_ConfigChannel                    0x08001dc1   Thumb Code   946  stm32h7xx_hal_adc.o(i.HAL_ADC_ConfigChannel)
    HAL_ADC_ConvCpltCallback                 0x080021e1   Thumb Code   236  stm32h7xx_it.o(i.HAL_ADC_ConvCpltCallback)
    HAL_ADC_ConvHalfCpltCallback             0x080022ed   Thumb Code     6  stm32h7xx_it.o(i.HAL_ADC_ConvHalfCpltCallback)
    HAL_ADC_ErrorCallback                    0x080022f9   Thumb Code     2  stm32h7xx_hal_adc.o(i.HAL_ADC_ErrorCallback)
    HAL_ADC_IRQHandler                       0x080022fd   Thumb Code   640  stm32h7xx_hal_adc.o(i.HAL_ADC_IRQHandler)
    HAL_ADC_Init                             0x0800258d   Thumb Code   498  stm32h7xx_hal_adc.o(i.HAL_ADC_Init)
    HAL_ADC_LevelOutOfWindowCallback         0x080027b5   Thumb Code     2  stm32h7xx_hal_adc.o(i.HAL_ADC_LevelOutOfWindowCallback)
    HAL_ADC_MspInit                          0x080027b9   Thumb Code   338  adc.o(i.HAL_ADC_MspInit)
    HAL_ADC_Start_DMA                        0x0800292d   Thumb Code   230  stm32h7xx_hal_adc.o(i.HAL_ADC_Start_DMA)
    HAL_ADC_Stop_DMA                         0x08002a35   Thumb Code   122  stm32h7xx_hal_adc.o(i.HAL_ADC_Stop_DMA)
    HAL_DMA_Abort                            0x08002ab1   Thumb Code   836  stm32h7xx_hal_dma.o(i.HAL_DMA_Abort)
    HAL_DMA_Abort_IT                         0x08002e11   Thumb Code   602  stm32h7xx_hal_dma.o(i.HAL_DMA_Abort_IT)
    HAL_DMA_IRQHandler                       0x08003095   Thumb Code  1756  stm32h7xx_hal_dma.o(i.HAL_DMA_IRQHandler)
    HAL_DMA_Init                             0x0800377d   Thumb Code   926  stm32h7xx_hal_dma.o(i.HAL_DMA_Init)
    HAL_DMA_Start_IT                         0x08003b41   Thumb Code   628  stm32h7xx_hal_dma.o(i.HAL_DMA_Start_IT)
    HAL_Delay                                0x08003ddd   Thumb Code    32  stm32h7xx_hal.o(i.HAL_Delay)
    HAL_GPIO_EXTI_Callback                   0x08003e01   Thumb Code    12  stm32h7xx_it.o(i.HAL_GPIO_EXTI_Callback)
    HAL_GPIO_EXTI_IRQHandler                 0x08003e11   Thumb Code    24  stm32h7xx_hal_gpio.o(i.HAL_GPIO_EXTI_IRQHandler)
    HAL_GPIO_Init                            0x08003e29   Thumb Code   506  stm32h7xx_hal_gpio.o(i.HAL_GPIO_Init)
    HAL_GPIO_TogglePin                       0x08004055   Thumb Code    16  stm32h7xx_hal_gpio.o(i.HAL_GPIO_TogglePin)
    HAL_GPIO_WritePin                        0x08004065   Thumb Code    10  stm32h7xx_hal_gpio.o(i.HAL_GPIO_WritePin)
    HAL_GetREVID                             0x08004071   Thumb Code     8  stm32h7xx_hal.o(i.HAL_GetREVID)
    HAL_GetTick                              0x0800407d   Thumb Code     6  stm32h7xx_hal.o(i.HAL_GetTick)
    HAL_IncTick                              0x08004089   Thumb Code    12  stm32h7xx_hal.o(i.HAL_IncTick)
    HAL_Init                                 0x08004099   Thumb Code    74  stm32h7xx_hal.o(i.HAL_Init)
    HAL_InitTick                             0x080040f5   Thumb Code   120  stm32h7xx_hal_timebase_tim.o(i.HAL_InitTick)
    HAL_MPU_ConfigRegion                     0x08004181   Thumb Code    86  stm32h7xx_hal_cortex.o(i.HAL_MPU_ConfigRegion)
    HAL_MPU_Disable                          0x080041dd   Thumb Code    24  stm32h7xx_hal_cortex.o(i.HAL_MPU_Disable)
    HAL_MPU_Enable                           0x080041f9   Thumb Code    30  stm32h7xx_hal_cortex.o(i.HAL_MPU_Enable)
    HAL_MspInit                              0x0800421d   Thumb Code    32  stm32h7xx_hal_msp.o(i.HAL_MspInit)
    HAL_NVIC_EnableIRQ                       0x08004241   Thumb Code    26  stm32h7xx_hal_cortex.o(i.HAL_NVIC_EnableIRQ)
    HAL_NVIC_SetPriority                     0x0800425d   Thumb Code    60  stm32h7xx_hal_cortex.o(i.HAL_NVIC_SetPriority)
    HAL_NVIC_SetPriorityGrouping             0x0800429d   Thumb Code    28  stm32h7xx_hal_cortex.o(i.HAL_NVIC_SetPriorityGrouping)
    HAL_PWREx_ConfigSupply                   0x080042c1   Thumb Code    78  stm32h7xx_hal_pwr_ex.o(i.HAL_PWREx_ConfigSupply)
    HAL_RCCEx_GetD3PCLK1Freq                 0x08004315   Thumb Code    26  stm32h7xx_hal_rcc_ex.o(i.HAL_RCCEx_GetD3PCLK1Freq)
    HAL_RCCEx_GetPLL1ClockFreq               0x08004339   Thumb Code   298  stm32h7xx_hal_rcc_ex.o(i.HAL_RCCEx_GetPLL1ClockFreq)
    HAL_RCCEx_GetPLL2ClockFreq               0x08004481   Thumb Code   296  stm32h7xx_hal_rcc_ex.o(i.HAL_RCCEx_GetPLL2ClockFreq)
    HAL_RCCEx_GetPLL3ClockFreq               0x080045c5   Thumb Code   296  stm32h7xx_hal_rcc_ex.o(i.HAL_RCCEx_GetPLL3ClockFreq)
    HAL_RCCEx_GetPeriphCLKFreq               0x08004709   Thumb Code   692  stm32h7xx_hal_rcc_ex.o(i.HAL_RCCEx_GetPeriphCLKFreq)
    HAL_RCCEx_PeriphCLKConfig                0x080049d1   Thumb Code  2472  stm32h7xx_hal_rcc_ex.o(i.HAL_RCCEx_PeriphCLKConfig)
    HAL_RCC_ClockConfig                      0x0800537d   Thumb Code   580  stm32h7xx_hal_rcc.o(i.HAL_RCC_ClockConfig)
    HAL_RCC_GetClockConfig                   0x080055d9   Thumb Code    84  stm32h7xx_hal_rcc.o(i.HAL_RCC_GetClockConfig)
    HAL_RCC_GetHCLKFreq                      0x08005635   Thumb Code    52  stm32h7xx_hal_rcc.o(i.HAL_RCC_GetHCLKFreq)
    HAL_RCC_GetPCLK1Freq                     0x08005679   Thumb Code    26  stm32h7xx_hal_rcc.o(i.HAL_RCC_GetPCLK1Freq)
    HAL_RCC_GetPCLK2Freq                     0x0800569d   Thumb Code    26  stm32h7xx_hal_rcc.o(i.HAL_RCC_GetPCLK2Freq)
    HAL_RCC_GetSysClockFreq                  0x080056c1   Thumb Code   278  stm32h7xx_hal_rcc.o(i.HAL_RCC_GetSysClockFreq)
    HAL_RCC_OscConfig                        0x080057f9   Thumb Code  1410  stm32h7xx_hal_rcc.o(i.HAL_RCC_OscConfig)
    HAL_TIMEx_Break2Callback                 0x08005d7b   Thumb Code     2  stm32h7xx_hal_tim_ex.o(i.HAL_TIMEx_Break2Callback)
    HAL_TIMEx_BreakCallback                  0x08005d7d   Thumb Code     2  stm32h7xx_hal_tim_ex.o(i.HAL_TIMEx_BreakCallback)
    HAL_TIMEx_CommutCallback                 0x08005d7f   Thumb Code     2  stm32h7xx_hal_tim_ex.o(i.HAL_TIMEx_CommutCallback)
    HAL_TIMEx_ConfigBreakDeadTime            0x08005d81   Thumb Code   150  stm32h7xx_hal_tim_ex.o(i.HAL_TIMEx_ConfigBreakDeadTime)
    HAL_TIMEx_MasterConfigSynchronization    0x08005e21   Thumb Code   134  stm32h7xx_hal_tim_ex.o(i.HAL_TIMEx_MasterConfigSynchronization)
    HAL_TIMEx_PWMN_Start                     0x08005ec5   Thumb Code   172  stm32h7xx_hal_tim_ex.o(i.HAL_TIMEx_PWMN_Start)
    HAL_TIM_Base_Init                        0x08005f91   Thumb Code    98  stm32h7xx_hal_tim.o(i.HAL_TIM_Base_Init)
    HAL_TIM_Base_MspInit                     0x08005ff5   Thumb Code    76  tim.o(i.HAL_TIM_Base_MspInit)
    HAL_TIM_Base_Start                       0x0800604d   Thumb Code    96  stm32h7xx_hal_tim.o(i.HAL_TIM_Base_Start)
    HAL_TIM_Base_Start_IT                    0x080060cd   Thumb Code   106  stm32h7xx_hal_tim.o(i.HAL_TIM_Base_Start_IT)
    HAL_TIM_ConfigClockSource                0x08006159   Thumb Code   248  stm32h7xx_hal_tim.o(i.HAL_TIM_ConfigClockSource)
    HAL_TIM_Encoder_Init                     0x08006255   Thumb Code   182  stm32h7xx_hal_tim.o(i.HAL_TIM_Encoder_Init)
    HAL_TIM_Encoder_MspInit                  0x08006311   Thumb Code     2  stm32h7xx_hal_tim.o(i.HAL_TIM_Encoder_MspInit)
    HAL_TIM_Encoder_Start                    0x08006313   Thumb Code   142  stm32h7xx_hal_tim.o(i.HAL_TIM_Encoder_Start)
    HAL_TIM_IC_CaptureCallback               0x080063a1   Thumb Code     2  stm32h7xx_hal_tim.o(i.HAL_TIM_IC_CaptureCallback)
    HAL_TIM_IC_ConfigChannel                 0x080063a3   Thumb Code   290  stm32h7xx_hal_tim.o(i.HAL_TIM_IC_ConfigChannel)
    HAL_TIM_IC_Init                          0x080064c5   Thumb Code    98  stm32h7xx_hal_tim.o(i.HAL_TIM_IC_Init)
    HAL_TIM_IC_MspInit                       0x08006529   Thumb Code   104  tim.o(i.HAL_TIM_IC_MspInit)
    HAL_TIM_IRQHandler                       0x0800659d   Thumb Code   328  stm32h7xx_hal_tim.o(i.HAL_TIM_IRQHandler)
    HAL_TIM_MspPostInit                      0x080066e5   Thumb Code   190  tim.o(i.HAL_TIM_MspPostInit)
    HAL_TIM_OC_DelayElapsedCallback          0x080067c1   Thumb Code     2  stm32h7xx_hal_tim.o(i.HAL_TIM_OC_DelayElapsedCallback)
    HAL_TIM_PWM_ConfigChannel                0x080067c3   Thumb Code   292  stm32h7xx_hal_tim.o(i.HAL_TIM_PWM_ConfigChannel)
    HAL_TIM_PWM_Init                         0x080068e7   Thumb Code    98  stm32h7xx_hal_tim.o(i.HAL_TIM_PWM_Init)
    HAL_TIM_PWM_MspInit                      0x08006949   Thumb Code    52  tim.o(i.HAL_TIM_PWM_MspInit)
    HAL_TIM_PWM_PulseFinishedCallback        0x08006989   Thumb Code     2  stm32h7xx_hal_tim.o(i.HAL_TIM_PWM_PulseFinishedCallback)
    HAL_TIM_PWM_Start                        0x0800698d   Thumb Code   232  stm32h7xx_hal_tim.o(i.HAL_TIM_PWM_Start)
    HAL_TIM_PeriodElapsedCallback            0x08006a9d   Thumb Code   182  main.o(i.HAL_TIM_PeriodElapsedCallback)
    HAL_TIM_TriggerCallback                  0x08006b6d   Thumb Code     2  stm32h7xx_hal_tim.o(i.HAL_TIM_TriggerCallback)
    HAL_UARTEx_DisableFifoMode               0x08006b6f   Thumb Code    64  stm32h7xx_hal_uart_ex.o(i.HAL_UARTEx_DisableFifoMode)
    HAL_UARTEx_RxEventCallback               0x08006baf   Thumb Code     2  stm32h7xx_hal_uart.o(i.HAL_UARTEx_RxEventCallback)
    HAL_UARTEx_RxFifoFullCallback            0x08006bb1   Thumb Code     2  stm32h7xx_hal_uart_ex.o(i.HAL_UARTEx_RxFifoFullCallback)
    HAL_UARTEx_SetRxFifoThreshold            0x08006bb3   Thumb Code    76  stm32h7xx_hal_uart_ex.o(i.HAL_UARTEx_SetRxFifoThreshold)
    HAL_UARTEx_SetTxFifoThreshold            0x08006bff   Thumb Code    76  stm32h7xx_hal_uart_ex.o(i.HAL_UARTEx_SetTxFifoThreshold)
    HAL_UARTEx_TxFifoEmptyCallback           0x08006c4b   Thumb Code     2  stm32h7xx_hal_uart_ex.o(i.HAL_UARTEx_TxFifoEmptyCallback)
    HAL_UARTEx_WakeupCallback                0x08006c4d   Thumb Code     2  stm32h7xx_hal_uart_ex.o(i.HAL_UARTEx_WakeupCallback)
    HAL_UART_ErrorCallback                   0x08006c4f   Thumb Code     2  stm32h7xx_hal_uart.o(i.HAL_UART_ErrorCallback)
    HAL_UART_IRQHandler                      0x08006c51   Thumb Code   898  stm32h7xx_hal_uart.o(i.HAL_UART_IRQHandler)
    HAL_UART_Init                            0x08006fed   Thumb Code   106  stm32h7xx_hal_uart.o(i.HAL_UART_Init)
    HAL_UART_MspInit                         0x08007059   Thumb Code   240  usart.o(i.HAL_UART_MspInit)
    HAL_UART_Transmit_DMA                    0x0800715d   Thumb Code   132  stm32h7xx_hal_uart.o(i.HAL_UART_Transmit_DMA)
    HAL_UART_TxCpltCallback                  0x080071ed   Thumb Code    14  stm32h7xx_it.o(i.HAL_UART_TxCpltCallback)
    HAL_UART_TxHalfCpltCallback              0x08007201   Thumb Code     2  stm32h7xx_hal_uart.o(i.HAL_UART_TxHalfCpltCallback)
    HardFault_Handler                        0x08007205   Thumb Code    54  stm32h7xx_it.o(i.HardFault_Handler)
    Inverse_Park_Transform                   0x08007245   Thumb Code    72  foc.o(i.Inverse_Park_Transform)
    MX_ADC1_Init                             0x080072e5   Thumb Code   290  adc.o(i.MX_ADC1_Init)
    MX_ADC2_Init                             0x08007421   Thumb Code   164  adc.o(i.MX_ADC2_Init)
    MX_DMA_Init                              0x080074d9   Thumb Code    88  dma.o(i.MX_DMA_Init)
    MX_FREERTOS_Init                         0x08007535   Thumb Code    18  freertos.o(i.MX_FREERTOS_Init)
    MX_GPIO_Init                             0x08007555   Thumb Code   272  gpio.o(i.MX_GPIO_Init)
    MX_TIM15_Init                            0x08007675   Thumb Code    96  tim.o(i.MX_TIM15_Init)
    MX_TIM1_Init                             0x080076dd   Thumb Code   236  tim.o(i.MX_TIM1_Init)
    MX_TIM3_Init                             0x080077d1   Thumb Code   158  tim.o(i.MX_TIM3_Init)
    MX_TIM7_Init                             0x08007879   Thumb Code    64  tim.o(i.MX_TIM7_Init)
    MX_TIM8_Init                             0x080078c1   Thumb Code   196  tim.o(i.MX_TIM8_Init)
    MX_UART4_Init                            0x0800798d   Thumb Code    94  usart.o(i.MX_UART4_Init)
    MemManage_Handler                        0x080079f5   Thumb Code     2  stm32h7xx_it.o(i.MemManage_Handler)
    NMI_Handler                              0x080079f7   Thumb Code     2  stm32h7xx_it.o(i.NMI_Handler)
    OpenLoop_SpeedTest                       0x080079f9   Thumb Code   222  main.o(i.OpenLoop_SpeedTest)
    PID_Cal                                  0x08007af9   Thumb Code   120  foc.o(i.PID_Cal)
    PID_Init                                 0x08007b71   Thumb Code    28  foc.o(i.PID_Init)
    PID_Reset                                0x08007b91   Thumb Code    18  foc.o(i.PID_Reset)
    PID_SetTarget                            0x08007ba9   Thumb Code     6  foc.o(i.PID_SetTarget)
    PWM_Init                                 0x08007bb1   Thumb Code    64  pwm_driver.o(i.PWM_Init)
    PWM_SetDutyCycle                         0x08007bf5   Thumb Code    54  pwm_driver.o(i.PWM_SetDutyCycle)
    SVPWM_Calculate                          0x08007e6d   Thumb Code   152  foc.o(i.SVPWM_Calculate)
    SVPWM_GetDutyCycles                      0x08007f09   Thumb Code    68  foc.o(i.SVPWM_GetDutyCycles)
    StartDefaultTask                         0x08007f51   Thumb Code     8  freertos.o(i.StartDefaultTask)
    SysTick_Handler                          0x08007f59   Thumb Code    26  cmsis_os2.o(i.SysTick_Handler)
    SystemClock_Config                       0x08007f75   Thumb Code   158  main.o(i.SystemClock_Config)
    SystemInit                               0x0800801d   Thumb Code   206  system_stm32h7xx.o(i.SystemInit)
    TIM3_IRQHandler                          0x08008115   Thumb Code     6  stm32h7xx_it.o(i.TIM3_IRQHandler)
    TIM6_DAC_IRQHandler                      0x08008121   Thumb Code     6  stm32h7xx_it.o(i.TIM6_DAC_IRQHandler)
    TIM7_IRQHandler                          0x0800812d   Thumb Code     6  stm32h7xx_it.o(i.TIM7_IRQHandler)
    TIM_Base_SetConfig                       0x08008139   Thumb Code   170  stm32h7xx_hal_tim.o(i.TIM_Base_SetConfig)
    TIM_CCxChannelCmd                        0x08008205   Thumb Code    26  stm32h7xx_hal_tim.o(i.TIM_CCxChannelCmd)
    TIM_ETR_SetConfig                        0x08008239   Thumb Code    18  stm32h7xx_hal_tim.o(i.TIM_ETR_SetConfig)
    TIM_OC2_SetConfig                        0x08008305   Thumb Code   126  stm32h7xx_hal_tim.o(i.TIM_OC2_SetConfig)
    TIM_TI1_SetConfig                        0x080085b9   Thumb Code   100  stm32h7xx_hal_tim.o(i.TIM_TI1_SetConfig)
    UART4_IRQHandler                         0x08008695   Thumb Code     6  stm32h7xx_it.o(i.UART4_IRQHandler)
    UART_AdvFeatureConfig                    0x080086e5   Thumb Code   200  stm32h7xx_hal_uart.o(i.UART_AdvFeatureConfig)
    UART_CheckIdleState                      0x080087ad   Thumb Code   170  stm32h7xx_hal_uart.o(i.UART_CheckIdleState)
    UART_SetConfig                           0x08008985   Thumb Code   876  stm32h7xx_hal_uart.o(i.UART_SetConfig)
    UART_WaitOnFlagUntilTimeout              0x08008d31   Thumb Code   148  stm32h7xx_hal_uart.o(i.UART_WaitOnFlagUntilTimeout)
    UsageFault_Handler                       0x08008dc5   Thumb Code     2  stm32h7xx_it.o(i.UsageFault_Handler)
    VOFA_Init                                0x08008dc9   Thumb Code    34  vofa_debug.o(i.VOFA_Init)
    VOFA_SendData                            0x08008df1   Thumb Code    70  vofa_debug.o(i.VOFA_SendData)
    VOFA_SendFloat                           0x08008e41   Thumb Code    28  vofa_debug.o(i.VOFA_SendFloat)
    VOFA_UART_TxCpltCallback                 0x08008e65   Thumb Code    16  vofa_debug.o(i.VOFA_UART_TxCpltCallback)
    __hardfp_sqrtf                           0x08008e9b   Thumb Code    58  sqrtf.o(i.__hardfp_sqrtf)
    _constrainFloat                          0x08008ed5   Thumb Code    32  foc.o(i._constrainFloat)
    main                                     0x08008ef5   Thumb Code   380  main.o(i.main)
    osDelay                                  0x0800909d   Thumb Code    28  cmsis_os2.o(i.osDelay)
    osKernelInitialize                       0x080090b9   Thumb Code    32  cmsis_os2.o(i.osKernelInitialize)
    osKernelStart                            0x080090dd   Thumb Code    48  cmsis_os2.o(i.osKernelStart)
    osThreadNew                              0x08009115   Thumb Code   144  cmsis_os2.o(i.osThreadNew)
    pvPortMalloc                             0x0800993d   Thumb Code   216  heap_4.o(i.pvPortMalloc)
    pxPortInitialiseStack                    0x08009a19   Thumb Code    42  port.o(i.pxPortInitialiseStack)
    uxListRemove                             0x08009a49   Thumb Code    38  list.o(i.uxListRemove)
    vApplicationGetIdleTaskMemory            0x08009a71   Thumb Code    18  cmsis_os2.o(i.vApplicationGetIdleTaskMemory)
    vApplicationGetTimerTaskMemory           0x08009a89   Thumb Code    20  cmsis_os2.o(i.vApplicationGetTimerTaskMemory)
    vListInitialise                          0x08009aa1   Thumb Code    22  list.o(i.vListInitialise)
    vListInitialiseItem                      0x08009ab7   Thumb Code     6  list.o(i.vListInitialiseItem)
    vListInsert                              0x08009abd   Thumb Code    48  list.o(i.vListInsert)
    vListInsertEnd                           0x08009aed   Thumb Code    24  list.o(i.vListInsertEnd)
    vPortEnterCritical                       0x08009b05   Thumb Code    54  port.o(i.vPortEnterCritical)
    vPortExitCritical                        0x08009b45   Thumb Code    34  port.o(i.vPortExitCritical)
    vPortFree                                0x08009b6d   Thumb Code    94  heap_4.o(i.vPortFree)
    vPortSetupTimerInterrupt                 0x08009bd1   Thumb Code    32  port.o(i.vPortSetupTimerInterrupt)
    vPortValidateInterruptPriority           0x08009bf5   Thumb Code    74  port.o(i.vPortValidateInterruptPriority)
    vQueueAddToRegistry                      0x08009c49   Thumb Code    34  queue.o(i.vQueueAddToRegistry)
    vQueueWaitForMessageRestricted           0x08009c71   Thumb Code    68  queue.o(i.vQueueWaitForMessageRestricted)
    vTaskDelay                               0x08009cb5   Thumb Code    66  tasks.o(i.vTaskDelay)
    vTaskInternalSetTimeOutState             0x08009d01   Thumb Code    12  tasks.o(i.vTaskInternalSetTimeOutState)
    vTaskMissedYield                         0x08009d11   Thumb Code     8  tasks.o(i.vTaskMissedYield)
    vTaskPlaceOnEventList                    0x08009d1d   Thumb Code    44  tasks.o(i.vTaskPlaceOnEventList)
    vTaskPlaceOnEventListRestricted          0x08009d4d   Thumb Code    52  tasks.o(i.vTaskPlaceOnEventListRestricted)
    vTaskStartScheduler                      0x08009d85   Thumb Code   118  tasks.o(i.vTaskStartScheduler)
    vTaskSuspendAll                          0x08009e0d   Thumb Code    10  tasks.o(i.vTaskSuspendAll)
    vTaskSwitchContext                       0x08009e1d   Thumb Code    90  tasks.o(i.vTaskSwitchContext)
    xPortStartScheduler                      0x08009e81   Thumb Code   222  port.o(i.xPortStartScheduler)
    xPortSysTickHandler                      0x08009f75   Thumb Code    38  port.o(i.xPortSysTickHandler)
    xQueueGenericCreateStatic                0x08009fa1   Thumb Code   102  queue.o(i.xQueueGenericCreateStatic)
    xQueueGenericReset                       0x0800a009   Thumb Code   144  queue.o(i.xQueueGenericReset)
    xQueueGenericSend                        0x0800a09d   Thumb Code   346  queue.o(i.xQueueGenericSend)
    xQueueGenericSendFromISR                 0x0800a1fd   Thumb Code   190  queue.o(i.xQueueGenericSendFromISR)
    xQueueReceive                            0x0800a2bd   Thumb Code   310  queue.o(i.xQueueReceive)
    xTaskCheckForTimeOut                     0x0800a3f9   Thumb Code   116  tasks.o(i.xTaskCheckForTimeOut)
    xTaskCreate                              0x0800a471   Thumb Code    90  tasks.o(i.xTaskCreate)
    xTaskCreateStatic                        0x0800a4cb   Thumb Code    86  tasks.o(i.xTaskCreateStatic)
    xTaskGetSchedulerState                   0x0800a521   Thumb Code    22  tasks.o(i.xTaskGetSchedulerState)
    xTaskGetTickCount                        0x0800a53d   Thumb Code     6  tasks.o(i.xTaskGetTickCount)
    xTaskIncrementTick                       0x0800a549   Thumb Code   192  tasks.o(i.xTaskIncrementTick)
    xTaskPriorityDisinherit                  0x0800a611   Thumb Code   116  tasks.o(i.xTaskPriorityDisinherit)
    xTaskRemoveFromEventList                 0x0800a68d   Thumb Code   100  tasks.o(i.xTaskRemoveFromEventList)
    xTaskResumeAll                           0x0800a6fd   Thumb Code   184  tasks.o(i.xTaskResumeAll)
    xTimerCreateTimerTask                    0x0800a7c1   Thumb Code    78  timers.o(i.xTimerCreateTimerTask)
    xTimerGenericCommand                     0x0800a821   Thumb Code    98  timers.o(i.xTimerGenericCommand)
    _fp_init                                 0x0800a889   Thumb Code    10  fpinit.o(x$fpl$fpinit)
    __fplib_config_fpu_vfp                   0x0800a891   Thumb Code     0  fpinit.o(x$fpl$fpinit)
    __fplib_config_pureend_doubles           0x0800a891   Thumb Code     0  fpinit.o(x$fpl$fpinit)
    __I$use$fp                               0x0800a892   Number         0  usenofp.o(x$fpl$usenofp)
    defaultTask_attributes                   0x0800a898   Data          36  freertos.o(.constdata)
    UARTPrescTable                           0x0800a8c4   Data          24  stm32h7xx_hal_uart.o(.constdata)
    D1CorePrescTable                         0x0800a8ec   Data          16  system_stm32h7xx.o(.constdata)
    sinTable_f32                             0x0800a908   Data        2052  arm_common_tables.o(.rodata.sinTable_f32)
    Region$$Table$$Base                      0x0800b10c   Number         0  anon$$obj.o(Region$$Table)
    Region$$Table$$Limit                     0x0800b12c   Number         0  anon$$obj.o(Region$$Table)
    open_loop_enabled                        0x24000000   Data           1  main.o(.data)
    open_loop_angle                          0x24000004   Data           4  main.o(.data)
    open_loop_velocity                       0x24000008   Data           4  main.o(.data)
    open_loop_voltage                        0x2400000c   Data           4  main.o(.data)
    defaultTaskHandle                        0x24000010   Data           4  freertos.o(.data)
    uwTickFreq                               0x24000020   Data           1  stm32h7xx_hal.o(.data)
    uwTickPrio                               0x24000024   Data           4  stm32h7xx_hal.o(.data)
    uwTick                                   0x24000028   Data           4  stm32h7xx_hal.o(.data)
    SystemCoreClock                          0x2400002c   Data           4  system_stm32h7xx.o(.data)
    SystemD2Clock                            0x24000030   Data           4  system_stm32h7xx.o(.data)
    pxCurrentTCB                             0x24000034   Data           4  tasks.o(.data)
    encoder_M0                               0x240000b4   Data          36  main.o(.bss)
    foc                                      0x240000d8   Data         252  main.o(.bss)
    encoder_M2                               0x240001d4   Data          36  main.o(.bss)
    hadc1                                    0x240001f8   Data         100  adc.o(.bss)
    hadc2                                    0x2400025c   Data         100  adc.o(.bss)
    hdma_adc1                                0x240002c0   Data         120  adc.o(.bss)
    hdma_adc2                                0x24000338   Data         120  adc.o(.bss)
    htim1                                    0x240003b0   Data          76  tim.o(.bss)
    htim3                                    0x240003fc   Data          76  tim.o(.bss)
    htim7                                    0x24000448   Data          76  tim.o(.bss)
    htim8                                    0x24000494   Data          76  tim.o(.bss)
    htim15                                   0x240004e0   Data          76  tim.o(.bss)
    huart4                                   0x2400052c   Data         148  usart.o(.bss)
    hdma_uart4_rx                            0x240005c0   Data         120  usart.o(.bss)
    hdma_uart4_tx                            0x24000638   Data         120  usart.o(.bss)
    htim6                                    0x240006b0   Data          76  stm32h7xx_hal_timebase_tim.o(.bss)
    xQueueRegistry                           0x240006fc   Data          64  queue.o(.bss)
    __libspace_start                         0x24004fd0   Data          96  libspace.o(.bss)
    __temporary_stack_top$libspace           0x24005030   Data           0  libspace.o(.bss)
    vofa                                     0x30000000   Data          76  vofa_debug.o(.ARM.__at_0x30000000)
    buf                                      0x30000050   Data           1  stm32h7xx_it.o(.ARM.__at_0x30000050)
    current_sense                            0x30020000   Data          48  main.o(.ARM.__at_0x30020000)



==============================================================================

Memory Map of the image

  Image Entry point : 0x08000299

  Load Region LR_IROM1 (Base: 0x08000000, Size: 0x0000b1e0, Max: 0x00020000, ABSOLUTE)

    Execution Region ER_IROM1 (Exec base: 0x08000000, Load base: 0x08000000, Size: 0x0000b12c, Max: 0x00020000, ABSOLUTE)

    Exec Addr    Load Addr    Size         Type   Attr      Idx    E Section Name        Object

    0x08000000   0x08000000   0x00000298   Data   RO            3    RESET               startup_stm32h750xx.o
    0x08000298   0x08000298   0x00000008   Code   RO         7900  * !!!main             c_w.l(__main.o)
    0x080002a0   0x080002a0   0x00000034   Code   RO         8248    !!!scatter          c_w.l(__scatter.o)
    0x080002d4   0x080002d4   0x0000001a   Code   RO         8250    !!handler_copy      c_w.l(__scatter_copy.o)
    0x080002ee   0x080002ee   0x00000002   PAD
    0x080002f0   0x080002f0   0x0000001c   Code   RO         8252    !!handler_zi        c_w.l(__scatter_zi.o)
    0x0800030c   0x0800030c   0x00000002   Code   RO         8067    .ARM.Collect$$libinit$$00000000  c_w.l(libinit.o)
    0x0800030e   0x0800030e   0x00000004   Code   RO         8068    .ARM.Collect$$libinit$$00000001  c_w.l(libinit2.o)
    0x08000312   0x08000312   0x00000000   Code   RO         8071    .ARM.Collect$$libinit$$00000004  c_w.l(libinit2.o)
    0x08000312   0x08000312   0x00000000   Code   RO         8074    .ARM.Collect$$libinit$$0000000A  c_w.l(libinit2.o)
    0x08000312   0x08000312   0x00000000   Code   RO         8076    .ARM.Collect$$libinit$$0000000C  c_w.l(libinit2.o)
    0x08000312   0x08000312   0x00000000   Code   RO         8078    .ARM.Collect$$libinit$$0000000E  c_w.l(libinit2.o)
    0x08000312   0x08000312   0x00000000   Code   RO         8081    .ARM.Collect$$libinit$$00000011  c_w.l(libinit2.o)
    0x08000312   0x08000312   0x00000000   Code   RO         8083    .ARM.Collect$$libinit$$00000013  c_w.l(libinit2.o)
    0x08000312   0x08000312   0x00000000   Code   RO         8085    .ARM.Collect$$libinit$$00000015  c_w.l(libinit2.o)
    0x08000312   0x08000312   0x00000000   Code   RO         8087    .ARM.Collect$$libinit$$00000017  c_w.l(libinit2.o)
    0x08000312   0x08000312   0x00000000   Code   RO         8089    .ARM.Collect$$libinit$$00000019  c_w.l(libinit2.o)
    0x08000312   0x08000312   0x00000000   Code   RO         8091    .ARM.Collect$$libinit$$0000001B  c_w.l(libinit2.o)
    0x08000312   0x08000312   0x00000000   Code   RO         8093    .ARM.Collect$$libinit$$0000001D  c_w.l(libinit2.o)
    0x08000312   0x08000312   0x00000000   Code   RO         8095    .ARM.Collect$$libinit$$0000001F  c_w.l(libinit2.o)
    0x08000312   0x08000312   0x00000000   Code   RO         8097    .ARM.Collect$$libinit$$00000021  c_w.l(libinit2.o)
    0x08000312   0x08000312   0x00000000   Code   RO         8099    .ARM.Collect$$libinit$$00000023  c_w.l(libinit2.o)
    0x08000312   0x08000312   0x00000000   Code   RO         8101    .ARM.Collect$$libinit$$00000025  c_w.l(libinit2.o)
    0x08000312   0x08000312   0x00000000   Code   RO         8105    .ARM.Collect$$libinit$$0000002C  c_w.l(libinit2.o)
    0x08000312   0x08000312   0x00000000   Code   RO         8107    .ARM.Collect$$libinit$$0000002E  c_w.l(libinit2.o)
    0x08000312   0x08000312   0x00000000   Code   RO         8109    .ARM.Collect$$libinit$$00000030  c_w.l(libinit2.o)
    0x08000312   0x08000312   0x00000000   Code   RO         8111    .ARM.Collect$$libinit$$00000032  c_w.l(libinit2.o)
    0x08000312   0x08000312   0x00000002   Code   RO         8112    .ARM.Collect$$libinit$$00000033  c_w.l(libinit2.o)
    0x08000314   0x08000314   0x00000002   Code   RO         8205    .ARM.Collect$$libshutdown$$00000000  c_w.l(libshutdown.o)
    0x08000316   0x08000316   0x00000000   Code   RO         8225    .ARM.Collect$$libshutdown$$00000002  c_w.l(libshutdown2.o)
    0x08000316   0x08000316   0x00000000   Code   RO         8227    .ARM.Collect$$libshutdown$$00000004  c_w.l(libshutdown2.o)
    0x08000316   0x08000316   0x00000000   Code   RO         8229    .ARM.Collect$$libshutdown$$00000006  c_w.l(libshutdown2.o)
    0x08000316   0x08000316   0x00000000   Code   RO         8232    .ARM.Collect$$libshutdown$$00000009  c_w.l(libshutdown2.o)
    0x08000316   0x08000316   0x00000000   Code   RO         8235    .ARM.Collect$$libshutdown$$0000000C  c_w.l(libshutdown2.o)
    0x08000316   0x08000316   0x00000000   Code   RO         8237    .ARM.Collect$$libshutdown$$0000000E  c_w.l(libshutdown2.o)
    0x08000316   0x08000316   0x00000000   Code   RO         8240    .ARM.Collect$$libshutdown$$00000011  c_w.l(libshutdown2.o)
    0x08000316   0x08000316   0x00000002   Code   RO         8241    .ARM.Collect$$libshutdown$$00000012  c_w.l(libshutdown2.o)
    0x08000318   0x08000318   0x00000000   Code   RO         7928    .ARM.Collect$$rtentry$$00000000  c_w.l(__rtentry.o)
    0x08000318   0x08000318   0x00000000   Code   RO         7963    .ARM.Collect$$rtentry$$00000002  c_w.l(__rtentry2.o)
    0x08000318   0x08000318   0x00000006   Code   RO         7975    .ARM.Collect$$rtentry$$00000004  c_w.l(__rtentry4.o)
    0x0800031e   0x0800031e   0x00000000   Code   RO         7965    .ARM.Collect$$rtentry$$00000009  c_w.l(__rtentry2.o)
    0x0800031e   0x0800031e   0x00000004   Code   RO         7966    .ARM.Collect$$rtentry$$0000000A  c_w.l(__rtentry2.o)
    0x08000322   0x08000322   0x00000000   Code   RO         7968    .ARM.Collect$$rtentry$$0000000C  c_w.l(__rtentry2.o)
    0x08000322   0x08000322   0x00000008   Code   RO         7969    .ARM.Collect$$rtentry$$0000000D  c_w.l(__rtentry2.o)
    0x0800032a   0x0800032a   0x00000002   Code   RO         8119    .ARM.Collect$$rtexit$$00000000  c_w.l(rtexit.o)
    0x0800032c   0x0800032c   0x00000000   Code   RO         8157    .ARM.Collect$$rtexit$$00000002  c_w.l(rtexit2.o)
    0x0800032c   0x0800032c   0x00000004   Code   RO         8158    .ARM.Collect$$rtexit$$00000003  c_w.l(rtexit2.o)
    0x08000330   0x08000330   0x00000006   Code   RO         8159    .ARM.Collect$$rtexit$$00000004  c_w.l(rtexit2.o)
    0x08000336   0x08000336   0x00000002   PAD
    0x08000338   0x08000338   0x000000be   Code   RO         7674    .emb_text           port.o
    0x080003f6   0x080003f6   0x00000002   PAD
    0x080003f8   0x080003f8   0x00000048   Code   RO            4    .text               startup_stm32h750xx.o
    0x08000440   0x08000440   0x000000ee   Code   RO         7882    .text               c_w.l(lludivv7m.o)
    0x0800052e   0x0800052e   0x0000008a   Code   RO         7886    .text               c_w.l(rt_memcpy_v6.o)
    0x080005b8   0x080005b8   0x00000064   Code   RO         7888    .text               c_w.l(rt_memcpy_w.o)
    0x0800061c   0x0800061c   0x00000010   Code   RO         7892    .text               c_w.l(aeabi_memset.o)
    0x0800062c   0x0800062c   0x0000004e   Code   RO         7894    .text               c_w.l(rt_memclr_w.o)
    0x0800067a   0x0800067a   0x00000006   Code   RO         7898    .text               c_w.l(heapauxi.o)
    0x08000680   0x08000680   0x00000016   Code   RO         7933    .text               c_w.l(_rserrno.o)
    0x08000696   0x08000696   0x00000044   Code   RO         7943    .text               c_w.l(rt_memclr.o)
    0x080006da   0x080006da   0x00000002   PAD
    0x080006dc   0x080006dc   0x00000008   Code   RO         7987    .text               c_w.l(rt_errno_addr_intlibspace.o)
    0x080006e4   0x080006e4   0x00000008   Code   RO         8043    .text               c_w.l(libspace.o)
    0x080006ec   0x080006ec   0x0000004a   Code   RO         8046    .text               c_w.l(sys_stackheap_outer.o)
    0x08000736   0x08000736   0x00000012   Code   RO         8054    .text               c_w.l(exit.o)
    0x08000748   0x08000748   0x0000000c   Code   RO         8154    .text               c_w.l(sys_exit.o)
    0x08000754   0x08000754   0x00000002   Code   RO         8192    .text               c_w.l(use_no_semi.o)
    0x08000756   0x08000756   0x00000000   Code   RO         8194    .text               c_w.l(indicate_semi.o)
    0x08000756   0x08000756   0x00000002   PAD
    0x08000758   0x08000758   0x000000f4   Code   RO         7752    .text.arm_sin_cos_f32  arm_cortexM7lfdp_math.lib(arm_sin_cos_f32.o)
    0x0800084c   0x0800084c   0x00000108   Code   RO         2584    i.ADC_ConfigureBoostMode  stm32h7xx_hal_adc.o
    0x08000954   0x08000954   0x000000e4   Code   RO         2585    i.ADC_ConversionStop  stm32h7xx_hal_adc.o
    0x08000a38   0x08000a38   0x00000068   Code   RO         2586    i.ADC_DMAConvCplt   stm32h7xx_hal_adc.o
    0x08000aa0   0x08000aa0   0x0000001a   Code   RO         2587    i.ADC_DMAError      stm32h7xx_hal_adc.o
    0x08000aba   0x08000aba   0x0000000a   Code   RO         2588    i.ADC_DMAHalfConvCplt  stm32h7xx_hal_adc.o
    0x08000ac4   0x08000ac4   0x00000070   Code   RO         2589    i.ADC_Disable       stm32h7xx_hal_adc.o
    0x08000b34   0x08000b34   0x000000a8   Code   RO         2590    i.ADC_Enable        stm32h7xx_hal_adc.o
    0x08000bdc   0x08000bdc   0x0000001c   Code   RO         1355    i.ADC_IRQHandler    stm32h7xx_it.o
    0x08000bf8   0x08000bf8   0x00000002   Code   RO         1356    i.BusFault_Handler  stm32h7xx_it.o
    0x08000bfa   0x08000bfa   0x00000002   PAD
    0x08000bfc   0x08000bfc   0x00000044   Code   RO          800    i.CurrentSense_ADCToCurrent  current_sense.o
    0x08000c40   0x08000c40   0x0000005e   Code   RO          801    i.CurrentSense_Calibrate  current_sense.o
    0x08000c9e   0x08000c9e   0x00000012   Code   RO          802    i.CurrentSense_DMA_CpltCallback  current_sense.o
    0x08000cb0   0x08000cb0   0x00000012   Code   RO          803    i.CurrentSense_DMA_HalfCpltCallback  current_sense.o
    0x08000cc2   0x08000cc2   0x00000022   Code   RO          804    i.CurrentSense_GetCurrents  current_sense.o
    0x08000ce4   0x08000ce4   0x00000040   Code   RO          805    i.CurrentSense_Init  current_sense.o
    0x08000d24   0x08000d24   0x0000008c   Code   RO          808    i.CurrentSense_Update  current_sense.o
    0x08000db0   0x08000db0   0x0000000c   Code   RO         1357    i.DMA1_Stream0_IRQHandler  stm32h7xx_it.o
    0x08000dbc   0x08000dbc   0x0000000c   Code   RO         1358    i.DMA1_Stream1_IRQHandler  stm32h7xx_it.o
    0x08000dc8   0x08000dc8   0x0000000c   Code   RO         1359    i.DMA1_Stream2_IRQHandler  stm32h7xx_it.o
    0x08000dd4   0x08000dd4   0x00000038   Code   RO         1360    i.DMA1_Stream3_IRQHandler  stm32h7xx_it.o
    0x08000e0c   0x08000e0c   0x000000b4   Code   RO         3645    i.DMA_CalcBaseAndBitshift  stm32h7xx_hal_dma.o
    0x08000ec0   0x08000ec0   0x0000009c   Code   RO         3646    i.DMA_CalcDMAMUXChannelBaseAndMask  stm32h7xx_hal_dma.o
    0x08000f5c   0x08000f5c   0x00000074   Code   RO         3647    i.DMA_CalcDMAMUXRequestGenBaseAndMask  stm32h7xx_hal_dma.o
    0x08000fd0   0x08000fd0   0x00000054   Code   RO         3648    i.DMA_CheckFifoParam  stm32h7xx_hal_dma.o
    0x08001024   0x08001024   0x00000220   Code   RO         3649    i.DMA_SetConfig     stm32h7xx_hal_dma.o
    0x08001244   0x08001244   0x00000002   Code   RO         1361    i.DebugMon_Handler  stm32h7xx_it.o
    0x08001246   0x08001246   0x00000006   Code   RO         1362    i.EXTI4_IRQHandler  stm32h7xx_it.o
    0x0800124c   0x0800124c   0x00000006   Code   RO         1363    i.EXTI9_5_IRQHandler  stm32h7xx_it.o
    0x08001252   0x08001252   0x00000002   PAD
    0x08001254   0x08001254   0x0000004c   Code   RO           13    i.Encoder_AlignElectricZero  encoder.o
    0x080012a0   0x080012a0   0x00000044   Code   RO           14    i.Encoder_GetAngle_Elec_Deg  encoder.o
    0x080012e4   0x080012e4   0x0000004c   Code   RO           15    i.Encoder_GetAngle_Elec_Rad  encoder.o
    0x08001330   0x08001330   0x00000048   Code   RO           16    i.Encoder_GetAngle_Mech_Deg  encoder.o
    0x08001378   0x08001378   0x0000000a   Code   RO           18    i.Encoder_GetCount  encoder.o
    0x08001382   0x08001382   0x00000006   Code   RO           22    i.Encoder_GetSpeed_RPS  encoder.o
    0x08001388   0x08001388   0x00000024   Code   RO           24    i.Encoder_Init      encoder.o
    0x080013ac   0x080013ac   0x00000018   Code   RO           28    i.Encoder_Start     encoder.o
    0x080013c4   0x080013c4   0x00000050   Code   RO           30    i.Encoder_UpdateSpeed  encoder.o
    0x08001414   0x08001414   0x00000008   Code   RO           32    i.Encoder_ZPulse_Callback  encoder.o
    0x0800141c   0x0800141c   0x00000004   Code   RO          937    i.Error_Handler     main.o
    0x08001420   0x08001420   0x0000001c   Code   RO         5953    i.ExitRun0Mode      system_stm32h7xx.o
    0x0800143c   0x0800143c   0x00000064   Code   RO          282    i.FOC_CalCurrentLoop  foc.o
    0x080014a0   0x080014a0   0x00000008   Code   RO          286    i.FOC_Enable        foc.o
    0x080014a8   0x080014a8   0x000000ac   Code   RO          287    i.FOC_Init          foc.o
    0x08001554   0x08001554   0x00000074   Code   RO          291    i.FOC_UpdateCurrents  foc.o
    0x080015c8   0x080015c8   0x000000c8   Code   RO          938    i.Forcejiaozhun     main.o
    0x08001690   0x08001690   0x00000030   Code   RO         2802    i.HAL_ADCEx_DisableInjectedQueue  stm32h7xx_hal_adc_ex.o
    0x080016c0   0x080016c0   0x00000002   Code   RO         2805    i.HAL_ADCEx_EndOfSamplingCallback  stm32h7xx_hal_adc_ex.o
    0x080016c2   0x080016c2   0x00000002   PAD
    0x080016c4   0x080016c4   0x000005cc   Code   RO         2807    i.HAL_ADCEx_InjectedConfigChannel  stm32h7xx_hal_adc_ex.o
    0x08001c90   0x08001c90   0x00000002   Code   RO         2808    i.HAL_ADCEx_InjectedConvCpltCallback  stm32h7xx_hal_adc_ex.o
    0x08001c92   0x08001c92   0x00000002   Code   RO         2811    i.HAL_ADCEx_InjectedQueueOverflowCallback  stm32h7xx_hal_adc_ex.o
    0x08001c94   0x08001c94   0x00000002   Code   RO         2816    i.HAL_ADCEx_LevelOutOfWindow2Callback  stm32h7xx_hal_adc_ex.o
    0x08001c96   0x08001c96   0x00000002   Code   RO         2817    i.HAL_ADCEx_LevelOutOfWindow3Callback  stm32h7xx_hal_adc_ex.o
    0x08001c98   0x08001c98   0x00000128   Code   RO         2821    i.HAL_ADCEx_MultiModeConfigChannel  stm32h7xx_hal_adc_ex.o
    0x08001dc0   0x08001dc0   0x00000420   Code   RO         2592    i.HAL_ADC_ConfigChannel  stm32h7xx_hal_adc.o
    0x080021e0   0x080021e0   0x0000010c   Code   RO         1364    i.HAL_ADC_ConvCpltCallback  stm32h7xx_it.o
    0x080022ec   0x080022ec   0x0000000c   Code   RO         1365    i.HAL_ADC_ConvHalfCpltCallback  stm32h7xx_it.o
    0x080022f8   0x080022f8   0x00000002   Code   RO         2596    i.HAL_ADC_ErrorCallback  stm32h7xx_hal_adc.o
    0x080022fa   0x080022fa   0x00000002   PAD
    0x080022fc   0x080022fc   0x00000290   Code   RO         2600    i.HAL_ADC_IRQHandler  stm32h7xx_hal_adc.o
    0x0800258c   0x0800258c   0x00000228   Code   RO         2601    i.HAL_ADC_Init      stm32h7xx_hal_adc.o
    0x080027b4   0x080027b4   0x00000002   Code   RO         2602    i.HAL_ADC_LevelOutOfWindowCallback  stm32h7xx_hal_adc.o
    0x080027b6   0x080027b6   0x00000002   PAD
    0x080027b8   0x080027b8   0x00000174   Code   RO         1124    i.HAL_ADC_MspInit   adc.o
    0x0800292c   0x0800292c   0x00000108   Code   RO         2608    i.HAL_ADC_Start_DMA  stm32h7xx_hal_adc.o
    0x08002a34   0x08002a34   0x0000007a   Code   RO         2611    i.HAL_ADC_Stop_DMA  stm32h7xx_hal_adc.o
    0x08002aae   0x08002aae   0x00000002   PAD
    0x08002ab0   0x08002ab0   0x00000360   Code   RO         3650    i.HAL_DMA_Abort     stm32h7xx_hal_dma.o
    0x08002e10   0x08002e10   0x00000284   Code   RO         3651    i.HAL_DMA_Abort_IT  stm32h7xx_hal_dma.o
    0x08003094   0x08003094   0x000006e8   Code   RO         3655    i.HAL_DMA_IRQHandler  stm32h7xx_hal_dma.o
    0x0800377c   0x0800377c   0x000003c4   Code   RO         3656    i.HAL_DMA_Init      stm32h7xx_hal_dma.o
    0x08003b40   0x08003b40   0x0000029c   Code   RO         3660    i.HAL_DMA_Start_IT  stm32h7xx_hal_dma.o
    0x08003ddc   0x08003ddc   0x00000024   Code   RO         4512    i.HAL_Delay         stm32h7xx_hal.o
    0x08003e00   0x08003e00   0x00000010   Code   RO         1366    i.HAL_GPIO_EXTI_Callback  stm32h7xx_it.o
    0x08003e10   0x08003e10   0x00000018   Code   RO         3497    i.HAL_GPIO_EXTI_IRQHandler  stm32h7xx_hal_gpio.o
    0x08003e28   0x08003e28   0x0000022c   Code   RO         3498    i.HAL_GPIO_Init     stm32h7xx_hal_gpio.o
    0x08004054   0x08004054   0x00000010   Code   RO         3501    i.HAL_GPIO_TogglePin  stm32h7xx_hal_gpio.o
    0x08004064   0x08004064   0x0000000a   Code   RO         3502    i.HAL_GPIO_WritePin  stm32h7xx_hal_gpio.o
    0x0800406e   0x0800406e   0x00000002   PAD
    0x08004070   0x08004070   0x0000000c   Code   RO         4523    i.HAL_GetREVID      stm32h7xx_hal.o
    0x0800407c   0x0800407c   0x0000000c   Code   RO         4524    i.HAL_GetTick       stm32h7xx_hal.o
    0x08004088   0x08004088   0x00000010   Code   RO         4530    i.HAL_IncTick       stm32h7xx_hal.o
    0x08004098   0x08004098   0x0000005c   Code   RO         4531    i.HAL_Init          stm32h7xx_hal.o
    0x080040f4   0x080040f4   0x0000008c   Code   RO         1538    i.HAL_InitTick      stm32h7xx_hal_timebase_tim.o
    0x08004180   0x08004180   0x0000005c   Code   RO         4353    i.HAL_MPU_ConfigRegion  stm32h7xx_hal_cortex.o
    0x080041dc   0x080041dc   0x0000001c   Code   RO         4354    i.HAL_MPU_Disable   stm32h7xx_hal_cortex.o
    0x080041f8   0x080041f8   0x00000024   Code   RO         4356    i.HAL_MPU_Enable    stm32h7xx_hal_cortex.o
    0x0800421c   0x0800421c   0x00000024   Code   RO         1514    i.HAL_MspInit       stm32h7xx_hal_msp.o
    0x08004240   0x08004240   0x0000001a   Code   RO         4360    i.HAL_NVIC_EnableIRQ  stm32h7xx_hal_cortex.o
    0x0800425a   0x0800425a   0x00000002   PAD
    0x0800425c   0x0800425c   0x00000040   Code   RO         4366    i.HAL_NVIC_SetPriority  stm32h7xx_hal_cortex.o
    0x0800429c   0x0800429c   0x00000024   Code   RO         4367    i.HAL_NVIC_SetPriorityGrouping  stm32h7xx_hal_cortex.o
    0x080042c0   0x080042c0   0x00000054   Code   RO         4099    i.HAL_PWREx_ConfigSupply  stm32h7xx_hal_pwr_ex.o
    0x08004314   0x08004314   0x00000024   Code   RO         3141    i.HAL_RCCEx_GetD3PCLK1Freq  stm32h7xx_hal_rcc_ex.o
    0x08004338   0x08004338   0x00000148   Code   RO         3142    i.HAL_RCCEx_GetPLL1ClockFreq  stm32h7xx_hal_rcc_ex.o
    0x08004480   0x08004480   0x00000144   Code   RO         3143    i.HAL_RCCEx_GetPLL2ClockFreq  stm32h7xx_hal_rcc_ex.o
    0x080045c4   0x080045c4   0x00000144   Code   RO         3144    i.HAL_RCCEx_GetPLL3ClockFreq  stm32h7xx_hal_rcc_ex.o
    0x08004708   0x08004708   0x000002c8   Code   RO         3146    i.HAL_RCCEx_GetPeriphCLKFreq  stm32h7xx_hal_rcc_ex.o
    0x080049d0   0x080049d0   0x000009ac   Code   RO         3150    i.HAL_RCCEx_PeriphCLKConfig  stm32h7xx_hal_rcc_ex.o
    0x0800537c   0x0800537c   0x0000025c   Code   RO         3026    i.HAL_RCC_ClockConfig  stm32h7xx_hal_rcc.o
    0x080055d8   0x080055d8   0x0000005c   Code   RO         3030    i.HAL_RCC_GetClockConfig  stm32h7xx_hal_rcc.o
    0x08005634   0x08005634   0x00000044   Code   RO         3031    i.HAL_RCC_GetHCLKFreq  stm32h7xx_hal_rcc.o
    0x08005678   0x08005678   0x00000024   Code   RO         3033    i.HAL_RCC_GetPCLK1Freq  stm32h7xx_hal_rcc.o
    0x0800569c   0x0800569c   0x00000024   Code   RO         3034    i.HAL_RCC_GetPCLK2Freq  stm32h7xx_hal_rcc.o
    0x080056c0   0x080056c0   0x00000138   Code   RO         3035    i.HAL_RCC_GetSysClockFreq  stm32h7xx_hal_rcc.o
    0x080057f8   0x080057f8   0x00000582   Code   RO         3038    i.HAL_RCC_OscConfig  stm32h7xx_hal_rcc.o
    0x08005d7a   0x08005d7a   0x00000002   Code   RO         2293    i.HAL_TIMEx_Break2Callback  stm32h7xx_hal_tim_ex.o
    0x08005d7c   0x08005d7c   0x00000002   Code   RO         2294    i.HAL_TIMEx_BreakCallback  stm32h7xx_hal_tim_ex.o
    0x08005d7e   0x08005d7e   0x00000002   Code   RO         2295    i.HAL_TIMEx_CommutCallback  stm32h7xx_hal_tim_ex.o
    0x08005d80   0x08005d80   0x000000a0   Code   RO         2297    i.HAL_TIMEx_ConfigBreakDeadTime  stm32h7xx_hal_tim_ex.o
    0x08005e20   0x08005e20   0x000000a4   Code   RO         2315    i.HAL_TIMEx_MasterConfigSynchronization  stm32h7xx_hal_tim_ex.o
    0x08005ec4   0x08005ec4   0x000000cc   Code   RO         2326    i.HAL_TIMEx_PWMN_Start  stm32h7xx_hal_tim_ex.o
    0x08005f90   0x08005f90   0x00000062   Code   RO         1579    i.HAL_TIM_Base_Init  stm32h7xx_hal_tim.o
    0x08005ff2   0x08005ff2   0x00000002   PAD
    0x08005ff4   0x08005ff4   0x00000058   Code   RO         1217    i.HAL_TIM_Base_MspInit  tim.o
    0x0800604c   0x0800604c   0x00000080   Code   RO         1582    i.HAL_TIM_Base_Start  stm32h7xx_hal_tim.o
    0x080060cc   0x080060cc   0x0000008c   Code   RO         1584    i.HAL_TIM_Base_Start_IT  stm32h7xx_hal_tim.o
    0x08006158   0x08006158   0x000000fc   Code   RO         1588    i.HAL_TIM_ConfigClockSource  stm32h7xx_hal_tim.o
    0x08006254   0x08006254   0x000000bc   Code   RO         1600    i.HAL_TIM_Encoder_Init  stm32h7xx_hal_tim.o
    0x08006310   0x08006310   0x00000002   Code   RO         1602    i.HAL_TIM_Encoder_MspInit  stm32h7xx_hal_tim.o
    0x08006312   0x08006312   0x0000008e   Code   RO         1603    i.HAL_TIM_Encoder_Start  stm32h7xx_hal_tim.o
    0x080063a0   0x080063a0   0x00000002   Code   RO         1613    i.HAL_TIM_IC_CaptureCallback  stm32h7xx_hal_tim.o
    0x080063a2   0x080063a2   0x00000122   Code   RO         1615    i.HAL_TIM_IC_ConfigChannel  stm32h7xx_hal_tim.o
    0x080064c4   0x080064c4   0x00000062   Code   RO         1618    i.HAL_TIM_IC_Init   stm32h7xx_hal_tim.o
    0x08006526   0x08006526   0x00000002   PAD
    0x08006528   0x08006528   0x00000074   Code   RO         1219    i.HAL_TIM_IC_MspInit  tim.o
    0x0800659c   0x0800659c   0x00000148   Code   RO         1627    i.HAL_TIM_IRQHandler  stm32h7xx_hal_tim.o
    0x080066e4   0x080066e4   0x000000dc   Code   RO         1220    i.HAL_TIM_MspPostInit  tim.o
    0x080067c0   0x080067c0   0x00000002   Code   RO         1630    i.HAL_TIM_OC_DelayElapsedCallback  stm32h7xx_hal_tim.o
    0x080067c2   0x080067c2   0x00000124   Code   RO         1651    i.HAL_TIM_PWM_ConfigChannel  stm32h7xx_hal_tim.o
    0x080068e6   0x080068e6   0x00000062   Code   RO         1654    i.HAL_TIM_PWM_Init  stm32h7xx_hal_tim.o
    0x08006948   0x08006948   0x00000040   Code   RO         1222    i.HAL_TIM_PWM_MspInit  tim.o
    0x08006988   0x08006988   0x00000002   Code   RO         1657    i.HAL_TIM_PWM_PulseFinishedCallback  stm32h7xx_hal_tim.o
    0x0800698a   0x0800698a   0x00000002   PAD
    0x0800698c   0x0800698c   0x00000110   Code   RO         1659    i.HAL_TIM_PWM_Start  stm32h7xx_hal_tim.o
    0x08006a9c   0x08006a9c   0x000000d0   Code   RO          939    i.HAL_TIM_PeriodElapsedCallback  main.o
    0x08006b6c   0x08006b6c   0x00000002   Code   RO         1670    i.HAL_TIM_TriggerCallback  stm32h7xx_hal_tim.o
    0x08006b6e   0x08006b6e   0x00000040   Code   RO         5835    i.HAL_UARTEx_DisableFifoMode  stm32h7xx_hal_uart_ex.o
    0x08006bae   0x08006bae   0x00000002   Code   RO         5424    i.HAL_UARTEx_RxEventCallback  stm32h7xx_hal_uart.o
    0x08006bb0   0x08006bb0   0x00000002   Code   RO         5843    i.HAL_UARTEx_RxFifoFullCallback  stm32h7xx_hal_uart_ex.o
    0x08006bb2   0x08006bb2   0x0000004c   Code   RO         5844    i.HAL_UARTEx_SetRxFifoThreshold  stm32h7xx_hal_uart_ex.o
    0x08006bfe   0x08006bfe   0x0000004c   Code   RO         5845    i.HAL_UARTEx_SetTxFifoThreshold  stm32h7xx_hal_uart_ex.o
    0x08006c4a   0x08006c4a   0x00000002   Code   RO         5847    i.HAL_UARTEx_TxFifoEmptyCallback  stm32h7xx_hal_uart_ex.o
    0x08006c4c   0x08006c4c   0x00000002   Code   RO         5848    i.HAL_UARTEx_WakeupCallback  stm32h7xx_hal_uart_ex.o
    0x08006c4e   0x08006c4e   0x00000002   Code   RO         5440    i.HAL_UART_ErrorCallback  stm32h7xx_hal_uart.o
    0x08006c50   0x08006c50   0x0000039c   Code   RO         5443    i.HAL_UART_IRQHandler  stm32h7xx_hal_uart.o
    0x08006fec   0x08006fec   0x0000006a   Code   RO         5444    i.HAL_UART_Init     stm32h7xx_hal_uart.o
    0x08007056   0x08007056   0x00000002   PAD
    0x08007058   0x08007058   0x00000104   Code   RO         1313    i.HAL_UART_MspInit  usart.o
    0x0800715c   0x0800715c   0x00000090   Code   RO         5454    i.HAL_UART_Transmit_DMA  stm32h7xx_hal_uart.o
    0x080071ec   0x080071ec   0x00000014   Code   RO         1367    i.HAL_UART_TxCpltCallback  stm32h7xx_it.o
    0x08007200   0x08007200   0x00000002   Code   RO         5457    i.HAL_UART_TxHalfCpltCallback  stm32h7xx_hal_uart.o
    0x08007202   0x08007202   0x00000002   PAD
    0x08007204   0x08007204   0x00000040   Code   RO         1368    i.HardFault_Handler  stm32h7xx_it.o
    0x08007244   0x08007244   0x0000004c   Code   RO          292    i.Inverse_Park_Transform  foc.o
    0x08007290   0x08007290   0x0000000c   Code   RO         2829    i.LL_ADC_GetOffsetChannel  stm32h7xx_hal_adc_ex.o
    0x0800729c   0x0800729c   0x00000008   Code   RO         2613    i.LL_ADC_INJ_IsConversionOngoing  stm32h7xx_hal_adc.o
    0x080072a4   0x080072a4   0x00000008   Code   RO         2830    i.LL_ADC_INJ_IsConversionOngoing  stm32h7xx_hal_adc_ex.o
    0x080072ac   0x080072ac   0x00000008   Code   RO         2614    i.LL_ADC_REG_IsConversionOngoing  stm32h7xx_hal_adc.o
    0x080072b4   0x080072b4   0x00000008   Code   RO         2831    i.LL_ADC_REG_IsConversionOngoing  stm32h7xx_hal_adc_ex.o
    0x080072bc   0x080072bc   0x00000010   Code   RO         2615    i.LL_ADC_REG_IsTriggerSourceSWStart  stm32h7xx_hal_adc.o
    0x080072cc   0x080072cc   0x00000016   Code   RO         2833    i.LL_ADC_SetOffset  stm32h7xx_hal_adc_ex.o
    0x080072e2   0x080072e2   0x00000002   PAD
    0x080072e4   0x080072e4   0x0000013c   Code   RO         1125    i.MX_ADC1_Init      adc.o
    0x08007420   0x08007420   0x000000b8   Code   RO         1126    i.MX_ADC2_Init      adc.o
    0x080074d8   0x080074d8   0x0000005c   Code   RO         1174    i.MX_DMA_Init       dma.o
    0x08007534   0x08007534   0x00000020   Code   RO         1080    i.MX_FREERTOS_Init  freertos.o
    0x08007554   0x08007554   0x00000120   Code   RO         1056    i.MX_GPIO_Init      gpio.o
    0x08007674   0x08007674   0x00000068   Code   RO         1223    i.MX_TIM15_Init     tim.o
    0x080076dc   0x080076dc   0x000000f4   Code   RO         1224    i.MX_TIM1_Init      tim.o
    0x080077d0   0x080077d0   0x000000a8   Code   RO         1225    i.MX_TIM3_Init      tim.o
    0x08007878   0x08007878   0x00000048   Code   RO         1226    i.MX_TIM7_Init      tim.o
    0x080078c0   0x080078c0   0x000000cc   Code   RO         1227    i.MX_TIM8_Init      tim.o
    0x0800798c   0x0800798c   0x00000068   Code   RO         1314    i.MX_UART4_Init     usart.o
    0x080079f4   0x080079f4   0x00000002   Code   RO         1369    i.MemManage_Handler  stm32h7xx_it.o
    0x080079f6   0x080079f6   0x00000002   Code   RO         1370    i.NMI_Handler       stm32h7xx_it.o
    0x080079f8   0x080079f8   0x00000100   Code   RO          940    i.OpenLoop_SpeedTest  main.o
    0x08007af8   0x08007af8   0x00000078   Code   RO          293    i.PID_Cal           foc.o
    0x08007b70   0x08007b70   0x00000020   Code   RO          294    i.PID_Init          foc.o
    0x08007b90   0x08007b90   0x00000018   Code   RO          295    i.PID_Reset         foc.o
    0x08007ba8   0x08007ba8   0x00000006   Code   RO          296    i.PID_SetTarget     foc.o
    0x08007bae   0x08007bae   0x00000002   PAD
    0x08007bb0   0x08007bb0   0x00000044   Code   RO          765    i.PWM_Init          pwm_driver.o
    0x08007bf4   0x08007bf4   0x00000036   Code   RO          766    i.PWM_SetDutyCycle  pwm_driver.o
    0x08007c2a   0x08007c2a   0x00000002   PAD
    0x08007c2c   0x08007c2c   0x00000120   Code   RO         3153    i.RCCEx_PLL2_Config  stm32h7xx_hal_rcc_ex.o
    0x08007d4c   0x08007d4c   0x00000120   Code   RO         3154    i.RCCEx_PLL3_Config  stm32h7xx_hal_rcc_ex.o
    0x08007e6c   0x08007e6c   0x0000009c   Code   RO          298    i.SVPWM_Calculate   foc.o
    0x08007f08   0x08007f08   0x00000048   Code   RO          299    i.SVPWM_GetDutyCycles  foc.o
    0x08007f50   0x08007f50   0x00000008   Code   RO         1081    i.StartDefaultTask  freertos.o
    0x08007f58   0x08007f58   0x0000001a   Code   RO         7106    i.SysTick_Handler   cmsis_os2.o
    0x08007f72   0x08007f72   0x00000002   PAD
    0x08007f74   0x08007f74   0x000000a8   Code   RO          941    i.SystemClock_Config  main.o
    0x0800801c   0x0800801c   0x000000f8   Code   RO         5955    i.SystemInit        system_stm32h7xx.o
    0x08008114   0x08008114   0x0000000c   Code   RO         1371    i.TIM3_IRQHandler   stm32h7xx_it.o
    0x08008120   0x08008120   0x0000000c   Code   RO         1372    i.TIM6_DAC_IRQHandler  stm32h7xx_it.o
    0x0800812c   0x0800812c   0x0000000c   Code   RO         1373    i.TIM7_IRQHandler   stm32h7xx_it.o
    0x08008138   0x08008138   0x000000cc   Code   RO         1672    i.TIM_Base_SetConfig  stm32h7xx_hal_tim.o
    0x08008204   0x08008204   0x0000001a   Code   RO         1673    i.TIM_CCxChannelCmd  stm32h7xx_hal_tim.o
    0x0800821e   0x0800821e   0x0000001a   Code   RO         2336    i.TIM_CCxNChannelCmd  stm32h7xx_hal_tim_ex.o
    0x08008238   0x08008238   0x00000012   Code   RO         1683    i.TIM_ETR_SetConfig  stm32h7xx_hal_tim.o
    0x0800824a   0x0800824a   0x00000002   PAD
    0x0800824c   0x0800824c   0x00000014   Code   RO         1684    i.TIM_ITRx_SetConfig  stm32h7xx_hal_tim.o
    0x08008260   0x08008260   0x000000a4   Code   RO         1685    i.TIM_OC1_SetConfig  stm32h7xx_hal_tim.o
    0x08008304   0x08008304   0x00000098   Code   RO         1686    i.TIM_OC2_SetConfig  stm32h7xx_hal_tim.o
    0x0800839c   0x0800839c   0x00000098   Code   RO         1687    i.TIM_OC3_SetConfig  stm32h7xx_hal_tim.o
    0x08008434   0x08008434   0x00000078   Code   RO         1688    i.TIM_OC4_SetConfig  stm32h7xx_hal_tim.o
    0x080084ac   0x080084ac   0x00000074   Code   RO         1689    i.TIM_OC5_SetConfig  stm32h7xx_hal_tim.o
    0x08008520   0x08008520   0x00000074   Code   RO         1690    i.TIM_OC6_SetConfig  stm32h7xx_hal_tim.o
    0x08008594   0x08008594   0x00000022   Code   RO         1692    i.TIM_TI1_ConfigInputStage  stm32h7xx_hal_tim.o
    0x080085b6   0x080085b6   0x00000002   PAD
    0x080085b8   0x080085b8   0x00000080   Code   RO         1693    i.TIM_TI1_SetConfig  stm32h7xx_hal_tim.o
    0x08008638   0x08008638   0x00000024   Code   RO         1694    i.TIM_TI2_ConfigInputStage  stm32h7xx_hal_tim.o
    0x0800865c   0x0800865c   0x00000036   Code   RO         1695    i.TIM_TI2_SetConfig  stm32h7xx_hal_tim.o
    0x08008692   0x08008692   0x00000002   PAD
    0x08008694   0x08008694   0x0000000c   Code   RO         1374    i.UART4_IRQHandler  stm32h7xx_it.o
    0x080086a0   0x080086a0   0x00000044   Code   RO         5849    i.UARTEx_SetNbDataToProcess  stm32h7xx_hal_uart_ex.o
    0x080086e4   0x080086e4   0x000000c8   Code   RO         5458    i.UART_AdvFeatureConfig  stm32h7xx_hal_uart.o
    0x080087ac   0x080087ac   0x000000aa   Code   RO         5459    i.UART_CheckIdleState  stm32h7xx_hal_uart.o
    0x08008856   0x08008856   0x00000010   Code   RO         5460    i.UART_DMAAbortOnError  stm32h7xx_hal_uart.o
    0x08008866   0x08008866   0x0000004e   Code   RO         5461    i.UART_DMAError     stm32h7xx_hal_uart.o
    0x080088b4   0x080088b4   0x00000040   Code   RO         5466    i.UART_DMATransmitCplt  stm32h7xx_hal_uart.o
    0x080088f4   0x080088f4   0x0000000a   Code   RO         5468    i.UART_DMATxHalfCplt  stm32h7xx_hal_uart.o
    0x080088fe   0x080088fe   0x00000002   PAD
    0x08008900   0x08008900   0x00000054   Code   RO         5470    i.UART_EndRxTransfer  stm32h7xx_hal_uart.o
    0x08008954   0x08008954   0x0000002e   Code   RO         5471    i.UART_EndTxTransfer  stm32h7xx_hal_uart.o
    0x08008982   0x08008982   0x00000002   PAD
    0x08008984   0x08008984   0x000003ac   Code   RO         5476    i.UART_SetConfig    stm32h7xx_hal_uart.o
    0x08008d30   0x08008d30   0x00000094   Code   RO         5483    i.UART_WaitOnFlagUntilTimeout  stm32h7xx_hal_uart.o
    0x08008dc4   0x08008dc4   0x00000002   Code   RO         1375    i.UsageFault_Handler  stm32h7xx_it.o
    0x08008dc6   0x08008dc6   0x00000002   PAD
    0x08008dc8   0x08008dc8   0x00000028   Code   RO          872    i.VOFA_Init         vofa_debug.o
    0x08008df0   0x08008df0   0x00000050   Code   RO          874    i.VOFA_SendData     vofa_debug.o
    0x08008e40   0x08008e40   0x00000024   Code   RO          875    i.VOFA_SendFloat    vofa_debug.o
    0x08008e64   0x08008e64   0x00000014   Code   RO          876    i.VOFA_UART_TxCpltCallback  vofa_debug.o
    0x08008e78   0x08008e78   0x00000022   Code   RO         4373    i.__NVIC_SetPriority  stm32h7xx_hal_cortex.o
    0x08008e9a   0x08008e9a   0x0000003a   Code   RO         7916    i.__hardfp_sqrtf    m_wv.l(sqrtf.o)
    0x08008ed4   0x08008ed4   0x00000020   Code   RO          300    i._constrainFloat   foc.o
    0x08008ef4   0x08008ef4   0x000001a8   Code   RO          942    i.main              main.o
    0x0800909c   0x0800909c   0x0000001c   Code   RO         7108    i.osDelay           cmsis_os2.o
    0x080090b8   0x080090b8   0x00000024   Code   RO         7122    i.osKernelInitialize  cmsis_os2.o
    0x080090dc   0x080090dc   0x00000038   Code   RO         7125    i.osKernelStart     cmsis_os2.o
    0x08009114   0x08009114   0x00000090   Code   RO         7167    i.osThreadNew       cmsis_os2.o
    0x080091a4   0x080091a4   0x0000005c   Code   RO         6567    i.prvAddCurrentTaskToDelayedList  tasks.o
    0x08009200   0x08009200   0x000000d0   Code   RO         6568    i.prvAddNewTaskToReadyList  tasks.o
    0x080092d0   0x080092d0   0x00000058   Code   RO         6932    i.prvCheckForValidListAndQueue  timers.o
    0x08009328   0x08009328   0x00000026   Code   RO         6164    i.prvCopyDataFromQueue  queue.o
    0x0800934e   0x0800934e   0x0000006c   Code   RO         6165    i.prvCopyDataToQueue  queue.o
    0x080093ba   0x080093ba   0x00000034   Code   RO         6569    i.prvDeleteTCB      tasks.o
    0x080093ee   0x080093ee   0x00000002   PAD
    0x080093f0   0x080093f0   0x00000050   Code   RO         7619    i.prvHeapInit       heap_4.o
    0x08009440   0x08009440   0x00000060   Code   RO         6570    i.prvIdleTask       tasks.o
    0x080094a0   0x080094a0   0x00000022   Code   RO         6167    i.prvInitialiseNewQueue  queue.o
    0x080094c2   0x080094c2   0x000000b0   Code   RO         6571    i.prvInitialiseNewTask  tasks.o
    0x08009572   0x08009572   0x00000002   PAD
    0x08009574   0x08009574   0x0000004c   Code   RO         7620    i.prvInsertBlockIntoFreeList  heap_4.o
    0x080095c0   0x080095c0   0x0000003c   Code   RO         6934    i.prvInsertTimerInActiveList  timers.o
    0x080095fc   0x080095fc   0x0000001c   Code   RO         6168    i.prvIsQueueEmpty   queue.o
    0x08009618   0x08009618   0x000000f8   Code   RO         6935    i.prvProcessReceivedCommands  timers.o
    0x08009710   0x08009710   0x000000c0   Code   RO         6936    i.prvProcessTimerOrBlockTask  timers.o
    0x080097d0   0x080097d0   0x00000020   Code   RO         6573    i.prvResetNextTaskUnblockTime  tasks.o
    0x080097f0   0x080097f0   0x00000028   Code   RO         6937    i.prvSampleTimeNow  timers.o
    0x08009818   0x08009818   0x0000006c   Code   RO         6938    i.prvSwitchTimerLists  timers.o
    0x08009884   0x08009884   0x00000028   Code   RO         7675    i.prvTaskExitError  port.o
    0x080098ac   0x080098ac   0x00000024   Code   RO         6939    i.prvTimerTask      timers.o
    0x080098d0   0x080098d0   0x0000006a   Code   RO         6169    i.prvUnlockQueue    queue.o
    0x0800993a   0x0800993a   0x00000002   PAD
    0x0800993c   0x0800993c   0x000000dc   Code   RO         7621    i.pvPortMalloc      heap_4.o
    0x08009a18   0x08009a18   0x00000030   Code   RO         7676    i.pxPortInitialiseStack  port.o
    0x08009a48   0x08009a48   0x00000026   Code   RO         6124    i.uxListRemove      list.o
    0x08009a6e   0x08009a6e   0x00000002   PAD
    0x08009a70   0x08009a70   0x00000018   Code   RO         7179    i.vApplicationGetIdleTaskMemory  cmsis_os2.o
    0x08009a88   0x08009a88   0x00000018   Code   RO         7180    i.vApplicationGetTimerTaskMemory  cmsis_os2.o
    0x08009aa0   0x08009aa0   0x00000016   Code   RO         6125    i.vListInitialise   list.o
    0x08009ab6   0x08009ab6   0x00000006   Code   RO         6126    i.vListInitialiseItem  list.o
    0x08009abc   0x08009abc   0x00000030   Code   RO         6127    i.vListInsert       list.o
    0x08009aec   0x08009aec   0x00000018   Code   RO         6128    i.vListInsertEnd    list.o
    0x08009b04   0x08009b04   0x00000040   Code   RO         7678    i.vPortEnterCritical  port.o
    0x08009b44   0x08009b44   0x00000028   Code   RO         7679    i.vPortExitCritical  port.o
    0x08009b6c   0x08009b6c   0x00000064   Code   RO         7622    i.vPortFree         heap_4.o
    0x08009bd0   0x08009bd0   0x00000024   Code   RO         7680    i.vPortSetupTimerInterrupt  port.o
    0x08009bf4   0x08009bf4   0x00000054   Code   RO         7681    i.vPortValidateInterruptPriority  port.o
    0x08009c48   0x08009c48   0x00000028   Code   RO         6175    i.vQueueAddToRegistry  queue.o
    0x08009c70   0x08009c70   0x00000044   Code   RO         6179    i.vQueueWaitForMessageRestricted  queue.o
    0x08009cb4   0x08009cb4   0x0000004c   Code   RO         6586    i.vTaskDelay        tasks.o
    0x08009d00   0x08009d00   0x00000010   Code   RO         6591    i.vTaskInternalSetTimeOutState  tasks.o
    0x08009d10   0x08009d10   0x0000000c   Code   RO         6592    i.vTaskMissedYield  tasks.o
    0x08009d1c   0x08009d1c   0x00000030   Code   RO         6594    i.vTaskPlaceOnEventList  tasks.o
    0x08009d4c   0x08009d4c   0x00000038   Code   RO         6595    i.vTaskPlaceOnEventListRestricted  tasks.o
    0x08009d84   0x08009d84   0x00000088   Code   RO         6603    i.vTaskStartScheduler  tasks.o
    0x08009e0c   0x08009e0c   0x00000010   Code   RO         6605    i.vTaskSuspendAll   tasks.o
    0x08009e1c   0x08009e1c   0x00000064   Code   RO         6606    i.vTaskSwitchContext  tasks.o
    0x08009e80   0x08009e80   0x000000f4   Code   RO         7682    i.xPortStartScheduler  port.o
    0x08009f74   0x08009f74   0x0000002c   Code   RO         7683    i.xPortSysTickHandler  port.o
    0x08009fa0   0x08009fa0   0x00000066   Code   RO         6185    i.xQueueGenericCreateStatic  queue.o
    0x0800a006   0x0800a006   0x00000002   PAD
    0x0800a008   0x0800a008   0x00000094   Code   RO         6186    i.xQueueGenericReset  queue.o
    0x0800a09c   0x0800a09c   0x00000160   Code   RO         6187    i.xQueueGenericSend  queue.o
    0x0800a1fc   0x0800a1fc   0x000000be   Code   RO         6188    i.xQueueGenericSendFromISR  queue.o
    0x0800a2ba   0x0800a2ba   0x00000002   PAD
    0x0800a2bc   0x0800a2bc   0x0000013c   Code   RO         6197    i.xQueueReceive     queue.o
    0x0800a3f8   0x0800a3f8   0x00000078   Code   RO         6608    i.xTaskCheckForTimeOut  tasks.o
    0x0800a470   0x0800a470   0x0000005a   Code   RO         6609    i.xTaskCreate       tasks.o
    0x0800a4ca   0x0800a4ca   0x00000056   Code   RO         6610    i.xTaskCreateStatic  tasks.o
    0x0800a520   0x0800a520   0x0000001c   Code   RO         6614    i.xTaskGetSchedulerState  tasks.o
    0x0800a53c   0x0800a53c   0x0000000c   Code   RO         6615    i.xTaskGetTickCount  tasks.o
    0x0800a548   0x0800a548   0x000000c8   Code   RO         6617    i.xTaskIncrementTick  tasks.o
    0x0800a610   0x0800a610   0x0000007c   Code   RO         6620    i.xTaskPriorityDisinherit  tasks.o
    0x0800a68c   0x0800a68c   0x00000070   Code   RO         6622    i.xTaskRemoveFromEventList  tasks.o
    0x0800a6fc   0x0800a6fc   0x000000c4   Code   RO         6623    i.xTaskResumeAll    tasks.o
    0x0800a7c0   0x0800a7c0   0x00000060   Code   RO         6948    i.xTimerCreateTimerTask  timers.o
    0x0800a820   0x0800a820   0x00000068   Code   RO         6949    i.xTimerGenericCommand  timers.o
    0x0800a888   0x0800a888   0x0000000a   Code   RO         8136    x$fpl$fpinit        fz_wv.l(fpinit.o)
    0x0800a892   0x0800a892   0x00000000   Code   RO         7947    x$fpl$usenofp       fz_wv.l(usenofp.o)
    0x0800a892   0x0800a892   0x00000004   Data   RO          879    .constdata          vofa_debug.o
    0x0800a896   0x0800a896   0x00000002   PAD
    0x0800a898   0x0800a898   0x00000024   Data   RO         1082    .constdata          freertos.o
    0x0800a8bc   0x0800a8bc   0x00000008   Data   RO         3662    .constdata          stm32h7xx_hal_dma.o
    0x0800a8c4   0x0800a8c4   0x00000018   Data   RO         5484    .constdata          stm32h7xx_hal_uart.o
    0x0800a8dc   0x0800a8dc   0x00000010   Data   RO         5850    .constdata          stm32h7xx_hal_uart_ex.o
    0x0800a8ec   0x0800a8ec   0x00000010   Data   RO         5956    .constdata          system_stm32h7xx.o
    0x0800a8fc   0x0800a8fc   0x0000000c   Data   RO         1083    .conststring        freertos.o
    0x0800a908   0x0800a908   0x00000804   Data   RO         7873    .rodata.sinTable_f32  arm_cortexM7lfdp_math.lib(arm_common_tables.o)
    0x0800b10c   0x0800b10c   0x00000020   Data   RO         8246    Region$$Table       anon$$obj.o


    Execution Region RW_IRAM1 (Exec base: 0x20000000, Load base: 0x0800b12c, Size: 0x00000000, Max: 0x00020000, ABSOLUTE)

    **** No section assigned to this execution region ****


    Execution Region RW_IRAM2 (Exec base: 0x24000000, Load base: 0x0800b12c, Size: 0x00005630, Max: 0x00080000, ABSOLUTE)

    Exec Addr    Load Addr    Size         Type   Attr      Idx    E Section Name        Object

    0x24000000   0x0800b12c   0x00000010   Data   RW          948    .data               main.o
    0x24000010   0x0800b13c   0x00000004   Data   RW         1084    .data               freertos.o
    0x24000014   0x0800b140   0x00000004   Data   RW         1128    .data               adc.o
    0x24000018   0x0800b144   0x00000008   Data   RW         1377    .data               stm32h7xx_it.o
    0x24000020   0x0800b14c   0x0000000c   Data   RW         4553    .data               stm32h7xx_hal.o
    0x2400002c   0x0800b158   0x00000008   Data   RW         5957    .data               system_stm32h7xx.o
    0x24000034   0x0800b160   0x0000003c   Data   RW         6626    .data               tasks.o
    0x24000070   0x0800b19c   0x00000014   Data   RW         6957    .data               timers.o
    0x24000084   0x0800b1b0   0x00000004   Data   RW         7182    .data               cmsis_os2.o
    0x24000088   0x0800b1b4   0x00000020   Data   RW         7628    .data               heap_4.o
    0x240000a8   0x0800b1d4   0x0000000c   Data   RW         7684    .data               port.o
    0x240000b4        -       0x00000120   Zero   RW          944    .bss                main.o
    0x240001d4        -       0x00000024   Zero   RW          946    .bss                main.o
    0x240001f8        -       0x000001b8   Zero   RW         1127    .bss                adc.o
    0x240003b0        -       0x0000017c   Zero   RW         1228    .bss                tim.o
    0x2400052c        -       0x00000184   Zero   RW         1315    .bss                usart.o
    0x240006b0        -       0x0000004c   Zero   RW         1541    .bss                stm32h7xx_hal_timebase_tim.o
    0x240006fc        -       0x00000040   Zero   RW         6201    .bss                queue.o
    0x2400073c        -       0x000004c4   Zero   RW         6625    .bss                tasks.o
    0x24000c00        -       0x00000118   Zero   RW         6956    .bss                timers.o
    0x24000d18        -       0x000006b8   Zero   RW         7181    .bss                cmsis_os2.o
    0x240013d0        -       0x00003c00   Zero   RW         7627    .bss                heap_4.o
    0x24004fd0        -       0x00000060   Zero   RW         8044    .bss                c_w.l(libspace.o)
    0x24005030        -       0x00000200   Zero   RW            2    HEAP                startup_stm32h750xx.o
    0x24005230        -       0x00000400   Zero   RW            1    STACK               startup_stm32h750xx.o



  Load Region LR$$.ARM.__at_0x30000000 (Base: 0x30000000, Size: 0x0000004c, Max: 0x0000004c, ABSOLUTE)

    Execution Region ER$$.ARM.__at_0x30000000 (Exec base: 0x30000000, Load base: 0x30000000, Size: 0x0000004c, Max: 0x0000004c, ABSOLUTE, UNINIT)

    Exec Addr    Load Addr    Size         Type   Attr      Idx    E Section Name        Object

    0x30000000   0x30000000   0x0000004c   Data   RW          877    .ARM.__at_0x30000000  vofa_debug.o



  Load Region LR$$.ARM.__at_0x30000050 (Base: 0x30000050, Size: 0x00000004, Max: 0x00000004, ABSOLUTE)

    Execution Region ER$$.ARM.__at_0x30000050 (Exec base: 0x30000050, Load base: 0x30000050, Size: 0x00000004, Max: 0x00000004, ABSOLUTE, UNINIT)

    Exec Addr    Load Addr    Size         Type   Attr      Idx    E Section Name        Object

    0x30000050   0x30000050   0x00000001   Data   RW         1376    .ARM.__at_0x30000050  stm32h7xx_it.o



  Load Region LR$$.ARM.__at_0x30020000 (Base: 0x30020000, Size: 0x00000030, Max: 0x00000030, ABSOLUTE)

    Execution Region ER$$.ARM.__at_0x30020000 (Exec base: 0x30020000, Load base: 0x30020000, Size: 0x00000030, Max: 0x00000030, ABSOLUTE, UNINIT)

    Exec Addr    Load Addr    Size         Type   Attr      Idx    E Section Name        Object

    0x30020000   0x30020000   0x00000030   Data   RW          943    .ARM.__at_0x30020000  main.o


==============================================================================

Image component sizes


      Code (inc. data)   RO Data    RW Data    ZI Data      Debug   Object Name

       872         80          0          4        440       3412   adc.o
       338         22          0          4       1720      71139   cmsis_os2.o
       436         30          0          0          0       5210   current_sense.o
        92          4          0          0          0        926   dma.o
       456         56          0          0          0    1346265   encoder.o
         0          0          0          0          0      19416   event_groups.o
       914         62          0          0          0      12838   foc.o
        40         14         48          4          0       1829   freertos.o
       288         16          0          0          0       1203   gpio.o
       476         24          0         32      15360       4999   heap_4.o
       138          0          0          0          0       3690   list.o
      1260        132          0         64        324      17756   main.o
         0          0          0          0          0        608   motor.o
       790         84          0         12          0      11661   port.o
       122          4          0          0          0       1582   pwm_driver.o
      1530         22          0          0         64      17628   queue.o
        72         30        664          0       1536        848   startup_stm32h750xx.o
       168         36          0         12          0      22805   stm32h7xx_hal.o
      3598        288          0          0          0      79422   stm32h7xx_hal_adc.o
      1888        158          0          0          0      72011   stm32h7xx_hal_adc_ex.o
       316         28          0          0          0      41112   stm32h7xx_hal_cortex.o
      5988        246          8          0          0      11970   stm32h7xx_hal_dma.o
       606         50          0          0          0       3612   stm32h7xx_hal_gpio.o
        36          4          0          0          0        954   stm32h7xx_hal_msp.o
        84          6          0          0          0        793   stm32h7xx_hal_pwr_ex.o
      2558        110          0          0          0       7913   stm32h7xx_hal_rcc.o
      4776        174          0          0          0      10603   stm32h7xx_hal_rcc_ex.o
      3676        342          0          0          0      25223   stm32h7xx_hal_tim.o
       560         72          0          0          0       5663   stm32h7xx_hal_tim_ex.o
       140         20          0          0         76       1611   stm32h7xx_hal_timebase_tim.o
      2936        150         24          0          0      33420   stm32h7xx_hal_uart.o
       290          6         16          0          0       5546   stm32h7xx_hal_uart_ex.o
       570        124          0          9          0      11915   stm32h7xx_it.o
         0          0          0          0          0        392   stream_buffer.o
       276         48         16          8          0       2021   system_stm32h7xx.o
      2084        162          0         60       1220      27088   tasks.o
      1280        108          0          0        380       6945   tim.o
       972         84          0         20        280      32247   timers.o
       364         30          0          0        388       2136   usart.o
       176         28          4         76          0       3912   vofa_debug.o

    ----------------------------------------------------------------------
     41226       2854        814        308      21788    1930324   Object Totals
         0          0         32          0          0          0   (incl. Generated)
        60          0          2          3          0          0   (incl. Padding)

    ----------------------------------------------------------------------

      Code (inc. data)   RO Data    RW Data    ZI Data      Debug   Library Member Name

         0          0       2052          0          0       6294   arm_common_tables.o
       244         16          0          0          0       1532   arm_sin_cos_f32.o
         8          0          0          0          0         68   __main.o
         0          0          0          0          0          0   __rtentry.o
        12          0          0          0          0          0   __rtentry2.o
         6          0          0          0          0          0   __rtentry4.o
        52          8          0          0          0          0   __scatter.o
        26          0          0          0          0          0   __scatter_copy.o
        28          0          0          0          0          0   __scatter_zi.o
        22          0          0          0          0        100   _rserrno.o
        16          0          0          0          0         68   aeabi_memset.o
        18          0          0          0          0         80   exit.o
         6          0          0          0          0        152   heapauxi.o
         0          0          0          0          0          0   indicate_semi.o
         2          0          0          0          0          0   libinit.o
         6          0          0          0          0          0   libinit2.o
         2          0          0          0          0          0   libshutdown.o
         2          0          0          0          0          0   libshutdown2.o
         8          4          0          0         96         68   libspace.o
       238          0          0          0          0        100   lludivv7m.o
         8          4          0          0          0         68   rt_errno_addr_intlibspace.o
        68          0          0          0          0         68   rt_memclr.o
        78          0          0          0          0         80   rt_memclr_w.o
       138          0          0          0          0         68   rt_memcpy_v6.o
       100          0          0          0          0         80   rt_memcpy_w.o
         2          0          0          0          0          0   rtexit.o
        10          0          0          0          0          0   rtexit2.o
        12          4          0          0          0         68   sys_exit.o
        74          0          0          0          0         80   sys_stackheap_outer.o
         2          0          0          0          0         68   use_no_semi.o
        10          0          0          0          0        116   fpinit.o
         0          0          0          0          0          0   usenofp.o
        58          0          0          0          0        136   sqrtf.o

    ----------------------------------------------------------------------
      1264         36       2052          0         96       9294   Library Totals
         8          0          0          0          0          0   (incl. Padding)

    ----------------------------------------------------------------------

      Code (inc. data)   RO Data    RW Data    ZI Data      Debug   Library Name

       244         16       2052          0          0       7826   arm_cortexM7lfdp_math.lib
       944         20          0          0         96       1216   c_w.l
        10          0          0          0          0        116   fz_wv.l
        58          0          0          0          0        136   m_wv.l

    ----------------------------------------------------------------------
      1264         36       2052          0         96       9294   Library Totals

    ----------------------------------------------------------------------

==============================================================================


      Code (inc. data)   RO Data    RW Data    ZI Data      Debug   

     42490       2890       2866        308      21884    1912546   Grand Totals
     42490       2890       2866        308      21884    1912546   ELF Image Totals
     42490       2890       2866        308          0          0   ROM Totals

==============================================================================

    Total RO  Size (Code + RO Data)                45356 (  44.29kB)
    Total RW  Size (RW Data + ZI Data)             22192 (  21.67kB)
    Total ROM Size (Code + RO Data + RW Data)      45664 (  44.59kB)

==============================================================================

