Component: ARM Compiler 5.06 update 7 (build 960) Tool: armlink [4d3601]

==============================================================================

Section Cross References

    startup_stm32h750xx.o(STACK) refers (Special) to heapauxi.o(.text) for __use_two_region_memory
    startup_stm32h750xx.o(HEAP) refers (Special) to heapauxi.o(.text) for __use_two_region_memory
    startup_stm32h750xx.o(RESET) refers (Special) to heapauxi.o(.text) for __use_two_region_memory
    startup_stm32h750xx.o(RESET) refers to startup_stm32h750xx.o(STACK) for __initial_sp
    startup_stm32h750xx.o(RESET) refers to startup_stm32h750xx.o(.text) for Reset_Handler
    startup_stm32h750xx.o(RESET) refers to stm32h7xx_it.o(i.NMI_Handler) for NMI_Handler
    startup_stm32h750xx.o(RESET) refers to stm32h7xx_it.o(i.HardFault_Handler) for HardFault_Handler
    startup_stm32h750xx.o(RESET) refers to stm32h7xx_it.o(i.MemManage_Handler) for MemManage_Handler
    startup_stm32h750xx.o(RESET) refers to stm32h7xx_it.o(i.BusFault_Handler) for BusFault_Handler
    startup_stm32h750xx.o(RESET) refers to stm32h7xx_it.o(i.UsageFault_Handler) for UsageFault_Handler
    startup_stm32h750xx.o(RESET) refers to port.o(.emb_text) for SVC_Handler
    startup_stm32h750xx.o(RESET) refers to stm32h7xx_it.o(i.DebugMon_Handler) for DebugMon_Handler
    startup_stm32h750xx.o(RESET) refers to cmsis_os2.o(i.SysTick_Handler) for SysTick_Handler
    startup_stm32h750xx.o(RESET) refers to stm32h7xx_it.o(i.EXTI4_IRQHandler) for EXTI4_IRQHandler
    startup_stm32h750xx.o(RESET) refers to stm32h7xx_it.o(i.DMA1_Stream1_IRQHandler) for DMA1_Stream1_IRQHandler
    startup_stm32h750xx.o(RESET) refers to stm32h7xx_it.o(i.ADC_IRQHandler) for ADC_IRQHandler
    startup_stm32h750xx.o(RESET) refers to stm32h7xx_it.o(i.EXTI9_5_IRQHandler) for EXTI9_5_IRQHandler
    startup_stm32h750xx.o(RESET) refers to stm32h7xx_it.o(i.TIM3_IRQHandler) for TIM3_IRQHandler
    startup_stm32h750xx.o(RESET) refers to stm32h7xx_it.o(i.TIM6_DAC_IRQHandler) for TIM6_DAC_IRQHandler
    startup_stm32h750xx.o(RESET) refers to stm32h7xx_it.o(i.TIM7_IRQHandler) for TIM7_IRQHandler
    startup_stm32h750xx.o(.text) refers (Special) to heapauxi.o(.text) for __use_two_region_memory
    startup_stm32h750xx.o(.text) refers to system_stm32h7xx.o(i.ExitRun0Mode) for ExitRun0Mode
    startup_stm32h750xx.o(.text) refers to system_stm32h7xx.o(i.SystemInit) for SystemInit
    startup_stm32h750xx.o(.text) refers to __main.o(!!!main) for __main
    startup_stm32h750xx.o(.text) refers to startup_stm32h750xx.o(HEAP) for Heap_Mem
    startup_stm32h750xx.o(.text) refers to startup_stm32h750xx.o(STACK) for Stack_Mem
    main.o(i.HAL_TIM_PeriodElapsedCallback) refers to stm32h7xx_hal.o(i.HAL_IncTick) for HAL_IncTick
    main.o(i.HAL_TIM_PeriodElapsedCallback) refers to encoder.o(i.Encoder_UpdateSpeed) for Encoder_UpdateSpeed
    main.o(i.HAL_TIM_PeriodElapsedCallback) refers to main.o(i.OpenLoop_SpeedTest) for OpenLoop_SpeedTest
    main.o(i.HAL_TIM_PeriodElapsedCallback) refers to main.o(i.OpenLoop_PrintSpeed) for OpenLoop_PrintSpeed
    main.o(i.HAL_TIM_PeriodElapsedCallback) refers to encoder.o(i.Encoder_GetTotalCount) for Encoder_GetTotalCount
    main.o(i.HAL_TIM_PeriodElapsedCallback) refers to foc.o(i.FOC_UpdateAngle) for FOC_UpdateAngle
    main.o(i.HAL_TIM_PeriodElapsedCallback) refers to encoder.o(i.Encoder_GetSpeed_RPS) for Encoder_GetSpeed_RPS
    main.o(i.HAL_TIM_PeriodElapsedCallback) refers to foc.o(i.FOC_CalVelocityLoop) for FOC_CalVelocityLoop
    main.o(i.HAL_TIM_PeriodElapsedCallback) refers to tim.o(.bss) for htim7
    main.o(i.HAL_TIM_PeriodElapsedCallback) refers to main.o(.bss) for .bss
    main.o(i.HAL_TIM_PeriodElapsedCallback) refers to main.o(.data) for .data
    main.o(i.OpenLoop_PrintSpeed) refers to _printf_percent.o(.ARM.Collect$$_printf_percent$$00000000) for _printf_percent
    main.o(i.OpenLoop_PrintSpeed) refers to _printf_f.o(.ARM.Collect$$_printf_percent$$00000003) for _printf_f
    main.o(i.OpenLoop_PrintSpeed) refers to printf1.o(x$fpl$printf1) for _printf_fp_dec
    main.o(i.OpenLoop_PrintSpeed) refers to stm32h7xx_hal_gpio.o(i.HAL_GPIO_WritePin) for HAL_GPIO_WritePin
    main.o(i.OpenLoop_PrintSpeed) refers to encoder.o(i.Encoder_GetSpeed_RPM) for Encoder_GetSpeed_RPM
    main.o(i.OpenLoop_PrintSpeed) refers to encoder.o(i.Encoder_GetSpeed_RPS) for Encoder_GetSpeed_RPS
    main.o(i.OpenLoop_PrintSpeed) refers to noretval__2sprintf.o(.text) for __2sprintf
    main.o(i.OpenLoop_PrintSpeed) refers to strlen.o(.text) for strlen
    main.o(i.OpenLoop_PrintSpeed) refers to stm32h7xx_hal_uart.o(i.HAL_UART_Transmit) for HAL_UART_Transmit
    main.o(i.OpenLoop_PrintSpeed) refers to main.o(.data) for .data
    main.o(i.OpenLoop_PrintSpeed) refers to main.o(.bss) for .bss
    main.o(i.OpenLoop_PrintSpeed) refers to main.o(.conststring) for .conststring
    main.o(i.OpenLoop_PrintSpeed) refers to usart.o(.bss) for huart4
[...]
    _signal_init                              - Undefined Weak Reference
    _terminate_alloc                          - Undefined Weak Reference
    _terminate_user_alloc                     - Undefined Weak Reference
    _terminateio                              - Undefined Weak Reference
    __Vectors_Size                           0x00000298   Number         0  startup_stm32h750xx.o ABSOLUTE
    __Vectors                                0x08000000   Data           4  startup_stm32h750xx.o(RESET)
    __Vectors_End                            0x08000298   Data           0  startup_stm32h750xx.o(RESET)
    __main                                   0x08000299   Thumb Code     8  __main.o(!!!main)
    __scatterload                            0x080002a1   Thumb Code     0  __scatter.o(!!!scatter)
    __scatterload_rt2                        0x080002a1   Thumb Code    44  __scatter.o(!!!scatter)
    __scatterload_rt2_thumb_only             0x080002a1   Thumb Code     0  __scatter.o(!!!scatter)
    __scatterload_null                       0x080002af   Thumb Code     0  __scatter.o(!!!scatter)
    __scatterload_copy                       0x080002d5   Thumb Code    26  __scatter_copy.o(!!handler_copy)
    __scatterload_zeroinit                   0x080002f1   Thumb Code    28  __scatter_zi.o(!!handler_zi)
    _printf_f                                0x0800030d   Thumb Code     0  _printf_f.o(.ARM.Collect$$_printf_percent$$00000003)
    _printf_percent                          0x0800030d   Thumb Code     0  _printf_percent.o(.ARM.Collect$$_printf_percent$$00000000)
    _printf_percent_end                      0x08000313   Thumb Code     0  _printf_percent_end.o(.ARM.Collect$$_printf_percent$$00000017)
    __rt_lib_init                            0x08000317   Thumb Code     0  libinit.o(.ARM.Collect$$libinit$$00000000)
    __rt_lib_init_fp_1                       0x08000319   Thumb Code     0  libinit2.o(.ARM.Collect$$libinit$$00000001)
    __rt_lib_init_heap_1                     0x0800031d   Thumb Code     0  libinit2.o(.ARM.Collect$$libinit$$0000000A)
    __rt_lib_init_lc_common                  0x0800031d   Thumb Code     0  libinit2.o(.ARM.Collect$$libinit$$0000000F)
    __rt_lib_init_preinit_1                  0x0800031d   Thumb Code     0  libinit2.o(.ARM.Collect$$libinit$$00000004)
    __rt_lib_init_rand_1                     0x0800031d   Thumb Code     0  libinit2.o(.ARM.Collect$$libinit$$0000000E)
    __rt_lib_init_user_alloc_1               0x0800031d   Thumb Code     0  libinit2.o(.ARM.Collect$$libinit$$0000000C)
    __rt_lib_init_lc_collate_1               0x08000323   Thumb Code     0  libinit2.o(.ARM.Collect$$libinit$$00000011)
    __rt_lib_init_lc_ctype_1                 0x08000323   Thumb Code     0  libinit2.o(.ARM.Collect$$libinit$$00000013)
    __rt_lib_init_lc_monetary_1              0x08000323   Thumb Code     0  libinit2.o(.ARM.Collect$$libinit$$00000015)
    __rt_lib_init_lc_numeric_2               0x08000323   Thumb Code     0  libinit2.o(.ARM.Collect$$libinit$$00000016)
    __rt_lib_init_alloca_1                   0x0800032d   Thumb Code     0  libinit2.o(.ARM.Collect$$libinit$$0000002E)
    __rt_lib_init_argv_1                     0x0800032d   Thumb Code     0  libinit2.o(.ARM.Collect$$libinit$$0000002C)
    __rt_lib_init_atexit_1                   0x0800032d   Thumb Code     0  libinit2.o(.ARM.Collect$$libinit$$0000001B)
    __rt_lib_init_clock_1                    0x0800032d   Thumb Code     0  libinit2.o(.ARM.Collect$$libinit$$00000021)
    __rt_lib_init_cpp_1                      0x0800032d   Thumb Code     0  libinit2.o(.ARM.Collect$$libinit$$00000032)
    __rt_lib_init_exceptions_1               0x0800032d   Thumb Code     0  libinit2.o(.ARM.Collect$$libinit$$00000030)
    __rt_lib_init_fp_trap_1                  0x0800032d   Thumb Code     0  libinit2.o(.ARM.Collect$$libinit$$0000001F)
    __rt_lib_init_getenv_1                   0x0800032d   Thumb Code     0  libinit2.o(.ARM.Collect$$libinit$$00000023)
    __rt_lib_init_lc_numeric_1               0x0800032d   Thumb Code     0  libinit2.o(.ARM.Collect$$libinit$$00000017)
    __rt_lib_init_lc_time_1                  0x0800032d   Thumb Code     0  libinit2.o(.ARM.Collect$$libinit$$00000019)
    __rt_lib_init_return                     0x0800032d   Thumb Code     0  libinit2.o(.ARM.Collect$$libinit$$00000033)
    __rt_lib_init_signal_1                   0x0800032d   Thumb Code     0  libinit2.o(.ARM.Collect$$libinit$$0000001D)
    __rt_lib_init_stdio_1                    0x0800032d   Thumb Code     0  libinit2.o(.ARM.Collect$$libinit$$00000025)
    __rt_lib_shutdown                        0x0800032f   Thumb Code     0  libshutdown.o(.ARM.Collect$$libshutdown$$00000000)
    __rt_lib_shutdown_cpp_1                  0x08000331   Thumb Code     0  libshutdown2.o(.ARM.Collect$$libshutdown$$00000004)
    __rt_lib_shutdown_fini_1                 0x08000331   Thumb Code     0  libshutdown2.o(.ARM.Collect$$libshutdown$$00000002)
    __rt_lib_shutdown_fp_trap_1              0x08000331   Thumb Code     0  libshutdown2.o(.ARM.Collect$$libshutdown$$00000009)
    __rt_lib_shutdown_heap_1                 0x08000331   Thumb Code     0  libshutdown2.o(.ARM.Collect$$libshutdown$$00000011)
    __rt_lib_shutdown_return                 0x08000331   Thumb Code     0  libshutdown2.o(.ARM.Collect$$libshutdown$$00000012)
    __rt_lib_shutdown_signal_1               0x08000331   Thumb Code     0  libshutdown2.o(.ARM.Collect$$libshutdown$$0000000C)
    __rt_lib_shutdown_stdio_1                0x08000331   Thumb Code     0  libshutdown2.o(.ARM.Collect$$libshutdown$$00000006)
    __rt_lib_shutdown_user_alloc_1           0x08000331   Thumb Code     0  libshutdown2.o(.ARM.Collect$$libshutdown$$0000000E)
    __rt_entry                               0x08000333   Thumb Code     0  __rtentry.o(.ARM.Collect$$rtentry$$00000000)
    __rt_entry_presh_1                       0x08000333   Thumb Code     0  __rtentry2.o(.ARM.Collect$$rtentry$$00000002)
    __rt_entry_sh                            0x08000333   Thumb Code     0  __rtentry4.o(.ARM.Collect$$rtentry$$00000004)
    __rt_entry_li                            0x08000339   Thumb Code     0  __rtentry2.o(.ARM.Collect$$rtentry$$0000000A)
    __rt_entry_postsh_1                      0x08000339   Thumb Code     0  __rtentry2.o(.ARM.Collect$$rtentry$$00000009)
    __rt_entry_main                          0x0800033d   Thumb Code     0  __rtentry2.o(.ARM.Collect$$rtentry$$0000000D)
    __rt_entry_postli_1                      0x0800033d   Thumb Code     0  __rtentry2.o(.ARM.Collect$$rtentry$$0000000C)
    __rt_exit                                0x08000345   Thumb Code     0  rtexit.o(.ARM.Collect$$rtexit$$00000000)
    __rt_exit_ls                             0x08000347   Thumb Code     0  rtexit2.o(.ARM.Collect$$rtexit$$00000003)
    __rt_exit_prels_1                        0x08000347   Thumb Code     0  rtexit2.o(.ARM.Collect$$rtexit$$00000002)
    __rt_exit_exit                           0x0800034b   Thumb Code     0  rtexit2.o(.ARM.Collect$$rtexit$$00000004)
    SVC_Handler                              0x08000351   Thumb Code    28  port.o(.emb_text)
    __asm___6_port_c_39a90d8d__prvStartFirstTask 0x08000371   Thumb Code    36  port.o(.emb_text)
    __asm___6_port_c_39a90d8d__prvEnableVFP  0x08000399   Thumb Code    16  port.o(.emb_text)
    PendSV_Handler                           0x080003ad   Thumb Code    88  port.o(.emb_text)
    vPortGetIPSR                             0x08000409   Thumb Code     6  port.o(.emb_text)
    Reset_Handler                            0x08000411   Thumb Code    12  startup_stm32h750xx.o(.text)
    ADC3_IRQHandler                          0x0800042f   Thumb Code     0  startup_stm32h750xx.o(.text)
    BDMA_Channel0_IRQHandler                 0x0800042f   Thumb Code     0  startup_stm32h750xx.o(.text)
    BDMA_Channel1_IRQHandler                 0x0800042f   Thumb Code     0  startup_stm32h750xx.o(.text)
    BDMA_Channel2_IRQHandler                 0x0800042f   Thumb Code     0  startup_stm32h750xx.o(.text)
    BDMA_Channel3_IRQHandler                 0x0800042f   Thumb Code     0  startup_stm32h750xx.o(.text)
    BDMA_Channel4_IRQHandler                 0x0800042f   Thumb Code     0  startup_stm32h750xx.o(.text)
    BDMA_Channel5_IRQHandler                 0x0800042f   Thumb Code     0  startup_stm32h750xx.o(.text)
    BDMA_Channel6_IRQHandler                 0x0800042f   Thumb Code     0  startup_stm32h750xx.o(.text)
    BDMA_Channel7_IRQHandler                 0x0800042f   Thumb Code     0  startup_stm32h750xx.o(.text)
    CEC_IRQHandler                           0x0800042f   Thumb Code     0  startup_stm32h750xx.o(.text)
    COMP1_IRQHandler                         0x0800042f   Thumb Code     0  startup_stm32h750xx.o(.text)
    CRS_IRQHandler                           0x0800042f   Thumb Code     0  startup_stm32h750xx.o(.text)
    CRYP_IRQHandler                          0x0800042f   Thumb Code     0  startup_stm32h750xx.o(.text)
    DCMI_IRQHandler                          0x0800042f   Thumb Code     0  startup_stm32h750xx.o(.text)
    DFSDM1_FLT0_IRQHandler                   0x0800042f   Thumb Code     0  startup_stm32h750xx.o(.text)
    DFSDM1_FLT1_IRQHandler                   0x0800042f   Thumb Code     0  startup_stm32h750xx.o(.text)
    DFSDM1_FLT2_IRQHandler                   0x0800042f   Thumb Code     0  startup_stm32h750xx.o(.text)
    DFSDM1_FLT3_IRQHandler                   0x0800042f   Thumb Code     0  startup_stm32h750xx.o(.text)
    DMA1_Stream0_IRQHandler                  0x0800042f   Thumb Code     0  startup_stm32h750xx.o(.text)
    DMA1_Stream2_IRQHandler                  0x0800042f   Thumb Code     0  startup_stm32h750xx.o(.text)
    DMA1_Stream3_IRQHandler                  0x0800042f   Thumb Code     0  startup_stm32h750xx.o(.text)
    DMA1_Stream4_IRQHandler                  0x0800042f   Thumb Code     0  startup_stm32h750xx.o(.text)
    DMA1_Stream5_IRQHandler                  0x0800042f   Thumb Code     0  startup_stm32h750xx.o(.text)
    DMA1_Stream6_IRQHandler                  0x0800042f   Thumb Code     0  startup_stm32h750xx.o(.text)
    DMA1_Stream7_IRQHandler                  0x0800042f   Thumb Code     0  startup_stm32h750xx.o(.text)
    DMA2D_IRQHandler                         0x0800042f   Thumb Code     0  startup_stm32h750xx.o(.text)
    DMA2_Stream0_IRQHandler                  0x0800042f   Thumb Code     0  startup_stm32h750xx.o(.text)
    DMA2_Stream1_IRQHandler                  0x0800042f   Thumb Code     0  startup_stm32h750xx.o(.text)
    DMA2_Stream2_IRQHandler                  0x0800042f   Thumb Code     0  startup_stm32h750xx.o(.text)
    DMA2_Stream3_IRQHandler                  0x0800042f   Thumb Code     0  startup_stm32h750xx.o(.text)
    DMA2_Stream4_IRQHandler                  0x0800042f   Thumb Code     0  startup_stm32h750xx.o(.text)
    DMA2_Stream5_IRQHandler                  0x0800042f   Thumb Code     0  startup_stm32h750xx.o(.text)
    DMA2_Stream6_IRQHandler                  0x0800042f   Thumb Code     0  startup_stm32h750xx.o(.text)
    DMA2_Stream7_IRQHandler                  0x0800042f   Thumb Code     0  startup_stm32h750xx.o(.text)
    DMAMUX1_OVR_IRQHandler                   0x0800042f   Thumb Code     0  startup_stm32h750xx.o(.text)
    DMAMUX2_OVR_IRQHandler                   0x0800042f   Thumb Code     0  startup_stm32h750xx.o(.text)
    ECC_IRQHandler                           0x0800042f   Thumb Code     0  startup_stm32h750xx.o(.text)
    ETH_IRQHandler                           0x0800042f   Thumb Code     0  startup_stm32h750xx.o(.text)
    ETH_WKUP_IRQHandler                      0x0800042f   Thumb Code     0  startup_stm32h750xx.o(.text)
    EXTI0_IRQHandler                         0x0800042f   Thumb Code     0  startup_stm32h750xx.o(.text)
    EXTI15_10_IRQHandler                     0x0800042f   Thumb Code     0  startup_stm32h750xx.o(.text)
    EXTI1_IRQHandler                         0x0800042f   Thumb Code     0  startup_stm32h750xx.o(.text)
    EXTI2_IRQHandler                         0x0800042f   Thumb Code     0  startup_stm32h750xx.o(.text)
    EXTI3_IRQHandler                         0x0800042f   Thumb Code     0  startup_stm32h750xx.o(.text)
    FDCAN1_IT0_IRQHandler                    0x0800042f   Thumb Code     0  startup_stm32h750xx.o(.text)
    FDCAN1_IT1_IRQHandler                    0x0800042f   Thumb Code     0  startup_stm32h750xx.o(.text)
    FDCAN2_IT0_IRQHandler                    0x0800042f   Thumb Code     0  startup_stm32h750xx.o(.text)
    FDCAN2_IT1_IRQHandler                    0x0800042f   Thumb Code     0  startup_stm32h750xx.o(.text)
    FDCAN_CAL_IRQHandler                     0x0800042f   Thumb Code     0  startup_stm32h750xx.o(.text)
    FLASH_IRQHandler                         0x0800042f   Thumb Code     0  startup_stm32h750xx.o(.text)
    FMC_IRQHandler                           0x0800042f   Thumb Code     0  startup_stm32h750xx.o(.text)
    FPU_IRQHandler                           0x0800042f   Thumb Code     0  startup_stm32h750xx.o(.text)
    HASH_RNG_IRQHandler                      0x0800042f   Thumb Code     0  startup_stm32h750xx.o(.text)
    HRTIM1_FLT_IRQHandler                    0x0800042f   Thumb Code     0  startup_stm32h750xx.o(.text)
    HRTIM1_Master_IRQHandler                 0x0800042f   Thumb Code     0  startup_stm32h750xx.o(.text)
    HRTIM1_TIMA_IRQHandler                   0x0800042f   Thumb Code     0  startup_stm32h750xx.o(.text)
    HRTIM1_TIMB_IRQHandler                   0x0800042f   Thumb Code     0  startup_stm32h750xx.o(.text)
    HRTIM1_TIMC_IRQHandler                   0x0800042f   Thumb Code     0  startup_stm32h750xx.o(.text)
    HRTIM1_TIMD_IRQHandler                   0x0800042f   Thumb Code     0  startup_stm32h750xx.o(.text)
    HRTIM1_TIME_IRQHandler                   0x0800042f   Thumb Code     0  startup_stm32h750xx.o(.text)
    HSEM1_IRQHandler                         0x0800042f   Thumb Code     0  startup_stm32h750xx.o(.text)
    I2C1_ER_IRQHandler                       0x0800042f   Thumb Code     0  startup_stm32h750xx.o(.text)
    I2C1_EV_IRQHandler                       0x0800042f   Thumb Code     0  startup_stm32h750xx.o(.text)
    I2C2_ER_IRQHandler                       0x0800042f   Thumb Code     0  startup_stm32h750xx.o(.text)
    I2C2_EV_IRQHandler                       0x0800042f   Thumb Code     0  startup_stm32h750xx.o(.text)
    I2C3_ER_IRQHandler                       0x0800042f   Thumb Code     0  startup_stm32h750xx.o(.text)
    I2C3_EV_IRQHandler                       0x0800042f   Thumb Code     0  startup_stm32h750xx.o(.text)
    I2C4_ER_IRQHandler                       0x0800042f   Thumb Code     0  startup_stm32h750xx.o(.text)
    I2C4_EV_IRQHandler                       0x0800042f   Thumb Code     0  startup_stm32h750xx.o(.text)
    JPEG_IRQHandler                          0x0800042f   Thumb Code     0  startup_stm32h750xx.o(.text)
    LPTIM1_IRQHandler                        0x0800042f   Thumb Code     0  startup_stm32h750xx.o(.text)
    LPTIM2_IRQHandler                        0x0800042f   Thumb Code     0  startup_stm32h750xx.o(.text)
    LPTIM3_IRQHandler                        0x0800042f   Thumb Code     0  startup_stm32h750xx.o(.text)
    LPTIM4_IRQHandler                        0x0800042f   Thumb Code     0  startup_stm32h750xx.o(.text)
    LPTIM5_IRQHandler                        0x0800042f   Thumb Code     0  startup_stm32h750xx.o(.text)
    LPUART1_IRQHandler                       0x0800042f   Thumb Code     0  startup_stm32h750xx.o(.text)
    LTDC_ER_IRQHandler                       0x0800042f   Thumb Code     0  startup_stm32h750xx.o(.text)
    LTDC_IRQHandler                          0x0800042f   Thumb Code     0  startup_stm32h750xx.o(.text)
    MDIOS_IRQHandler                         0x0800042f   Thumb Code     0  startup_stm32h750xx.o(.text)
    MDIOS_WKUP_IRQHandler                    0x0800042f   Thumb Code     0  startup_stm32h750xx.o(.text)
    MDMA_IRQHandler                          0x0800042f   Thumb Code     0  startup_stm32h750xx.o(.text)
    OTG_FS_EP1_IN_IRQHandler                 0x0800042f   Thumb Code     0  startup_stm32h750xx.o(.text)
    OTG_FS_EP1_OUT_IRQHandler                0x0800042f   Thumb Code     0  startup_stm32h750xx.o(.text)
    OTG_FS_IRQHandler                        0x0800042f   Thumb Code     0  startup_stm32h750xx.o(.text)
    OTG_FS_WKUP_IRQHandler                   0x0800042f   Thumb Code     0  startup_stm32h750xx.o(.text)
    OTG_HS_EP1_IN_IRQHandler                 0x0800042f   Thumb Code     0  startup_stm32h750xx.o(.text)
    OTG_HS_EP1_OUT_IRQHandler                0x0800042f   Thumb Code     0  startup_stm32h750xx.o(.text)
    OTG_HS_IRQHandler                        0x0800042f   Thumb Code     0  startup_stm32h750xx.o(.text)
    OTG_HS_WKUP_IRQHandler                   0x0800042f   Thumb Code     0  startup_stm32h750xx.o(.text)
    PVD_AVD_IRQHandler                       0x0800042f   Thumb Code     0  startup_stm32h750xx.o(.text)
    QUADSPI_IRQHandler                       0x0800042f   Thumb Code     0  startup_stm32h750xx.o(.text)
    RCC_IRQHandler                           0x0800042f   Thumb Code     0  startup_stm32h750xx.o(.text)
    RTC_Alarm_IRQHandler                     0x0800042f   Thumb Code     0  startup_stm32h750xx.o(.text)
    RTC_WKUP_IRQHandler                      0x0800042f   Thumb Code     0  startup_stm32h750xx.o(.text)
    SAI1_IRQHandler                          0x0800042f   Thumb Code     0  startup_stm32h750xx.o(.text)
    SAI2_IRQHandler                          0x0800042f   Thumb Code     0  startup_stm32h750xx.o(.text)
    SAI3_IRQHandler                          0x0800042f   Thumb Code     0  startup_stm32h750xx.o(.text)
    SAI4_IRQHandler                          0x0800042f   Thumb Code     0  startup_stm32h750xx.o(.text)
    SDMMC1_IRQHandler                        0x0800042f   Thumb Code     0  startup_stm32h750xx.o(.text)
    SDMMC2_IRQHandler                        0x0800042f   Thumb Code     0  startup_stm32h750xx.o(.text)
    SPDIF_RX_IRQHandler                      0x0800042f   Thumb Code     0  startup_stm32h750xx.o(.text)
    SPI1_IRQHandler                          0x0800042f   Thumb Code     0  startup_stm32h750xx.o(.text)
    SPI2_IRQHandler                          0x0800042f   Thumb Code     0  startup_stm32h750xx.o(.text)
    SPI3_IRQHandler                          0x0800042f   Thumb Code     0  startup_stm32h750xx.o(.text)
    SPI4_IRQHandler                          0x0800042f   Thumb Code     0  startup_stm32h750xx.o(.text)
    SPI5_IRQHandler                          0x0800042f   Thumb Code     0  startup_stm32h750xx.o(.text)
    SPI6_IRQHandler                          0x0800042f   Thumb Code     0  startup_stm32h750xx.o(.text)
    SWPMI1_IRQHandler                        0x0800042f   Thumb Code     0  startup_stm32h750xx.o(.text)
    TAMP_STAMP_IRQHandler                    0x0800042f   Thumb Code     0  startup_stm32h750xx.o(.text)
    TIM15_IRQHandler                         0x0800042f   Thumb Code     0  startup_stm32h750xx.o(.text)
    TIM16_IRQHandler                         0x0800042f   Thumb Code     0  startup_stm32h750xx.o(.text)
    TIM17_IRQHandler                         0x0800042f   Thumb Code     0  startup_stm32h750xx.o(.text)
    TIM1_BRK_IRQHandler                      0x0800042f   Thumb Code     0  startup_stm32h750xx.o(.text)
    TIM1_CC_IRQHandler                       0x0800042f   Thumb Code     0  startup_stm32h750xx.o(.text)
    TIM1_TRG_COM_IRQHandler                  0x0800042f   Thumb Code     0  startup_stm32h750xx.o(.text)
    TIM1_UP_IRQHandler                       0x0800042f   Thumb Code     0  startup_stm32h750xx.o(.text)
    TIM2_IRQHandler                          0x0800042f   Thumb Code     0  startup_stm32h750xx.o(.text)
    TIM4_IRQHandler                          0x0800042f   Thumb Code     0  startup_stm32h750xx.o(.text)
    TIM5_IRQHandler                          0x0800042f   Thumb Code     0  startup_stm32h750xx.o(.text)
    TIM8_BRK_TIM12_IRQHandler                0x0800042f   Thumb Code     0  startup_stm32h750xx.o(.text)
    TIM8_CC_IRQHandler                       0x0800042f   Thumb Code     0  startup_stm32h750xx.o(.text)
    TIM8_TRG_COM_TIM14_IRQHandler            0x0800042f   Thumb Code     0  startup_stm32h750xx.o(.text)
    TIM8_UP_TIM13_IRQHandler                 0x0800042f   Thumb Code     0  startup_stm32h750xx.o(.text)
    UART4_IRQHandler                         0x0800042f   Thumb Code     0  startup_stm32h750xx.o(.text)
    UART5_IRQHandler                         0x0800042f   Thumb Code     0  startup_stm32h750xx.o(.text)
    UART7_IRQHandler                         0x0800042f   Thumb Code     0  startup_stm32h750xx.o(.text)
    UART8_IRQHandler                         0x0800042f   Thumb Code     0  startup_stm32h750xx.o(.text)
    USART1_IRQHandler                        0x0800042f   Thumb Code     0  startup_stm32h750xx.o(.text)
    USART2_IRQHandler                        0x0800042f   Thumb Code     0  startup_stm32h750xx.o(.text)
    USART3_IRQHandler                        0x0800042f   Thumb Code     0  startup_stm32h750xx.o(.text)
    USART6_IRQHandler                        0x0800042f   Thumb Code     0  startup_stm32h750xx.o(.text)
    WAKEUP_PIN_IRQHandler                    0x0800042f   Thumb Code     0  startup_stm32h750xx.o(.text)
    WWDG_IRQHandler                          0x0800042f   Thumb Code     0  startup_stm32h750xx.o(.text)
    __user_initial_stackheap                 0x08000431   Thumb Code     0  startup_stm32h750xx.o(.text)
    __aeabi_uldivmod                         0x08000459   Thumb Code     0  lludivv7m.o(.text)
    _ll_udiv                                 0x08000459   Thumb Code   238  lludivv7m.o(.text)
    __2sprintf                               0x08000549   Thumb Code    34  noretval__2sprintf.o(.text)
    __printf                                 0x08000571   Thumb Code   270  __printf_wp.o(.text)
    strlen                                   0x0800067f   Thumb Code    62  strlen.o(.text)
    __aeabi_memcpy4                          0x080006bd   Thumb Code     0  rt_memcpy_w.o(.text)
    __aeabi_memcpy8                          0x080006bd   Thumb Code     0  rt_memcpy_w.o(.text)
    __rt_memcpy_w                            0x080006bd   Thumb Code   100  rt_memcpy_w.o(.text)
    _memcpy_lastbytes_aligned                0x08000705   Thumb Code     0  rt_memcpy_w.o(.text)
    __aeabi_memclr4                          0x08000721   Thumb Code     0  rt_memclr_w.o(.text)
    __aeabi_memclr8                          0x08000721   Thumb Code     0  rt_memclr_w.o(.text)
    __rt_memclr_w                            0x08000721   Thumb Code    78  rt_memclr_w.o(.text)
    _memset_w                                0x08000725   Thumb Code     0  rt_memclr_w.o(.text)
    __use_two_region_memory                  0x0800076f   Thumb Code     2  heapauxi.o(.text)
    __rt_heap_escrow$2region                 0x08000771   Thumb Code     2  heapauxi.o(.text)
    __rt_heap_expand$2region                 0x08000773   Thumb Code     2  heapauxi.o(.text)
    __read_errno                             0x08000775   Thumb Code    10  _rserrno.o(.text)
    __set_errno                              0x0800077f   Thumb Code    12  _rserrno.o(.text)
    __lib_sel_fp_printf                      0x0800078b   Thumb Code     2  _printf_fp_dec.o(.text)
    _printf_fp_dec_real                      0x0800093d   Thumb Code   620  _printf_fp_dec.o(.text)
    _printf_char_common                      0x08000bb3   Thumb Code    32  _printf_char_common.o(.text)
    _sputc                                   0x08000bd9   Thumb Code    10  _sputc.o(.text)
    __rt_locale                              0x08000be5   Thumb Code     8  rt_locale_intlibspace.o(.text)
    __aeabi_errno_addr                       0x08000bed   Thumb Code     8  rt_errno_addr_intlibspace.o(.text)
    __errno$intlibspace                      0x08000bed   Thumb Code     0  rt_errno_addr_intlibspace.o(.text)
    __rt_errno_addr$intlibspace              0x08000bed   Thumb Code     0  rt_errno_addr_intlibspace.o(.text)
    _ll_udiv10                               0x08000bf5   Thumb Code   138  lludiv10.o(.text)
    _printf_fp_infnan                        0x08000c81   Thumb Code   112  _printf_fp_infnan.o(.text)
    _btod_etento                             0x08000d01   Thumb Code   224  bigflt0.o(.text)
    __user_libspace                          0x08000de5   Thumb Code     8  libspace.o(.text)
    __user_perproc_libspace                  0x08000de5   Thumb Code     0  libspace.o(.text)
    __user_perthread_libspace                0x08000de5   Thumb Code     0  libspace.o(.text)
    __user_setup_stackheap                   0x08000ded   Thumb Code    74  sys_stackheap_outer.o(.text)
    exit                                     0x08000e37   Thumb Code    18  exit.o(.text)
    strcmp                                   0x08000e49   Thumb Code   104  strcmpv7m_pel.o(.text)
    _sys_exit                                0x08000eb1   Thumb Code     8  sys_exit.o(.text)
    __I$use$semihosting                      0x08000ebd   Thumb Code     0  use_no_semi.o(.text)
    __use_no_semihosting_swi                 0x08000ebd   Thumb Code     2  use_no_semi.o(.text)
    __semihosting_library_function           0x08000ebf   Thumb Code     0  indicate_semi.o(.text)
    arm_sin_cos_f32                          0x08000ec1   Thumb Code   244  arm_sin_cos_f32.o(.text.arm_sin_cos_f32)
    _btod_d2e                                0x08000fb5   Thumb Code    62  btod.o(CL$$btod_d2e)
    _d2e_denorm_low                          0x08000ff3   Thumb Code    70  btod.o(CL$$btod_d2e_denorm_low)
    _d2e_norm_op1                            0x08001039   Thumb Code    96  btod.o(CL$$btod_d2e_norm_op1)
    __btod_div_common                        0x08001099   Thumb Code   696  btod.o(CL$$btod_div_common)
    _e2e                                     0x080013d1   Thumb Code   220  btod.o(CL$$btod_e2e)
    _btod_ediv                               0x080014ad   Thumb Code    42  btod.o(CL$$btod_ediv)
    _btod_emul                               0x080014d7   Thumb Code    42  btod.o(CL$$btod_emul)
    __btod_mult_common                       0x08001501   Thumb Code   580  btod.o(CL$$btod_mult_common)
    ADC_ConfigureBoostMode                   0x08001745   Thumb Code   236  stm32h7xx_hal_adc.o(i.ADC_ConfigureBoostMode)
    ADC_IRQHandler                           0x0800184d   Thumb Code    18  stm32h7xx_it.o(i.ADC_IRQHandler)
    BusFault_Handler                         0x08001869   Thumb Code     2  stm32h7xx_it.o(i.BusFault_Handler)
    CurrentSense_ADCToCurrent                0x0800186d   Thumb Code    54  current_sense.o(i.CurrentSense_ADCToCurrent)
    CurrentSense_DMA_CpltCallback            0x080018b1   Thumb Code    18  current_sense.o(i.CurrentSense_DMA_CpltCallback)
    CurrentSense_GetCurrents                 0x080018c3   Thumb Code    34  current_sense.o(i.CurrentSense_GetCurrents)
    CurrentSense_Update                      0x080018e5   Thumb Code   130  current_sense.o(i.CurrentSense_Update)
    DMA1_Stream1_IRQHandler                  0x08001971   Thumb Code     6  stm32h7xx_it.o(i.DMA1_Stream1_IRQHandler)
    DebugMon_Handler                         0x08001b95   Thumb Code     2  stm32h7xx_it.o(i.DebugMon_Handler)
    EXTI4_IRQHandler                         0x08001b97   Thumb Code     6  stm32h7xx_it.o(i.EXTI4_IRQHandler)
    EXTI9_5_IRQHandler                       0x08001b9d   Thumb Code     6  stm32h7xx_it.o(i.EXTI9_5_IRQHandler)
    Encoder_GetCount                         0x08001ba3   Thumb Code    10  encoder.o(i.Encoder_GetCount)
    Encoder_GetSpeed_RPM                     0x08001bad   Thumb Code     6  encoder.o(i.Encoder_GetSpeed_RPM)
    Encoder_GetSpeed_RPS                     0x08001bb3   Thumb Code     6  encoder.o(i.Encoder_GetSpeed_RPS)
    Encoder_GetTotalCount                    0x08001bb9   Thumb Code    24  encoder.o(i.Encoder_GetTotalCount)
    Encoder_Init                             0x08001bd1   Thumb Code    28  encoder.o(i.Encoder_Init)
    Encoder_Start                            0x08001bf1   Thumb Code    24  encoder.o(i.Encoder_Start)
    Encoder_UpdateSpeed                      0x08001c09   Thumb Code    62  encoder.o(i.Encoder_UpdateSpeed)
    Encoder_ZPulse_Callback                  0x08001c51   Thumb Code     8  encoder.o(i.Encoder_ZPulse_Callback)
    Error_Handler                            0x08001c59   Thumb Code     4  main.o(i.Error_Handler)
    ExitRun0Mode                             0x08001c5d   Thumb Code    22  system_stm32h7xx.o(i.ExitRun0Mode)
    FOC_CalCurrentLoop                       0x08001c79   Thumb Code    96  foc.o(i.FOC_CalCurrentLoop)
    FOC_CalVelocityLoop                      0x08001cdd   Thumb Code    24  foc.o(i.FOC_CalVelocityLoop)
    FOC_Init                                 0x08001cf5   Thumb Code   150  foc.o(i.FOC_Init)
    FOC_UpdateAngle                          0x08001da1   Thumb Code    18  foc.o(i.FOC_UpdateAngle)
    FOC_UpdateCurrents                       0x08001db5   Thumb Code   104  foc.o(i.FOC_UpdateCurrents)
    HAL_ADCEx_DisableInjectedQueue           0x08001e29   Thumb Code    44  stm32h7xx_hal_adc_ex.o(i.HAL_ADCEx_DisableInjectedQueue)
    HAL_ADCEx_EndOfSamplingCallback          0x08001e59   Thumb Code     2  stm32h7xx_hal_adc_ex.o(i.HAL_ADCEx_EndOfSamplingCallback)
    HAL_ADCEx_InjectedConfigChannel          0x08001e5d   Thumb Code  1426  stm32h7xx_hal_adc_ex.o(i.HAL_ADCEx_InjectedConfigChannel)
    HAL_ADCEx_InjectedConvCpltCallback       0x08002429   Thumb Code     2  stm32h7xx_hal_adc_ex.o(i.HAL_ADCEx_InjectedConvCpltCallback)
    HAL_ADCEx_InjectedQueueOverflowCallback  0x0800242b   Thumb Code     2  stm32h7xx_hal_adc_ex.o(i.HAL_ADCEx_InjectedQueueOverflowCallback)
    HAL_ADCEx_LevelOutOfWindow2Callback      0x0800242d   Thumb Code     2  stm32h7xx_hal_adc_ex.o(i.HAL_ADCEx_LevelOutOfWindow2Callback)
    HAL_ADCEx_LevelOutOfWindow3Callback      0x0800242f   Thumb Code     2  stm32h7xx_hal_adc_ex.o(i.HAL_ADCEx_LevelOutOfWindow3Callback)
    HAL_ADCEx_MultiModeConfigChannel         0x08002431   Thumb Code   274  stm32h7xx_hal_adc_ex.o(i.HAL_ADCEx_MultiModeConfigChannel)
    HAL_ADC_ConfigChannel                    0x08002559   Thumb Code   946  stm32h7xx_hal_adc.o(i.HAL_ADC_ConfigChannel)
    HAL_ADC_ConvCpltCallback                 0x08002979   Thumb Code    52  stm32h7xx_it.o(i.HAL_ADC_ConvCpltCallback)
    HAL_ADC_ErrorCallback                    0x080029b9   Thumb Code     2  stm32h7xx_hal_adc.o(i.HAL_ADC_ErrorCallback)
    HAL_ADC_IRQHandler                       0x080029bd   Thumb Code   640  stm32h7xx_hal_adc.o(i.HAL_ADC_IRQHandler)
    HAL_ADC_Init                             0x08002c4d   Thumb Code   498  stm32h7xx_hal_adc.o(i.HAL_ADC_Init)
    HAL_ADC_LevelOutOfWindowCallback         0x08002e75   Thumb Code     2  stm32h7xx_hal_adc.o(i.HAL_ADC_LevelOutOfWindowCallback)
    HAL_ADC_MspInit                          0x08002e79   Thumb Code   296  adc.o(i.HAL_ADC_MspInit)
    HAL_DMA_IRQHandler                       0x08002fc1   Thumb Code  1756  stm32h7xx_hal_dma.o(i.HAL_DMA_IRQHandler)
    HAL_DMA_Init                             0x080036a9   Thumb Code   926  stm32h7xx_hal_dma.o(i.HAL_DMA_Init)
    HAL_GPIO_EXTI_Callback                   0x08003a6d   Thumb Code    12  stm32h7xx_it.o(i.HAL_GPIO_EXTI_Callback)
    HAL_GPIO_EXTI_IRQHandler                 0x08003a7d   Thumb Code    24  stm32h7xx_hal_gpio.o(i.HAL_GPIO_EXTI_IRQHandler)
    HAL_GPIO_Init                            0x08003a95   Thumb Code   506  stm32h7xx_hal_gpio.o(i.HAL_GPIO_Init)
    HAL_GPIO_TogglePin                       0x08003cc1   Thumb Code    16  stm32h7xx_hal_gpio.o(i.HAL_GPIO_TogglePin)
    HAL_GPIO_WritePin                        0x08003cd1   Thumb Code    10  stm32h7xx_hal_gpio.o(i.HAL_GPIO_WritePin)
    HAL_GetREVID                             0x08003cdd   Thumb Code     8  stm32h7xx_hal.o(i.HAL_GetREVID)
    HAL_GetTick                              0x08003ce9   Thumb Code     6  stm32h7xx_hal.o(i.HAL_GetTick)
    HAL_IncTick                              0x08003cf5   Thumb Code    12  stm32h7xx_hal.o(i.HAL_IncTick)
    HAL_Init                                 0x08003d05   Thumb Code    74  stm32h7xx_hal.o(i.HAL_Init)
    HAL_InitTick                             0x08003d61   Thumb Code   120  stm32h7xx_hal_timebase_tim.o(i.HAL_InitTick)
    HAL_MPU_ConfigRegion                     0x08003ded   Thumb Code    86  stm32h7xx_hal_cortex.o(i.HAL_MPU_ConfigRegion)
    HAL_MPU_Disable                          0x08003e49   Thumb Code    24  stm32h7xx_hal_cortex.o(i.HAL_MPU_Disable)
    HAL_MPU_Enable                           0x08003e65   Thumb Code    30  stm32h7xx_hal_cortex.o(i.HAL_MPU_Enable)
    HAL_MspInit                              0x08003e89   Thumb Code    32  stm32h7xx_hal_msp.o(i.HAL_MspInit)
    HAL_NVIC_EnableIRQ                       0x08003ead   Thumb Code    26  stm32h7xx_hal_cortex.o(i.HAL_NVIC_EnableIRQ)
    HAL_NVIC_SetPriority                     0x08003ec9   Thumb Code    60  stm32h7xx_hal_cortex.o(i.HAL_NVIC_SetPriority)
    HAL_NVIC_SetPriorityGrouping             0x08003f09   Thumb Code    28  stm32h7xx_hal_cortex.o(i.HAL_NVIC_SetPriorityGrouping)
    HAL_PWREx_ConfigSupply                   0x08003f2d   Thumb Code    78  stm32h7xx_hal_pwr_ex.o(i.HAL_PWREx_ConfigSupply)
    HAL_RCCEx_GetD3PCLK1Freq                 0x08003f81   Thumb Code    26  stm32h7xx_hal_rcc_ex.o(i.HAL_RCCEx_GetD3PCLK1Freq)
    HAL_RCCEx_GetPLL1ClockFreq               0x08003fa5   Thumb Code   298  stm32h7xx_hal_rcc_ex.o(i.HAL_RCCEx_GetPLL1ClockFreq)
    HAL_RCCEx_GetPLL2ClockFreq               0x080040ed   Thumb Code   296  stm32h7xx_hal_rcc_ex.o(i.HAL_RCCEx_GetPLL2ClockFreq)
    HAL_RCCEx_GetPLL3ClockFreq               0x08004231   Thumb Code   296  stm32h7xx_hal_rcc_ex.o(i.HAL_RCCEx_GetPLL3ClockFreq)
    HAL_RCCEx_GetPeriphCLKFreq               0x08004375   Thumb Code   692  stm32h7xx_hal_rcc_ex.o(i.HAL_RCCEx_GetPeriphCLKFreq)
    HAL_RCCEx_PeriphCLKConfig                0x0800463d   Thumb Code  2472  stm32h7xx_hal_rcc_ex.o(i.HAL_RCCEx_PeriphCLKConfig)
    HAL_RCC_ClockConfig                      0x08004fe9   Thumb Code   580  stm32h7xx_hal_rcc.o(i.HAL_RCC_ClockConfig)
    HAL_RCC_GetClockConfig                   0x08005245   Thumb Code    84  stm32h7xx_hal_rcc.o(i.HAL_RCC_GetClockConfig)
    HAL_RCC_GetHCLKFreq                      0x080052a1   Thumb Code    52  stm32h7xx_hal_rcc.o(i.HAL_RCC_GetHCLKFreq)
    HAL_RCC_GetPCLK1Freq                     0x080052e5   Thumb Code    26  stm32h7xx_hal_rcc.o(i.HAL_RCC_GetPCLK1Freq)
    HAL_RCC_GetPCLK2Freq                     0x08005309   Thumb Code    26  stm32h7xx_hal_rcc.o(i.HAL_RCC_GetPCLK2Freq)
    HAL_RCC_GetSysClockFreq                  0x0800532d   Thumb Code   278  stm32h7xx_hal_rcc.o(i.HAL_RCC_GetSysClockFreq)
    HAL_RCC_OscConfig                        0x08005465   Thumb Code  1410  stm32h7xx_hal_rcc.o(i.HAL_RCC_OscConfig)
    HAL_TIMEx_Break2Callback                 0x080059e7   Thumb Code     2  stm32h7xx_hal_tim_ex.o(i.HAL_TIMEx_Break2Callback)
    HAL_TIMEx_BreakCallback                  0x080059e9   Thumb Code     2  stm32h7xx_hal_tim_ex.o(i.HAL_TIMEx_BreakCallback)
    HAL_TIMEx_CommutCallback                 0x080059eb   Thumb Code     2  stm32h7xx_hal_tim_ex.o(i.HAL_TIMEx_CommutCallback)
    HAL_TIMEx_ConfigBreakDeadTime            0x080059ed   Thumb Code   150  stm32h7xx_hal_tim_ex.o(i.HAL_TIMEx_ConfigBreakDeadTime)
    HAL_TIMEx_MasterConfigSynchronization    0x08005a8d   Thumb Code   134  stm32h7xx_hal_tim_ex.o(i.HAL_TIMEx_MasterConfigSynchronization)
    HAL_TIMEx_PWMN_Start                     0x08005b31   Thumb Code   172  stm32h7xx_hal_tim_ex.o(i.HAL_TIMEx_PWMN_Start)
    HAL_TIM_Base_Init                        0x08005bfd   Thumb Code    98  stm32h7xx_hal_tim.o(i.HAL_TIM_Base_Init)
    HAL_TIM_Base_MspInit                     0x08005c61   Thumb Code    76  tim.o(i.HAL_TIM_Base_MspInit)
    HAL_TIM_Base_Start_IT                    0x08005cb9   Thumb Code   106  stm32h7xx_hal_tim.o(i.HAL_TIM_Base_Start_IT)
    HAL_TIM_ConfigClockSource                0x08005d45   Thumb Code   248  stm32h7xx_hal_tim.o(i.HAL_TIM_ConfigClockSource)
    HAL_TIM_Encoder_Init                     0x08005e41   Thumb Code   182  stm32h7xx_hal_tim.o(i.HAL_TIM_Encoder_Init)
    HAL_TIM_Encoder_MspInit                  0x08005efd   Thumb Code     2  stm32h7xx_hal_tim.o(i.HAL_TIM_Encoder_MspInit)
    HAL_TIM_Encoder_Start                    0x08005eff   Thumb Code   142  stm32h7xx_hal_tim.o(i.HAL_TIM_Encoder_Start)
    HAL_TIM_IC_CaptureCallback               0x08005f8d   Thumb Code     2  stm32h7xx_hal_tim.o(i.HAL_TIM_IC_CaptureCallback)
    HAL_TIM_IC_ConfigChannel                 0x08005f8f   Thumb Code   290  stm32h7xx_hal_tim.o(i.HAL_TIM_IC_ConfigChannel)
    HAL_TIM_IC_Init                          0x080060b1   Thumb Code    98  stm32h7xx_hal_tim.o(i.HAL_TIM_IC_Init)
    HAL_TIM_IC_MspInit                       0x08006115   Thumb Code   104  tim.o(i.HAL_TIM_IC_MspInit)
    HAL_TIM_IRQHandler                       0x08006189   Thumb Code   328  stm32h7xx_hal_tim.o(i.HAL_TIM_IRQHandler)
    HAL_TIM_MspPostInit                      0x080062d1   Thumb Code   190  tim.o(i.HAL_TIM_MspPostInit)
    HAL_TIM_OC_ConfigChannel                 0x080063ad   Thumb Code   110  stm32h7xx_hal_tim.o(i.HAL_TIM_OC_ConfigChannel)
    HAL_TIM_OC_DelayElapsedCallback          0x0800641b   Thumb Code     2  stm32h7xx_hal_tim.o(i.HAL_TIM_OC_DelayElapsedCallback)
    HAL_TIM_OC_Init                          0x0800641d   Thumb Code    98  stm32h7xx_hal_tim.o(i.HAL_TIM_OC_Init)
    HAL_TIM_OC_MspInit                       0x0800647f   Thumb Code     2  stm32h7xx_hal_tim.o(i.HAL_TIM_OC_MspInit)
    HAL_TIM_OC_Start                         0x08006481   Thumb Code   232  stm32h7xx_hal_tim.o(i.HAL_TIM_OC_Start)
    HAL_TIM_PWM_ConfigChannel                0x08006591   Thumb Code   292  stm32h7xx_hal_tim.o(i.HAL_TIM_PWM_ConfigChannel)
    HAL_TIM_PWM_Init                         0x080066b5   Thumb Code    98  stm32h7xx_hal_tim.o(i.HAL_TIM_PWM_Init)
    HAL_TIM_PWM_MspInit                      0x08006719   Thumb Code    52  tim.o(i.HAL_TIM_PWM_MspInit)
    HAL_TIM_PWM_PulseFinishedCallback        0x08006759   Thumb Code     2  stm32h7xx_hal_tim.o(i.HAL_TIM_PWM_PulseFinishedCallback)
    HAL_TIM_PWM_Start                        0x0800675d   Thumb Code   232  stm32h7xx_hal_tim.o(i.HAL_TIM_PWM_Start)
    HAL_TIM_PeriodElapsedCallback            0x0800686d   Thumb Code   164  main.o(i.HAL_TIM_PeriodElapsedCallback)
    HAL_TIM_TriggerCallback                  0x08006929   Thumb Code     2  stm32h7xx_hal_tim.o(i.HAL_TIM_TriggerCallback)
    HAL_UARTEx_DisableFifoMode               0x0800692b   Thumb Code    64  stm32h7xx_hal_uart_ex.o(i.HAL_UARTEx_DisableFifoMode)
    HAL_UARTEx_SetRxFifoThreshold            0x0800696b   Thumb Code    76  stm32h7xx_hal_uart_ex.o(i.HAL_UARTEx_SetRxFifoThreshold)
    HAL_UARTEx_SetTxFifoThreshold            0x080069b7   Thumb Code    76  stm32h7xx_hal_uart_ex.o(i.HAL_UARTEx_SetTxFifoThreshold)
    HAL_UART_Init                            0x08006a03   Thumb Code   106  stm32h7xx_hal_uart.o(i.HAL_UART_Init)
    HAL_UART_MspInit                         0x08006a6d   Thumb Code   122  usart.o(i.HAL_UART_MspInit)
    HAL_UART_Transmit                        0x08006af5   Thumb Code   176  stm32h7xx_hal_uart.o(i.HAL_UART_Transmit)
    HardFault_Handler                        0x08006ba5   Thumb Code    54  stm32h7xx_it.o(i.HardFault_Handler)
    MX_ADC1_Init                             0x08006c39   Thumb Code   290  adc.o(i.MX_ADC1_Init)
    MX_ADC2_Init                             0x08006d75   Thumb Code   112  adc.o(i.MX_ADC2_Init)
    MX_DMA_Init                              0x08006df1   Thumb Code    40  dma.o(i.MX_DMA_Init)
    MX_GPIO_Init                             0x08006e1d   Thumb Code   272  gpio.o(i.MX_GPIO_Init)
    MX_TIM15_Init                            0x08006f3d   Thumb Code    96  tim.o(i.MX_TIM15_Init)
    MX_TIM1_Init                             0x08006fa5   Thumb Code   248  tim.o(i.MX_TIM1_Init)
    MX_TIM3_Init                             0x080070a5   Thumb Code   158  tim.o(i.MX_TIM3_Init)
    MX_TIM7_Init                             0x0800714d   Thumb Code    64  tim.o(i.MX_TIM7_Init)
    MX_TIM8_Init                             0x08007195   Thumb Code   196  tim.o(i.MX_TIM8_Init)
    MX_UART4_Init                            0x08007261   Thumb Code    94  usart.o(i.MX_UART4_Init)
    MemManage_Handler                        0x080072c9   Thumb Code     2  stm32h7xx_it.o(i.MemManage_Handler)
    NMI_Handler                              0x080072cb   Thumb Code     2  stm32h7xx_it.o(i.NMI_Handler)
    OpenLoop_PrintSpeed                      0x080072cd   Thumb Code   166  main.o(i.OpenLoop_PrintSpeed)
    OpenLoop_SpeedTest                       0x08007391   Thumb Code   248  main.o(i.OpenLoop_SpeedTest)
    PID_Cal                                  0x080074ad   Thumb Code   120  foc.o(i.PID_Cal)
    PID_Init                                 0x08007525   Thumb Code    28  foc.o(i.PID_Init)
    PID_Reset                                0x08007545   Thumb Code    18  foc.o(i.PID_Reset)
    PWM_Init                                 0x0800755d   Thumb Code    64  pwm_driver.o(i.PWM_Init)
    PWM_SetDutyCycle                         0x080075a1   Thumb Code    54  pwm_driver.o(i.PWM_SetDutyCycle)
    SVPWM_Calculate                          0x08007819   Thumb Code   310  foc.o(i.SVPWM_Calculate)
    SVPWM_GetDutyCycles                      0x0800795d   Thumb Code   238  foc.o(i.SVPWM_GetDutyCycles)
    SysTick_Handler                          0x08007a51   Thumb Code    26  cmsis_os2.o(i.SysTick_Handler)
    SystemClock_Config                       0x08007a6d   Thumb Code   158  main.o(i.SystemClock_Config)
    SystemInit                               0x08007b15   Thumb Code   206  system_stm32h7xx.o(i.SystemInit)
    TIM3_IRQHandler                          0x08007c0d   Thumb Code     6  stm32h7xx_it.o(i.TIM3_IRQHandler)
    TIM6_DAC_IRQHandler                      0x08007c19   Thumb Code     6  stm32h7xx_it.o(i.TIM6_DAC_IRQHandler)
    TIM7_IRQHandler                          0x08007c25   Thumb Code     6  stm32h7xx_it.o(i.TIM7_IRQHandler)
    TIM_Base_SetConfig                       0x08007c31   Thumb Code   170  stm32h7xx_hal_tim.o(i.TIM_Base_SetConfig)
    TIM_CCxChannelCmd                        0x08007cfd   Thumb Code    26  stm32h7xx_hal_tim.o(i.TIM_CCxChannelCmd)
    TIM_ETR_SetConfig                        0x08007d31   Thumb Code    18  stm32h7xx_hal_tim.o(i.TIM_ETR_SetConfig)
    TIM_OC2_SetConfig                        0x08007dfd   Thumb Code   126  stm32h7xx_hal_tim.o(i.TIM_OC2_SetConfig)
    TIM_TI1_SetConfig                        0x080080b1   Thumb Code   100  stm32h7xx_hal_tim.o(i.TIM_TI1_SetConfig)
    UART_AdvFeatureConfig                    0x080081d1   Thumb Code   200  stm32h7xx_hal_uart.o(i.UART_AdvFeatureConfig)
    UART_CheckIdleState                      0x08008299   Thumb Code   170  stm32h7xx_hal_uart.o(i.UART_CheckIdleState)
    UART_SetConfig                           0x08008399   Thumb Code   876  stm32h7xx_hal_uart.o(i.UART_SetConfig)
    UART_WaitOnFlagUntilTimeout              0x08008745   Thumb Code   148  stm32h7xx_hal_uart.o(i.UART_WaitOnFlagUntilTimeout)
    UsageFault_Handler                       0x080087d9   Thumb Code     2  stm32h7xx_it.o(i.UsageFault_Handler)
    __ARM_fpclassify                         0x080087db   Thumb Code    48  fpclassify.o(i.__ARM_fpclassify)
    __hardfp_fmodf                           0x0800882d   Thumb Code   176  fmodf.o(i.__hardfp_fmodf)
    __hardfp_sqrtf                           0x080088dd   Thumb Code    58  sqrtf.o(i.__hardfp_sqrtf)
    __mathlib_flt_invalid                    0x08008919   Thumb Code    10  funder.o(i.__mathlib_flt_invalid)
    _constrainFloat                          0x08008929   Thumb Code    32  foc.o(i._constrainFloat)
    _electricalAngle                         0x08008949   Thumb Code    16  foc.o(i._electricalAngle)
    _is_digit                                0x08008959   Thumb Code    14  __printf_wp.o(i._is_digit)
    _normalizeAngle                          0x08008969   Thumb Code    38  foc.o(i._normalizeAngle)
    main                                     0x08008995   Thumb Code   286  main.o(i.main)
    uxListRemove                             0x08008b1d   Thumb Code    38  list.o(i.uxListRemove)
    vListInsertEnd                           0x08008b43   Thumb Code    24  list.o(i.vListInsertEnd)
    vTaskSwitchContext                       0x08008b5d   Thumb Code    90  tasks.o(i.vTaskSwitchContext)
    xPortSysTickHandler                      0x08008bc1   Thumb Code    38  port.o(i.xPortSysTickHandler)
    xTaskGetSchedulerState                   0x08008bed   Thumb Code    22  tasks.o(i.xTaskGetSchedulerState)
    xTaskIncrementTick                       0x08008c09   Thumb Code   192  tasks.o(i.xTaskIncrementTick)
    _get_lc_numeric                          0x08008cd1   Thumb Code    44  lc_numeric_c.o(locale$$code)
    __fpl_fnaninf                            0x08008cfd   Thumb Code   140  fnaninf.o(x$fpl$fnaninf)
    _fp_init                                 0x08008d89   Thumb Code    10  fpinit.o(x$fpl$fpinit)
    __fplib_config_fpu_vfp                   0x08008d91   Thumb Code     0  fpinit.o(x$fpl$fpinit)
    __fplib_config_pureend_doubles           0x08008d91   Thumb Code     0  fpinit.o(x$fpl$fpinit)
    _frem                                    0x08008d95   Thumb Code   240  frem_clz.o(x$fpl$frem)
    _printf_fp_dec                           0x08008e89   Thumb Code     4  printf1.o(x$fpl$printf1)
    __I$use$fp                               0x08008e8c   Number         0  usenofp.o(x$fpl$usenofp)
    UARTPrescTable                           0x08008e94   Data          24  stm32h7xx_hal_uart.o(.constdata)
    D1CorePrescTable                         0x08008ebc   Data          16  system_stm32h7xx.o(.constdata)
    sinTable_f32                             0x08008fb0   Data        2052  arm_common_tables.o(.rodata.sinTable_f32)
    Region$$Table$$Base                      0x080097b4   Number         0  anon$$obj.o(Region$$Table)
    Region$$Table$$Limit                     0x080097d4   Number         0  anon$$obj.o(Region$$Table)
    open_loop_enabled                        0x24000000   Data           1  main.o(.data)
    open_loop_angle                          0x24000004   Data           4  main.o(.data)
    open_loop_velocity                       0x24000008   Data           4  main.o(.data)
    open_loop_voltage                        0x2400000c   Data           4  main.o(.data)
    uwTickFreq                               0x24000018   Data           1  stm32h7xx_hal.o(.data)
    uwTickPrio                               0x2400001c   Data           4  stm32h7xx_hal.o(.data)
    uwTick                                   0x24000020   Data           4  stm32h7xx_hal.o(.data)
    SystemCoreClock                          0x24000024   Data           4  system_stm32h7xx.o(.data)
    SystemD2Clock                            0x24000028   Data           4  system_stm32h7xx.o(.data)
    pxCurrentTCB                             0x2400002c   Data           4  tasks.o(.data)
    encoder_M0                               0x24000068   Data          32  main.o(.bss)
    foc                                      0x24000088   Data         208  main.o(.bss)
    encoder_M2                               0x24000158   Data          32  main.o(.bss)
    current_sense                            0x24000178   Data          48  main.o(.bss)
    hadc1                                    0x240001a8   Data         100  adc.o(.bss)
    hadc2                                    0x2400020c   Data         100  adc.o(.bss)
    hdma_adc1                                0x24000270   Data         120  adc.o(.bss)
    htim1                                    0x240002e8   Data          76  tim.o(.bss)
    htim3                                    0x24000334   Data          76  tim.o(.bss)
    htim7                                    0x24000380   Data          76  tim.o(.bss)
    htim8                                    0x240003cc   Data          76  tim.o(.bss)
    htim15                                   0x24000418   Data          76  tim.o(.bss)
    huart4                                   0x24000464   Data         148  usart.o(.bss)
    htim6                                    0x240004f8   Data          76  stm32h7xx_hal_timebase_tim.o(.bss)
    __libspace_start                         0x24000a08   Data          96  libspace.o(.bss)
    __temporary_stack_top$libspace           0x24000a68   Data           0  libspace.o(.bss)



==============================================================================

Memory Map of the image

  Image Entry point : 0x08000299

  Load Region LR_IROM1 (Base: 0x08000000, Size: 0x00009858, Max: 0x00020000, ABSOLUTE)

    Execution Region ER_IROM1 (Exec base: 0x08000000, Load base: 0x08000000, Size: 0x000097f0, Max: 0x00020000, ABSOLUTE)

    Exec Addr    Load Addr    Size         Type   Attr      Idx    E Section Name        Object

    0x08000000   0x08000000   0x00000298   Data   RO            3    RESET               startup_stm32h750xx.o
    0x08000298   0x08000298   0x00000008   Code   RO         7757  * !!!main             c_w.l(__main.o)
    0x080002a0   0x080002a0   0x00000034   Code   RO         8032    !!!scatter          c_w.l(__scatter.o)
    0x080002d4   0x080002d4   0x0000001a   Code   RO         8034    !!handler_copy      c_w.l(__scatter_copy.o)
    0x080002ee   0x080002ee   0x00000002   PAD
    0x080002f0   0x080002f0   0x0000001c   Code   RO         8036    !!handler_zi        c_w.l(__scatter_zi.o)
    0x0800030c   0x0800030c   0x00000000   Code   RO         7740    .ARM.Collect$$_printf_percent$$00000000  c_w.l(_printf_percent.o)
    0x0800030c   0x0800030c   0x00000006   Code   RO         7739    .ARM.Collect$$_printf_percent$$00000003  c_w.l(_printf_f.o)
    0x08000312   0x08000312   0x00000004   Code   RO         7798    .ARM.Collect$$_printf_percent$$00000017  c_w.l(_printf_percent_end.o)
    0x08000316   0x08000316   0x00000002   Code   RO         7903    .ARM.Collect$$libinit$$00000000  c_w.l(libinit.o)
    0x08000318   0x08000318   0x00000004   Code   RO         7904    .ARM.Collect$$libinit$$00000001  c_w.l(libinit2.o)
    0x0800031c   0x0800031c   0x00000000   Code   RO         7907    .ARM.Collect$$libinit$$00000004  c_w.l(libinit2.o)
    0x0800031c   0x0800031c   0x00000000   Code   RO         7910    .ARM.Collect$$libinit$$0000000A  c_w.l(libinit2.o)
    0x0800031c   0x0800031c   0x00000000   Code   RO         7912    .ARM.Collect$$libinit$$0000000C  c_w.l(libinit2.o)
    0x0800031c   0x0800031c   0x00000000   Code   RO         7914    .ARM.Collect$$libinit$$0000000E  c_w.l(libinit2.o)
    0x0800031c   0x0800031c   0x00000006   Code   RO         7915    .ARM.Collect$$libinit$$0000000F  c_w.l(libinit2.o)
    0x08000322   0x08000322   0x00000000   Code   RO         7917    .ARM.Collect$$libinit$$00000011  c_w.l(libinit2.o)
    0x08000322   0x08000322   0x00000000   Code   RO         7919    .ARM.Collect$$libinit$$00000013  c_w.l(libinit2.o)
    0x08000322   0x08000322   0x00000000   Code   RO         7921    .ARM.Collect$$libinit$$00000015  c_w.l(libinit2.o)
    0x08000322   0x08000322   0x0000000a   Code   RO         7922    .ARM.Collect$$libinit$$00000016  c_w.l(libinit2.o)
    0x0800032c   0x0800032c   0x00000000   Code   RO         7923    .ARM.Collect$$libinit$$00000017  c_w.l(libinit2.o)
    0x0800032c   0x0800032c   0x00000000   Code   RO         7925    .ARM.Collect$$libinit$$00000019  c_w.l(libinit2.o)
    0x0800032c   0x0800032c   0x00000000   Code   RO         7927    .ARM.Collect$$libinit$$0000001B  c_w.l(libinit2.o)
    0x0800032c   0x0800032c   0x00000000   Code   RO         7929    .ARM.Collect$$libinit$$0000001D  c_w.l(libinit2.o)
    0x0800032c   0x0800032c   0x00000000   Code   RO         7931    .ARM.Collect$$libinit$$0000001F  c_w.l(libinit2.o)
    0x0800032c   0x0800032c   0x00000000   Code   RO         7933    .ARM.Collect$$libinit$$00000021  c_w.l(libinit2.o)
    0x0800032c   0x0800032c   0x00000000   Code   RO         7935    .ARM.Collect$$libinit$$00000023  c_w.l(libinit2.o)
    0x0800032c   0x0800032c   0x00000000   Code   RO         7937    .ARM.Collect$$libinit$$00000025  c_w.l(libinit2.o)
    0x0800032c   0x0800032c   0x00000000   Code   RO         7941    .ARM.Collect$$libinit$$0000002C  c_w.l(libinit2.o)
    0x0800032c   0x0800032c   0x00000000   Code   RO         7943    .ARM.Collect$$libinit$$0000002E  c_w.l(libinit2.o)
    0x0800032c   0x0800032c   0x00000000   Code   RO         7945    .ARM.Collect$$libinit$$00000030  c_w.l(libinit2.o)
    0x0800032c   0x0800032c   0x00000000   Code   RO         7947    .ARM.Collect$$libinit$$00000032  c_w.l(libinit2.o)
    0x0800032c   0x0800032c   0x00000002   Code   RO         7948    .ARM.Collect$$libinit$$00000033  c_w.l(libinit2.o)
    0x0800032e   0x0800032e   0x00000002   Code   RO         7995    .ARM.Collect$$libshutdown$$00000000  c_w.l(libshutdown.o)
    0x08000330   0x08000330   0x00000000   Code   RO         8013    .ARM.Collect$$libshutdown$$00000002  c_w.l(libshutdown2.o)
    0x08000330   0x08000330   0x00000000   Code   RO         8015    .ARM.Collect$$libshutdown$$00000004  c_w.l(libshutdown2.o)
    0x08000330   0x08000330   0x00000000   Code   RO         8017    .ARM.Collect$$libshutdown$$00000006  c_w.l(libshutdown2.o)
    0x08000330   0x08000330   0x00000000   Code   RO         8020    .ARM.Collect$$libshutdown$$00000009  c_w.l(libshutdown2.o)
    0x08000330   0x08000330   0x00000000   Code   RO         8023    .ARM.Collect$$libshutdown$$0000000C  c_w.l(libshutdown2.o)
    0x08000330   0x08000330   0x00000000   Code   RO         8025    .ARM.Collect$$libshutdown$$0000000E  c_w.l(libshutdown2.o)
    0x08000330   0x08000330   0x00000000   Code   RO         8028    .ARM.Collect$$libshutdown$$00000011  c_w.l(libshutdown2.o)
    0x08000330   0x08000330   0x00000002   Code   RO         8029    .ARM.Collect$$libshutdown$$00000012  c_w.l(libshutdown2.o)
    0x08000332   0x08000332   0x00000000   Code   RO         7785    .ARM.Collect$$rtentry$$00000000  c_w.l(__rtentry.o)
    0x08000332   0x08000332   0x00000000   Code   RO         7819    .ARM.Collect$$rtentry$$00000002  c_w.l(__rtentry2.o)
    0x08000332   0x08000332   0x00000006   Code   RO         7831    .ARM.Collect$$rtentry$$00000004  c_w.l(__rtentry4.o)
    0x08000338   0x08000338   0x00000000   Code   RO         7821    .ARM.Collect$$rtentry$$00000009  c_w.l(__rtentry2.o)
    0x08000338   0x08000338   0x00000004   Code   RO         7822    .ARM.Collect$$rtentry$$0000000A  c_w.l(__rtentry2.o)
    0x0800033c   0x0800033c   0x00000000   Code   RO         7824    .ARM.Collect$$rtentry$$0000000C  c_w.l(__rtentry2.o)
    0x0800033c   0x0800033c   0x00000008   Code   RO         7825    .ARM.Collect$$rtentry$$0000000D  c_w.l(__rtentry2.o)
    0x08000344   0x08000344   0x00000002   Code   RO         7949    .ARM.Collect$$rtexit$$00000000  c_w.l(rtexit.o)
    0x08000346   0x08000346   0x00000000   Code   RO         7964    .ARM.Collect$$rtexit$$00000002  c_w.l(rtexit2.o)
    0x08000346   0x08000346   0x00000004   Code   RO         7965    .ARM.Collect$$rtexit$$00000003  c_w.l(rtexit2.o)
    0x0800034a   0x0800034a   0x00000006   Code   RO         7966    .ARM.Collect$$rtexit$$00000004  c_w.l(rtexit2.o)
    0x08000350   0x08000350   0x000000be   Code   RO         7503    .emb_text           port.o
    0x0800040e   0x0800040e   0x00000002   PAD
    0x08000410   0x08000410   0x00000048   Code   RO            4    .text               startup_stm32h750xx.o
    0x08000458   0x08000458   0x000000ee   Code   RO         7711    .text               c_w.l(lludivv7m.o)
    0x08000546   0x08000546   0x00000002   PAD
    0x08000548   0x08000548   0x00000028   Code   RO         7715    .text               c_w.l(noretval__2sprintf.o)
    0x08000570   0x08000570   0x0000010e   Code   RO         7727    .text               c_w.l(__printf_wp.o)
    0x0800067e   0x0800067e   0x0000003e   Code   RO         7741    .text               c_w.l(strlen.o)
    0x080006bc   0x080006bc   0x00000064   Code   RO         7745    .text               c_w.l(rt_memcpy_w.o)
    0x08000720   0x08000720   0x0000004e   Code   RO         7751    .text               c_w.l(rt_memclr_w.o)
    0x0800076e   0x0800076e   0x00000006   Code   RO         7755    .text               c_w.l(heapauxi.o)
    0x08000774   0x08000774   0x00000016   Code   RO         7790    .text               c_w.l(_rserrno.o)
    0x0800078a   0x0800078a   0x0000041e   Code   RO         7792    .text               c_w.l(_printf_fp_dec.o)
    0x08000ba8   0x08000ba8   0x00000030   Code   RO         7794    .text               c_w.l(_printf_char_common.o)
    0x08000bd8   0x08000bd8   0x0000000a   Code   RO         7796    .text               c_w.l(_sputc.o)
    0x08000be2   0x08000be2   0x00000002   PAD
    0x08000be4   0x08000be4   0x00000008   Code   RO         7838    .text               c_w.l(rt_locale_intlibspace.o)
    0x08000bec   0x08000bec   0x00000008   Code   RO         7843    .text               c_w.l(rt_errno_addr_intlibspace.o)
    0x08000bf4   0x08000bf4   0x0000008a   Code   RO         7845    .text               c_w.l(lludiv10.o)
    0x08000c7e   0x08000c7e   0x00000002   PAD
    0x08000c80   0x08000c80   0x00000080   Code   RO         7847    .text               c_w.l(_printf_fp_infnan.o)
    0x08000d00   0x08000d00   0x000000e4   Code   RO         7851    .text               c_w.l(bigflt0.o)
    0x08000de4   0x08000de4   0x00000008   Code   RO         7885    .text               c_w.l(libspace.o)
    0x08000dec   0x08000dec   0x0000004a   Code   RO         7888    .text               c_w.l(sys_stackheap_outer.o)
    0x08000e36   0x08000e36   0x00000012   Code   RO         7890    .text               c_w.l(exit.o)
    0x08000e48   0x08000e48   0x00000068   Code   RO         7896    .text               c_w.l(strcmpv7m_pel.o)
    0x08000eb0   0x08000eb0   0x0000000c   Code   RO         7961    .text               c_w.l(sys_exit.o)
    0x08000ebc   0x08000ebc   0x00000002   Code   RO         7982    .text               c_w.l(use_no_semi.o)
    0x08000ebe   0x08000ebe   0x00000000   Code   RO         7984    .text               c_w.l(indicate_semi.o)
    0x08000ebe   0x08000ebe   0x00000002   PAD
    0x08000ec0   0x08000ec0   0x000000f4   Code   RO         7581    .text.arm_sin_cos_f32  arm_cortexM7lfdp_math.lib(arm_sin_cos_f32.o)
    0x08000fb4   0x08000fb4   0x0000003e   Code   RO         7854    CL$$btod_d2e        c_w.l(btod.o)
    0x08000ff2   0x08000ff2   0x00000046   Code   RO         7856    CL$$btod_d2e_denorm_low  c_w.l(btod.o)
    0x08001038   0x08001038   0x00000060   Code   RO         7855    CL$$btod_d2e_norm_op1  c_w.l(btod.o)
    0x08001098   0x08001098   0x00000338   Code   RO         7864    CL$$btod_div_common  c_w.l(btod.o)
    0x080013d0   0x080013d0   0x000000dc   Code   RO         7861    CL$$btod_e2e        c_w.l(btod.o)
    0x080014ac   0x080014ac   0x0000002a   Code   RO         7858    CL$$btod_ediv       c_w.l(btod.o)
    0x080014d6   0x080014d6   0x0000002a   Code   RO         7857    CL$$btod_emul       c_w.l(btod.o)
    0x08001500   0x08001500   0x00000244   Code   RO         7863    CL$$btod_mult_common  c_w.l(btod.o)
    0x08001744   0x08001744   0x00000108   Code   RO         2413    i.ADC_ConfigureBoostMode  stm32h7xx_hal_adc.o
    0x0800184c   0x0800184c   0x0000001c   Code   RO          646    i.ADC_IRQHandler    stm32h7xx_it.o
    0x08001868   0x08001868   0x00000002   Code   RO          647    i.BusFault_Handler  stm32h7xx_it.o
    0x0800186a   0x0800186a   0x00000002   PAD
    0x0800186c   0x0800186c   0x00000044   Code   RO         1334    i.CurrentSense_ADCToCurrent  current_sense.o
    0x080018b0   0x080018b0   0x00000012   Code   RO         1336    i.CurrentSense_DMA_CpltCallback  current_sense.o
    0x080018c2   0x080018c2   0x00000022   Code   RO         1338    i.CurrentSense_GetCurrents  current_sense.o
    0x080018e4   0x080018e4   0x0000008c   Code   RO         1342    i.CurrentSense_Update  current_sense.o
    0x08001970   0x08001970   0x0000000c   Code   RO          648    i.DMA1_Stream1_IRQHandler  stm32h7xx_it.o
    0x0800197c   0x0800197c   0x000000b4   Code   RO         3474    i.DMA_CalcBaseAndBitshift  stm32h7xx_hal_dma.o
    0x08001a30   0x08001a30   0x0000009c   Code   RO         3475    i.DMA_CalcDMAMUXChannelBaseAndMask  stm32h7xx_hal_dma.o
    0x08001acc   0x08001acc   0x00000074   Code   RO         3476    i.DMA_CalcDMAMUXRequestGenBaseAndMask  stm32h7xx_hal_dma.o
    0x08001b40   0x08001b40   0x00000054   Code   RO         3477    i.DMA_CheckFifoParam  stm32h7xx_hal_dma.o
    0x08001b94   0x08001b94   0x00000002   Code   RO          649    i.DebugMon_Handler  stm32h7xx_it.o
    0x08001b96   0x08001b96   0x00000006   Code   RO          650    i.EXTI4_IRQHandler  stm32h7xx_it.o
    0x08001b9c   0x08001b9c   0x00000006   Code   RO          651    i.EXTI9_5_IRQHandler  stm32h7xx_it.o
    0x08001ba2   0x08001ba2   0x0000000a   Code   RO          827    i.Encoder_GetCount  encoder.o
    0x08001bac   0x08001bac   0x00000006   Code   RO          829    i.Encoder_GetSpeed_RPM  encoder.o
    0x08001bb2   0x08001bb2   0x00000006   Code   RO          830    i.Encoder_GetSpeed_RPS  encoder.o
    0x08001bb8   0x08001bb8   0x00000018   Code   RO          831    i.Encoder_GetTotalCount  encoder.o
    0x08001bd0   0x08001bd0   0x00000020   Code   RO          832    i.Encoder_Init      encoder.o
    0x08001bf0   0x08001bf0   0x00000018   Code   RO          834    i.Encoder_Start     encoder.o
    0x08001c08   0x08001c08   0x00000048   Code   RO          836    i.Encoder_UpdateSpeed  encoder.o
    0x08001c50   0x08001c50   0x00000008   Code   RO          837    i.Encoder_ZPulse_Callback  encoder.o
    0x08001c58   0x08001c58   0x00000004   Code   RO           13    i.Error_Handler     main.o
    0x08001c5c   0x08001c5c   0x0000001c   Code   RO         5782    i.ExitRun0Mode      system_stm32h7xx.o
    0x08001c78   0x08001c78   0x00000064   Code   RO          911    i.FOC_CalCurrentLoop  foc.o
    0x08001cdc   0x08001cdc   0x00000018   Code   RO          912    i.FOC_CalVelocityLoop  foc.o
    0x08001cf4   0x08001cf4   0x000000ac   Code   RO          916    i.FOC_Init          foc.o
    0x08001da0   0x08001da0   0x00000012   Code   RO          919    i.FOC_UpdateAngle   foc.o
    0x08001db2   0x08001db2   0x00000002   PAD
    0x08001db4   0x08001db4   0x00000074   Code   RO          920    i.FOC_UpdateCurrents  foc.o
    0x08001e28   0x08001e28   0x00000030   Code   RO         2631    i.HAL_ADCEx_DisableInjectedQueue  stm32h7xx_hal_adc_ex.o
    0x08001e58   0x08001e58   0x00000002   Code   RO         2634    i.HAL_ADCEx_EndOfSamplingCallback  stm32h7xx_hal_adc_ex.o
    0x08001e5a   0x08001e5a   0x00000002   PAD
    0x08001e5c   0x08001e5c   0x000005cc   Code   RO         2636    i.HAL_ADCEx_InjectedConfigChannel  stm32h7xx_hal_adc_ex.o
    0x08002428   0x08002428   0x00000002   Code   RO         2637    i.HAL_ADCEx_InjectedConvCpltCallback  stm32h7xx_hal_adc_ex.o
    0x0800242a   0x0800242a   0x00000002   Code   RO         2640    i.HAL_ADCEx_InjectedQueueOverflowCallback  stm32h7xx_hal_adc_ex.o
    0x0800242c   0x0800242c   0x00000002   Code   RO         2645    i.HAL_ADCEx_LevelOutOfWindow2Callback  stm32h7xx_hal_adc_ex.o
    0x0800242e   0x0800242e   0x00000002   Code   RO         2646    i.HAL_ADCEx_LevelOutOfWindow3Callback  stm32h7xx_hal_adc_ex.o
    0x08002430   0x08002430   0x00000128   Code   RO         2650    i.HAL_ADCEx_MultiModeConfigChannel  stm32h7xx_hal_adc_ex.o
    0x08002558   0x08002558   0x00000420   Code   RO         2421    i.HAL_ADC_ConfigChannel  stm32h7xx_hal_adc.o
    0x08002978   0x08002978   0x00000040   Code   RO          652    i.HAL_ADC_ConvCpltCallback  stm32h7xx_it.o
    0x080029b8   0x080029b8   0x00000002   Code   RO         2425    i.HAL_ADC_ErrorCallback  stm32h7xx_hal_adc.o
    0x080029ba   0x080029ba   0x00000002   PAD
    0x080029bc   0x080029bc   0x00000290   Code   RO         2429    i.HAL_ADC_IRQHandler  stm32h7xx_hal_adc.o
    0x08002c4c   0x08002c4c   0x00000228   Code   RO         2430    i.HAL_ADC_Init      stm32h7xx_hal_adc.o
    0x08002e74   0x08002e74   0x00000002   Code   RO         2431    i.HAL_ADC_LevelOutOfWindowCallback  stm32h7xx_hal_adc.o
    0x08002e76   0x08002e76   0x00000002   PAD
    0x08002e78   0x08002e78   0x00000148   Code   RO          416    i.HAL_ADC_MspInit   adc.o
    0x08002fc0   0x08002fc0   0x000006e8   Code   RO         3484    i.HAL_DMA_IRQHandler  stm32h7xx_hal_dma.o
    0x080036a8   0x080036a8   0x000003c4   Code   RO         3485    i.HAL_DMA_Init      stm32h7xx_hal_dma.o
    0x08003a6c   0x08003a6c   0x00000010   Code   RO          654    i.HAL_GPIO_EXTI_Callback  stm32h7xx_it.o
    0x08003a7c   0x08003a7c   0x00000018   Code   RO         3326    i.HAL_GPIO_EXTI_IRQHandler  stm32h7xx_hal_gpio.o
    0x08003a94   0x08003a94   0x0000022c   Code   RO         3327    i.HAL_GPIO_Init     stm32h7xx_hal_gpio.o
    0x08003cc0   0x08003cc0   0x00000010   Code   RO         3330    i.HAL_GPIO_TogglePin  stm32h7xx_hal_gpio.o
    0x08003cd0   0x08003cd0   0x0000000a   Code   RO         3331    i.HAL_GPIO_WritePin  stm32h7xx_hal_gpio.o
    0x08003cda   0x08003cda   0x00000002   PAD
    0x08003cdc   0x08003cdc   0x0000000c   Code   RO         4352    i.HAL_GetREVID      stm32h7xx_hal.o
    0x08003ce8   0x08003ce8   0x0000000c   Code   RO         4353    i.HAL_GetTick       stm32h7xx_hal.o
    0x08003cf4   0x08003cf4   0x00000010   Code   RO         4359    i.HAL_IncTick       stm32h7xx_hal.o
    0x08003d04   0x08003d04   0x0000005c   Code   RO         4360    i.HAL_Init          stm32h7xx_hal.o
    0x08003d60   0x08003d60   0x0000008c   Code   RO          788    i.HAL_InitTick      stm32h7xx_hal_timebase_tim.o
    0x08003dec   0x08003dec   0x0000005c   Code   RO         4182    i.HAL_MPU_ConfigRegion  stm32h7xx_hal_cortex.o
    0x08003e48   0x08003e48   0x0000001c   Code   RO         4183    i.HAL_MPU_Disable   stm32h7xx_hal_cortex.o
    0x08003e64   0x08003e64   0x00000024   Code   RO         4185    i.HAL_MPU_Enable    stm32h7xx_hal_cortex.o
    0x08003e88   0x08003e88   0x00000024   Code   RO          764    i.HAL_MspInit       stm32h7xx_hal_msp.o
    0x08003eac   0x08003eac   0x0000001a   Code   RO         4189    i.HAL_NVIC_EnableIRQ  stm32h7xx_hal_cortex.o
    0x08003ec6   0x08003ec6   0x00000002   PAD
    0x08003ec8   0x08003ec8   0x00000040   Code   RO         4195    i.HAL_NVIC_SetPriority  stm32h7xx_hal_cortex.o
    0x08003f08   0x08003f08   0x00000024   Code   RO         4196    i.HAL_NVIC_SetPriorityGrouping  stm32h7xx_hal_cortex.o
    0x08003f2c   0x08003f2c   0x00000054   Code   RO         3928    i.HAL_PWREx_ConfigSupply  stm32h7xx_hal_pwr_ex.o
    0x08003f80   0x08003f80   0x00000024   Code   RO         2970    i.HAL_RCCEx_GetD3PCLK1Freq  stm32h7xx_hal_rcc_ex.o
    0x08003fa4   0x08003fa4   0x00000148   Code   RO         2971    i.HAL_RCCEx_GetPLL1ClockFreq  stm32h7xx_hal_rcc_ex.o
    0x080040ec   0x080040ec   0x00000144   Code   RO         2972    i.HAL_RCCEx_GetPLL2ClockFreq  stm32h7xx_hal_rcc_ex.o
    0x08004230   0x08004230   0x00000144   Code   RO         2973    i.HAL_RCCEx_GetPLL3ClockFreq  stm32h7xx_hal_rcc_ex.o
    0x08004374   0x08004374   0x000002c8   Code   RO         2975    i.HAL_RCCEx_GetPeriphCLKFreq  stm32h7xx_hal_rcc_ex.o
    0x0800463c   0x0800463c   0x000009ac   Code   RO         2979    i.HAL_RCCEx_PeriphCLKConfig  stm32h7xx_hal_rcc_ex.o
    0x08004fe8   0x08004fe8   0x0000025c   Code   RO         2855    i.HAL_RCC_ClockConfig  stm32h7xx_hal_rcc.o
    0x08005244   0x08005244   0x0000005c   Code   RO         2859    i.HAL_RCC_GetClockConfig  stm32h7xx_hal_rcc.o
    0x080052a0   0x080052a0   0x00000044   Code   RO         2860    i.HAL_RCC_GetHCLKFreq  stm32h7xx_hal_rcc.o
    0x080052e4   0x080052e4   0x00000024   Code   RO         2862    i.HAL_RCC_GetPCLK1Freq  stm32h7xx_hal_rcc.o
    0x08005308   0x08005308   0x00000024   Code   RO         2863    i.HAL_RCC_GetPCLK2Freq  stm32h7xx_hal_rcc.o
    0x0800532c   0x0800532c   0x00000138   Code   RO         2864    i.HAL_RCC_GetSysClockFreq  stm32h7xx_hal_rcc.o
    0x08005464   0x08005464   0x00000582   Code   RO         2867    i.HAL_RCC_OscConfig  stm32h7xx_hal_rcc.o
    0x080059e6   0x080059e6   0x00000002   Code   RO         2122    i.HAL_TIMEx_Break2Callback  stm32h7xx_hal_tim_ex.o
    0x080059e8   0x080059e8   0x00000002   Code   RO         2123    i.HAL_TIMEx_BreakCallback  stm32h7xx_hal_tim_ex.o
    0x080059ea   0x080059ea   0x00000002   Code   RO         2124    i.HAL_TIMEx_CommutCallback  stm32h7xx_hal_tim_ex.o
    0x080059ec   0x080059ec   0x000000a0   Code   RO         2126    i.HAL_TIMEx_ConfigBreakDeadTime  stm32h7xx_hal_tim_ex.o
    0x08005a8c   0x08005a8c   0x000000a4   Code   RO         2144    i.HAL_TIMEx_MasterConfigSynchronization  stm32h7xx_hal_tim_ex.o
    0x08005b30   0x08005b30   0x000000cc   Code   RO         2155    i.HAL_TIMEx_PWMN_Start  stm32h7xx_hal_tim_ex.o
    0x08005bfc   0x08005bfc   0x00000062   Code   RO         1408    i.HAL_TIM_Base_Init  stm32h7xx_hal_tim.o
    0x08005c5e   0x08005c5e   0x00000002   PAD
    0x08005c60   0x08005c60   0x00000058   Code   RO          509    i.HAL_TIM_Base_MspInit  tim.o
    0x08005cb8   0x08005cb8   0x0000008c   Code   RO         1413    i.HAL_TIM_Base_Start_IT  stm32h7xx_hal_tim.o
    0x08005d44   0x08005d44   0x000000fc   Code   RO         1417    i.HAL_TIM_ConfigClockSource  stm32h7xx_hal_tim.o
    0x08005e40   0x08005e40   0x000000bc   Code   RO         1429    i.HAL_TIM_Encoder_Init  stm32h7xx_hal_tim.o
    0x08005efc   0x08005efc   0x00000002   Code   RO         1431    i.HAL_TIM_Encoder_MspInit  stm32h7xx_hal_tim.o
    0x08005efe   0x08005efe   0x0000008e   Code   RO         1432    i.HAL_TIM_Encoder_Start  stm32h7xx_hal_tim.o
    0x08005f8c   0x08005f8c   0x00000002   Code   RO         1442    i.HAL_TIM_IC_CaptureCallback  stm32h7xx_hal_tim.o
    0x08005f8e   0x08005f8e   0x00000122   Code   RO         1444    i.HAL_TIM_IC_ConfigChannel  stm32h7xx_hal_tim.o
    0x080060b0   0x080060b0   0x00000062   Code   RO         1447    i.HAL_TIM_IC_Init   stm32h7xx_hal_tim.o
    0x08006112   0x08006112   0x00000002   PAD
    0x08006114   0x08006114   0x00000074   Code   RO          511    i.HAL_TIM_IC_MspInit  tim.o
    0x08006188   0x08006188   0x00000148   Code   RO         1456    i.HAL_TIM_IRQHandler  stm32h7xx_hal_tim.o
    0x080062d0   0x080062d0   0x000000dc   Code   RO          512    i.HAL_TIM_MspPostInit  tim.o
    0x080063ac   0x080063ac   0x0000006e   Code   RO         1457    i.HAL_TIM_OC_ConfigChannel  stm32h7xx_hal_tim.o
    0x0800641a   0x0800641a   0x00000002   Code   RO         1459    i.HAL_TIM_OC_DelayElapsedCallback  stm32h7xx_hal_tim.o
    0x0800641c   0x0800641c   0x00000062   Code   RO         1461    i.HAL_TIM_OC_Init   stm32h7xx_hal_tim.o
    0x0800647e   0x0800647e   0x00000002   Code   RO         1463    i.HAL_TIM_OC_MspInit  stm32h7xx_hal_tim.o
    0x08006480   0x08006480   0x00000110   Code   RO         1464    i.HAL_TIM_OC_Start  stm32h7xx_hal_tim.o
    0x08006590   0x08006590   0x00000124   Code   RO         1480    i.HAL_TIM_PWM_ConfigChannel  stm32h7xx_hal_tim.o
    0x080066b4   0x080066b4   0x00000062   Code   RO         1483    i.HAL_TIM_PWM_Init  stm32h7xx_hal_tim.o
    0x08006716   0x08006716   0x00000002   PAD
    0x08006718   0x08006718   0x00000040   Code   RO          514    i.HAL_TIM_PWM_MspInit  tim.o
    0x08006758   0x08006758   0x00000002   Code   RO         1486    i.HAL_TIM_PWM_PulseFinishedCallback  stm32h7xx_hal_tim.o
    0x0800675a   0x0800675a   0x00000002   PAD
    0x0800675c   0x0800675c   0x00000110   Code   RO         1488    i.HAL_TIM_PWM_Start  stm32h7xx_hal_tim.o
    0x0800686c   0x0800686c   0x000000bc   Code   RO           14    i.HAL_TIM_PeriodElapsedCallback  main.o
    0x08006928   0x08006928   0x00000002   Code   RO         1499    i.HAL_TIM_TriggerCallback  stm32h7xx_hal_tim.o
    0x0800692a   0x0800692a   0x00000040   Code   RO         5664    i.HAL_UARTEx_DisableFifoMode  stm32h7xx_hal_uart_ex.o
    0x0800696a   0x0800696a   0x0000004c   Code   RO         5673    i.HAL_UARTEx_SetRxFifoThreshold  stm32h7xx_hal_uart_ex.o
    0x080069b6   0x080069b6   0x0000004c   Code   RO         5674    i.HAL_UARTEx_SetTxFifoThreshold  stm32h7xx_hal_uart_ex.o
    0x08006a02   0x08006a02   0x0000006a   Code   RO         5273    i.HAL_UART_Init     stm32h7xx_hal_uart.o
    0x08006a6c   0x08006a6c   0x00000088   Code   RO          605    i.HAL_UART_MspInit  usart.o
    0x08006af4   0x08006af4   0x000000b0   Code   RO         5282    i.HAL_UART_Transmit  stm32h7xx_hal_uart.o
    0x08006ba4   0x08006ba4   0x00000040   Code   RO          655    i.HardFault_Handler  stm32h7xx_it.o
    0x08006be4   0x08006be4   0x0000000c   Code   RO         2658    i.LL_ADC_GetOffsetChannel  stm32h7xx_hal_adc_ex.o
    0x08006bf0   0x08006bf0   0x00000008   Code   RO         2442    i.LL_ADC_INJ_IsConversionOngoing  stm32h7xx_hal_adc.o
    0x08006bf8   0x08006bf8   0x00000008   Code   RO         2659    i.LL_ADC_INJ_IsConversionOngoing  stm32h7xx_hal_adc_ex.o
    0x08006c00   0x08006c00   0x00000008   Code   RO         2443    i.LL_ADC_REG_IsConversionOngoing  stm32h7xx_hal_adc.o
    0x08006c08   0x08006c08   0x00000008   Code   RO         2660    i.LL_ADC_REG_IsConversionOngoing  stm32h7xx_hal_adc_ex.o
    0x08006c10   0x08006c10   0x00000010   Code   RO         2444    i.LL_ADC_REG_IsTriggerSourceSWStart  stm32h7xx_hal_adc.o
    0x08006c20   0x08006c20   0x00000016   Code   RO         2662    i.LL_ADC_SetOffset  stm32h7xx_hal_adc_ex.o
    0x08006c36   0x08006c36   0x00000002   PAD
    0x08006c38   0x08006c38   0x0000013c   Code   RO          417    i.MX_ADC1_Init      adc.o
    0x08006d74   0x08006d74   0x0000007c   Code   RO          418    i.MX_ADC2_Init      adc.o
    0x08006df0   0x08006df0   0x0000002c   Code   RO          466    i.MX_DMA_Init       dma.o
    0x08006e1c   0x08006e1c   0x00000120   Code   RO          348    i.MX_GPIO_Init      gpio.o
    0x08006f3c   0x08006f3c   0x00000068   Code   RO          515    i.MX_TIM15_Init     tim.o
    0x08006fa4   0x08006fa4   0x00000100   Code   RO          516    i.MX_TIM1_Init      tim.o
    0x080070a4   0x080070a4   0x000000a8   Code   RO          517    i.MX_TIM3_Init      tim.o
    0x0800714c   0x0800714c   0x00000048   Code   RO          518    i.MX_TIM7_Init      tim.o
    0x08007194   0x08007194   0x000000cc   Code   RO          519    i.MX_TIM8_Init      tim.o
    0x08007260   0x08007260   0x00000068   Code   RO          606    i.MX_UART4_Init     usart.o
    0x080072c8   0x080072c8   0x00000002   Code   RO          656    i.MemManage_Handler  stm32h7xx_it.o
    0x080072ca   0x080072ca   0x00000002   Code   RO          657    i.NMI_Handler       stm32h7xx_it.o
    0x080072cc   0x080072cc   0x000000c4   Code   RO           15    i.OpenLoop_PrintSpeed  main.o
    0x08007390   0x08007390   0x0000011c   Code   RO           16    i.OpenLoop_SpeedTest  main.o
    0x080074ac   0x080074ac   0x00000078   Code   RO          922    i.PID_Cal           foc.o
    0x08007524   0x08007524   0x00000020   Code   RO          923    i.PID_Init          foc.o
    0x08007544   0x08007544   0x00000018   Code   RO          924    i.PID_Reset         foc.o
    0x0800755c   0x0800755c   0x00000044   Code   RO         1299    i.PWM_Init          pwm_driver.o
    0x080075a0   0x080075a0   0x00000036   Code   RO         1300    i.PWM_SetDutyCycle  pwm_driver.o
    0x080075d6   0x080075d6   0x00000002   PAD
    0x080075d8   0x080075d8   0x00000120   Code   RO         2982    i.RCCEx_PLL2_Config  stm32h7xx_hal_rcc_ex.o
    0x080076f8   0x080076f8   0x00000120   Code   RO         2983    i.RCCEx_PLL3_Config  stm32h7xx_hal_rcc_ex.o
    0x08007818   0x08007818   0x00000144   Code   RO          926    i.SVPWM_Calculate   foc.o
    0x0800795c   0x0800795c   0x000000f4   Code   RO          927    i.SVPWM_GetDutyCycles  foc.o
    0x08007a50   0x08007a50   0x0000001a   Code   RO         6935    i.SysTick_Handler   cmsis_os2.o
    0x08007a6a   0x08007a6a   0x00000002   PAD
    0x08007a6c   0x08007a6c   0x000000a8   Code   RO           17    i.SystemClock_Config  main.o
    0x08007b14   0x08007b14   0x000000f8   Code   RO         5784    i.SystemInit        system_stm32h7xx.o
    0x08007c0c   0x08007c0c   0x0000000c   Code   RO          658    i.TIM3_IRQHandler   stm32h7xx_it.o
    0x08007c18   0x08007c18   0x0000000c   Code   RO          659    i.TIM6_DAC_IRQHandler  stm32h7xx_it.o
    0x08007c24   0x08007c24   0x0000000c   Code   RO          660    i.TIM7_IRQHandler   stm32h7xx_it.o
    0x08007c30   0x08007c30   0x000000cc   Code   RO         1501    i.TIM_Base_SetConfig  stm32h7xx_hal_tim.o
    0x08007cfc   0x08007cfc   0x0000001a   Code   RO         1502    i.TIM_CCxChannelCmd  stm32h7xx_hal_tim.o
    0x08007d16   0x08007d16   0x0000001a   Code   RO         2165    i.TIM_CCxNChannelCmd  stm32h7xx_hal_tim_ex.o
    0x08007d30   0x08007d30   0x00000012   Code   RO         1512    i.TIM_ETR_SetConfig  stm32h7xx_hal_tim.o
    0x08007d42   0x08007d42   0x00000002   PAD
    0x08007d44   0x08007d44   0x00000014   Code   RO         1513    i.TIM_ITRx_SetConfig  stm32h7xx_hal_tim.o
    0x08007d58   0x08007d58   0x000000a4   Code   RO         1514    i.TIM_OC1_SetConfig  stm32h7xx_hal_tim.o
    0x08007dfc   0x08007dfc   0x00000098   Code   RO         1515    i.TIM_OC2_SetConfig  stm32h7xx_hal_tim.o
    0x08007e94   0x08007e94   0x00000098   Code   RO         1516    i.TIM_OC3_SetConfig  stm32h7xx_hal_tim.o
    0x08007f2c   0x08007f2c   0x00000078   Code   RO         1517    i.TIM_OC4_SetConfig  stm32h7xx_hal_tim.o
    0x08007fa4   0x08007fa4   0x00000074   Code   RO         1518    i.TIM_OC5_SetConfig  stm32h7xx_hal_tim.o
    0x08008018   0x08008018   0x00000074   Code   RO         1519    i.TIM_OC6_SetConfig  stm32h7xx_hal_tim.o
    0x0800808c   0x0800808c   0x00000022   Code   RO         1521    i.TIM_TI1_ConfigInputStage  stm32h7xx_hal_tim.o
    0x080080ae   0x080080ae   0x00000002   PAD
    0x080080b0   0x080080b0   0x00000080   Code   RO         1522    i.TIM_TI1_SetConfig  stm32h7xx_hal_tim.o
    0x08008130   0x08008130   0x00000024   Code   RO         1523    i.TIM_TI2_ConfigInputStage  stm32h7xx_hal_tim.o
    0x08008154   0x08008154   0x00000036   Code   RO         1524    i.TIM_TI2_SetConfig  stm32h7xx_hal_tim.o
    0x0800818a   0x0800818a   0x00000002   PAD
    0x0800818c   0x0800818c   0x00000044   Code   RO         5678    i.UARTEx_SetNbDataToProcess  stm32h7xx_hal_uart_ex.o
    0x080081d0   0x080081d0   0x000000c8   Code   RO         5287    i.UART_AdvFeatureConfig  stm32h7xx_hal_uart.o
    0x08008298   0x08008298   0x000000aa   Code   RO         5288    i.UART_CheckIdleState  stm32h7xx_hal_uart.o
    0x08008342   0x08008342   0x00000002   PAD
    0x08008344   0x08008344   0x00000054   Code   RO         5299    i.UART_EndRxTransfer  stm32h7xx_hal_uart.o
    0x08008398   0x08008398   0x000003ac   Code   RO         5305    i.UART_SetConfig    stm32h7xx_hal_uart.o
    0x08008744   0x08008744   0x00000094   Code   RO         5312    i.UART_WaitOnFlagUntilTimeout  stm32h7xx_hal_uart.o
    0x080087d8   0x080087d8   0x00000002   Code   RO          661    i.UsageFault_Handler  stm32h7xx_it.o
    0x080087da   0x080087da   0x00000030   Code   RO         7883    i.__ARM_fpclassify  m_wv.l(fpclassify.o)
    0x0800880a   0x0800880a   0x00000022   Code   RO         4202    i.__NVIC_SetPriority  stm32h7xx_hal_cortex.o
    0x0800882c   0x0800882c   0x000000b0   Code   RO         7761    i.__hardfp_fmodf    m_wv.l(fmodf.o)
    0x080088dc   0x080088dc   0x0000003a   Code   RO         7773    i.__hardfp_sqrtf    m_wv.l(sqrtf.o)
    0x08008916   0x08008916   0x00000002   PAD
    0x08008918   0x08008918   0x00000010   Code   RO         7807    i.__mathlib_flt_invalid  m_wv.l(funder.o)
    0x08008928   0x08008928   0x00000020   Code   RO          928    i._constrainFloat   foc.o
    0x08008948   0x08008948   0x00000010   Code   RO          929    i._electricalAngle  foc.o
    0x08008958   0x08008958   0x0000000e   Code   RO         7729    i._is_digit         c_w.l(__printf_wp.o)
    0x08008966   0x08008966   0x00000002   PAD
    0x08008968   0x08008968   0x0000002c   Code   RO          930    i._normalizeAngle   foc.o
    0x08008994   0x08008994   0x00000168   Code   RO           18    i.main              main.o
    0x08008afc   0x08008afc   0x00000020   Code   RO         6402    i.prvResetNextTaskUnblockTime  tasks.o
    0x08008b1c   0x08008b1c   0x00000026   Code   RO         5953    i.uxListRemove      list.o
    0x08008b42   0x08008b42   0x00000018   Code   RO         5957    i.vListInsertEnd    list.o
    0x08008b5a   0x08008b5a   0x00000002   PAD
    0x08008b5c   0x08008b5c   0x00000064   Code   RO         6435    i.vTaskSwitchContext  tasks.o
    0x08008bc0   0x08008bc0   0x0000002c   Code   RO         7512    i.xPortSysTickHandler  port.o
    0x08008bec   0x08008bec   0x0000001c   Code   RO         6443    i.xTaskGetSchedulerState  tasks.o
    0x08008c08   0x08008c08   0x000000c8   Code   RO         6446    i.xTaskIncrementTick  tasks.o
    0x08008cd0   0x08008cd0   0x0000002c   Code   RO         7877    locale$$code        c_w.l(lc_numeric_c.o)
    0x08008cfc   0x08008cfc   0x0000008c   Code   RO         7879    x$fpl$fnaninf       fz_wv.l(fnaninf.o)
    0x08008d88   0x08008d88   0x0000000a   Code   RO         7959    x$fpl$fpinit        fz_wv.l(fpinit.o)
    0x08008d92   0x08008d92   0x00000002   PAD
    0x08008d94   0x08008d94   0x000000f4   Code   RO         7801    x$fpl$frem          fz_wv.l(frem_clz.o)
    0x08008e88   0x08008e88   0x00000004   Code   RO         7759    x$fpl$printf1       fz_wv.l(printf1.o)
    0x08008e8c   0x08008e8c   0x00000000   Code   RO         7803    x$fpl$usenofp       fz_wv.l(usenofp.o)
    0x08008e8c   0x08008e8c   0x00000008   Data   RO         3491    .constdata          stm32h7xx_hal_dma.o
    0x08008e94   0x08008e94   0x00000018   Data   RO         5313    .constdata          stm32h7xx_hal_uart.o
    0x08008eac   0x08008eac   0x00000010   Data   RO         5679    .constdata          stm32h7xx_hal_uart_ex.o
    0x08008ebc   0x08008ebc   0x00000010   Data   RO         5785    .constdata          system_stm32h7xx.o
    0x08008ecc   0x08008ecc   0x00000094   Data   RO         7852    .constdata          c_w.l(bigflt0.o)
    0x08008f60   0x08008f60   0x0000004f   Data   RO           24    .conststring        main.o
    0x08008faf   0x08008faf   0x00000001   PAD
    0x08008fb0   0x08008fb0   0x00000804   Data   RO         7702    .rodata.sinTable_f32  arm_cortexM7lfdp_math.lib(arm_common_tables.o)
    0x080097b4   0x080097b4   0x00000020   Data   RO         8030    Region$$Table       anon$$obj.o
    0x080097d4   0x080097d4   0x0000001c   Data   RO         7876    locale$$data        c_w.l(lc_numeric_c.o)


    Execution Region RW_IRAM1 (Exec base: 0x20000000, Load base: 0x080097f0, Size: 0x00000000, Max: 0x00020000, ABSOLUTE)

    **** No section assigned to this execution region ****


    Execution Region RW_IRAM2 (Exec base: 0x24000000, Load base: 0x080097f0, Size: 0x00001068, Max: 0x00080000, ABSOLUTE)

    Exec Addr    Load Addr    Size         Type   Attr      Idx    E Section Name        Object

    0x24000000   0x080097f0   0x00000014   Data   RW           25    .data               main.o
    0x24000014   0x08009804   0x00000004   Data   RW          420    .data               adc.o
    0x24000018   0x08009808   0x0000000c   Data   RW         4382    .data               stm32h7xx_hal.o
    0x24000024   0x08009814   0x00000008   Data   RW         5786    .data               system_stm32h7xx.o
    0x2400002c   0x0800981c   0x0000003c   Data   RW         6455    .data               tasks.o
    0x24000068        -       0x000000f0   Zero   RW           19    .bss                main.o
    0x24000158        -       0x00000020   Zero   RW           21    .bss                main.o
    0x24000178        -       0x00000030   Zero   RW           23    .bss                main.o
    0x240001a8        -       0x00000140   Zero   RW          419    .bss                adc.o
    0x240002e8        -       0x0000017c   Zero   RW          520    .bss                tim.o
    0x24000464        -       0x00000094   Zero   RW          607    .bss                usart.o
    0x240004f8        -       0x0000004c   Zero   RW          791    .bss                stm32h7xx_hal_timebase_tim.o
    0x24000544        -       0x000004c4   Zero   RW         6454    .bss                tasks.o
    0x24000a08        -       0x00000060   Zero   RW         7886    .bss                c_w.l(libspace.o)
    0x24000a68        -       0x00000200   Zero   RW            2    HEAP                startup_stm32h750xx.o
    0x24000c68        -       0x00000400   Zero   RW            1    STACK               startup_stm32h750xx.o


==============================================================================

Image component sizes


      Code (inc. data)   RO Data    RW Data    ZI Data      Debug   Object Name

       768         70          0          4        320       3266   adc.o
        26          0          0          0          0        626   cmsis_os2.o
       260         24          0          0          0       3185   current_sense.o
        44          4          0          0          0        902   dma.o
       182         14          0          0          0       4892   encoder.o
         0          0          0          0          0      15344   event_groups.o
      1266         90          0          0          0       9769   foc.o
       288         16          0          0          0       1203   gpio.o
        62          0          0          0          0       1820   list.o
      1200        174         79         20        320    1358430   main.o
       234         22          0          0          0       3674   port.o
       122          4          0          0          0       1582   pwm_driver.o
        72         30        664          0       1536        848   startup_stm32h750xx.o
       132         32          0         12          0      22169   stm32h7xx_hal.o
      2564        220          0          0          0      71536   stm32h7xx_hal_adc.o
      1888        158          0          0          0      72011   stm32h7xx_hal_adc_ex.o
       316         28          0          0          0      41112   stm32h7xx_hal_cortex.o
      3268        110          8          0          0       7856   stm32h7xx_hal_dma.o
       606         50          0          0          0       3612   stm32h7xx_hal_gpio.o
        36          4          0          0          0        954   stm32h7xx_hal_msp.o
        84          6          0          0          0        793   stm32h7xx_hal_pwr_ex.o
      2558        110          0          0          0       7913   stm32h7xx_hal_rcc.o
      4776        174          0          0          0      10603   stm32h7xx_hal_rcc_ex.o
      4030        350          0          0          0      27579   stm32h7xx_hal_tim.o
       560         72          0          0          0       5663   stm32h7xx_hal_tim_ex.o
       140         20          0          0         76       1611   stm32h7xx_hal_timebase_tim.o
      1824        112         24          0          0      26886   stm32h7xx_hal_uart.o
       284          6         16          0          0       3837   stm32h7xx_hal_uart_ex.o
       242         60          0          0          0       8092   stm32h7xx_it.o
       276         48         16          8          0       2021   system_stm32h7xx.o
       360         30          0         60       1220      10633   tasks.o
      1292        108          0          0        380       6957   tim.o
       240         24          0          0        148       1936   usart.o

    ----------------------------------------------------------------------
     30040       2170        840        104       4000    1739315   Object Totals
         0          0         32          0          0          0   (incl. Generated)
        40          0          1          0          0          0   (incl. Padding)

    ----------------------------------------------------------------------

      Code (inc. data)   RO Data    RW Data    ZI Data      Debug   Library Member Name

         0          0       2052          0          0       6294   arm_common_tables.o
       244         16          0          0          0       1532   arm_sin_cos_f32.o
         8          0          0          0          0         68   __main.o
       284          0          0          0          0        156   __printf_wp.o
         0          0          0          0          0          0   __rtentry.o
        12          0          0          0          0          0   __rtentry2.o
         6          0          0          0          0          0   __rtentry4.o
        52          8          0          0          0          0   __scatter.o
        26          0          0          0          0          0   __scatter_copy.o
        28          0          0          0          0          0   __scatter_zi.o
        48          6          0          0          0         96   _printf_char_common.o
         6          0          0          0          0          0   _printf_f.o
      1054          0          0          0          0        216   _printf_fp_dec.o
       128         16          0          0          0         84   _printf_fp_infnan.o
         0          0          0          0          0          0   _printf_percent.o
         4          0          0          0          0          0   _printf_percent_end.o
        22          0          0          0          0        100   _rserrno.o
        10          0          0          0          0         68   _sputc.o
       228          4        148          0          0         96   bigflt0.o
      1936        128          0          0          0        672   btod.o
        18          0          0          0          0         80   exit.o
         6          0          0          0          0        152   heapauxi.o
         0          0          0          0          0          0   indicate_semi.o
        44         10         28          0          0         76   lc_numeric_c.o
         2          0          0          0          0          0   libinit.o
        22          0          0          0          0          0   libinit2.o
         2          0          0          0          0          0   libshutdown.o
         2          0          0          0          0          0   libshutdown2.o
         8          4          0          0         96         68   libspace.o
       138          0          0          0          0         80   lludiv10.o
       238          0          0          0          0        100   lludivv7m.o
        40          6          0          0          0         84   noretval__2sprintf.o
         8          4          0          0          0         68   rt_errno_addr_intlibspace.o
         8          4          0          0          0         68   rt_locale_intlibspace.o
        78          0          0          0          0         80   rt_memclr_w.o
       100          0          0          0          0         80   rt_memcpy_w.o
         2          0          0          0          0          0   rtexit.o
        10          0          0          0          0          0   rtexit2.o
       104          0          0          0          0         68   strcmpv7m_pel.o
        62          0          0          0          0         76   strlen.o
        12          4          0          0          0         68   sys_exit.o
        74          0          0          0          0         80   sys_stackheap_outer.o
         2          0          0          0          0         68   use_no_semi.o
       140          4          0          0          0        132   fnaninf.o
        10          0          0          0          0        116   fpinit.o
       244          8          0          0          0        132   frem_clz.o
         4          0          0          0          0        116   printf1.o
         0          0          0          0          0          0   usenofp.o
       176          0          0          0          0        168   fmodf.o
        48          0          0          0          0        124   fpclassify.o
        16          6          0          0          0        116   funder.o
        58          0          0          0          0        136   sqrtf.o

    ----------------------------------------------------------------------
      5788        228       2228          0         96      11718   Library Totals
        16          0          0          0          0          0   (incl. Padding)

    ----------------------------------------------------------------------

      Code (inc. data)   RO Data    RW Data    ZI Data      Debug   Library Name

       244         16       2052          0          0       7826   arm_cortexM7lfdp_math.lib
      4832        194        176          0         96       2852   c_w.l
       398         12          0          0          0        496   fz_wv.l
       298          6          0          0          0        544   m_wv.l

    ----------------------------------------------------------------------
      5788        228       2228          0         96      11718   Library Totals

    ----------------------------------------------------------------------

==============================================================================


      Code (inc. data)   RO Data    RW Data    ZI Data      Debug   

     35828       2398       3068        104       4096    1732073   Grand Totals
     35828       2398       3068        104       4096    1732073   ELF Image Totals
     35828       2398       3068        104          0          0   ROM Totals

==============================================================================

    Total RO  Size (Code + RO Data)                38896 (  37.98kB)
    Total RW  Size (RW Data + ZI Data)              4200 (   4.10kB)
    Total ROM Size (Code + RO Data + RW Data)      39000 (  38.09kB)

==============================================================================

